// Validating benchmarks:
// ***** BenchmarkRunner: Start   *****
// ***** Found 8 benchmark(s) in total *****
// ***** Building 1 exe(s) in Parallel: Start   *****
// start dotnet  restore --nodeReuse:false /p:UseSharedCompilation=false /p:Deterministic=true /p:Optimize=true /p:ArtifactsPath="D:\Simulation Resources\Marwan-Haitham2142023-Assignment-4\AcademyScheduleAnalyzer\AcademyScheduleAnalyzer\bin\Release\net10.0\AcademyScheduleAnalyzer-Job-XSOJOD-1/" /p:OutDir="D:\Simulation Resources\Marwan-Haitham2142023-Assignment-4\AcademyScheduleAnalyzer\AcademyScheduleAnalyzer\bin\Release\net10.0\AcademyScheduleAnalyzer-Job-XSOJOD-1\bin\Release\net10.0/" /p:OutputPath="D:\Simulation Resources\Marwan-Haitham2142023-Assignment-4\AcademyScheduleAnalyzer\AcademyScheduleAnalyzer\bin\Release\net10.0\AcademyScheduleAnalyzer-Job-XSOJOD-1\bin\Release\net10.0/" /p:PublishDir="D:\Simulation Resources\Marwan-Haitham2142023-Assignment-4\AcademyScheduleAnalyzer\AcademyScheduleAnalyzer\bin\Release\net10.0\AcademyScheduleAnalyzer-Job-XSOJOD-1\publish/" in D:\Simulation Resources\Marwan-Haitham2142023-Assignment-4\AcademyScheduleAnalyzer\AcademyScheduleAnalyzer\bin\Release\net10.0\AcademyScheduleAnalyzer-Job-XSOJOD-1
// command took 0.66 sec and exited with 0
// start dotnet  build -c Release --no-restore --nodeReuse:false /p:UseSharedCompilation=false /p:Deterministic=true /p:Optimize=true /p:ArtifactsPath="D:\Simulation Resources\Marwan-Haitham2142023-Assignment-4\AcademyScheduleAnalyzer\AcademyScheduleAnalyzer\bin\Release\net10.0\AcademyScheduleAnalyzer-Job-XSOJOD-1/" /p:OutDir="D:\Simulation Resources\Marwan-Haitham2142023-Assignment-4\AcademyScheduleAnalyzer\AcademyScheduleAnalyzer\bin\Release\net10.0\AcademyScheduleAnalyzer-Job-XSOJOD-1\bin\Release\net10.0/" /p:OutputPath="D:\Simulation Resources\Marwan-Haitham2142023-Assignment-4\AcademyScheduleAnalyzer\AcademyScheduleAnalyzer\bin\Release\net10.0\AcademyScheduleAnalyzer-Job-XSOJOD-1\bin\Release\net10.0/" /p:PublishDir="D:\Simulation Resources\Marwan-Haitham2142023-Assignment-4\AcademyScheduleAnalyzer\AcademyScheduleAnalyzer\bin\Release\net10.0\AcademyScheduleAnalyzer-Job-XSOJOD-1\publish/" --output "D:\Simulation Resources\Marwan-Haitham2142023-Assignment-4\AcademyScheduleAnalyzer\AcademyScheduleAnalyzer\bin\Release\net10.0\AcademyScheduleAnalyzer-Job-XSOJOD-1\bin\Release\net10.0/" in D:\Simulation Resources\Marwan-Haitham2142023-Assignment-4\AcademyScheduleAnalyzer\AcademyScheduleAnalyzer\bin\Release\net10.0\AcademyScheduleAnalyzer-Job-XSOJOD-1
// command took 3.08 sec and exited with 0
// ***** Done, took 00:00:03 (3.79 sec)   *****
// Found 8 benchmarks:
//   StringBenchmarks.'String Concatenation': Job-XSOJOD(InvocationCount=5, UnrollFactor=1, WarmupCount=3) [Iterations=100]
//   StringBenchmarks.StringBuilder: Job-XSOJOD(InvocationCount=5, UnrollFactor=1, WarmupCount=3) [Iterations=100]
//   StringBenchmarks.'String Concatenation': Job-XSOJOD(InvocationCount=5, UnrollFactor=1, WarmupCount=3) [Iterations=1000]
//   StringBenchmarks.StringBuilder: Job-XSOJOD(InvocationCount=5, UnrollFactor=1, WarmupCount=3) [Iterations=1000]
//   StringBenchmarks.'String Concatenation': Job-XSOJOD(InvocationCount=5, UnrollFactor=1, WarmupCount=3) [Iterations=10000]
//   StringBenchmarks.StringBuilder: Job-XSOJOD(InvocationCount=5, UnrollFactor=1, WarmupCount=3) [Iterations=10000]
//   StringBenchmarks.'String Concatenation': Job-XSOJOD(InvocationCount=5, UnrollFactor=1, WarmupCount=3) [Iterations=100000]
//   StringBenchmarks.StringBuilder: Job-XSOJOD(InvocationCount=5, UnrollFactor=1, WarmupCount=3) [Iterations=100000]

Setup power plan (GUID: 8c5e7fda-e8bf-4a96-9a85-a6e23a8c635c FriendlyName: High performance)
// **************************
// Benchmark: StringBenchmarks.'String Concatenation': Job-XSOJOD(InvocationCount=5, UnrollFactor=1, WarmupCount=3) [Iterations=100]
// *** Execute ***
// Launch: 1 / 1
// Execute: dotnet AcademyScheduleAnalyzer-Job-XSOJOD-1.dll --anonymousPipes 1404 1408 --benchmarkName "AcademyScheduleAnalyzer.StringBenchmarks.StringConcatenation(Iterations: 100)" --job "InvocationCount=5, UnrollFactor=1, WarmupCount=3" --benchmarkId 0 in D:\Simulation Resources\Marwan-Haitham2142023-Assignment-4\AcademyScheduleAnalyzer\AcademyScheduleAnalyzer\bin\Release\net10.0\AcademyScheduleAnalyzer-Job-XSOJOD-1\bin\Release\net10.0
// BeforeAnythingElse

// Benchmark Process Environment Information:
// BenchmarkDotNet v0.15.8
// Runtime=.NET 10.0.12 (10.0.12, 10.0.1226.42308), X64 RyuJIT x86-64-v3
// GC=Non-concurrent Workstation
// HardwareIntrinsics=AVX2+BMI1+BMI2+F16C+FMA+LZCNT+MOVBE,AVX,SSE3+SSSE3+SSE4.1+SSE4.2+POPCNT,X86Base+SSE+SSE2,AES+PCLMUL,AvxVnni,SERIALIZE VectorSize=256
// Job: Job-XSOJOD(InvocationCount=5, UnrollFactor=1, WarmupCount=3)

OverheadJitting  1: 1 op, 146000.00 ns, 146.0000 us/op
WorkloadJitting  1: 1 op, 303500.00 ns, 303.5000 us/op

OverheadWarmup   1: 5 op, 400.00 ns, 80.0000 ns/op
OverheadWarmup   2: 5 op, 200.00 ns, 40.0000 ns/op
OverheadWarmup   3: 5 op, 200.00 ns, 40.0000 ns/op
OverheadWarmup   4: 5 op, 300.00 ns, 60.0000 ns/op
OverheadWarmup   5: 5 op, 100.00 ns, 20.0000 ns/op
OverheadWarmup   6: 5 op, 100.00 ns, 20.0000 ns/op

OverheadActual   1: 5 op, 200.00 ns, 40.0000 ns/op
OverheadActual   2: 5 op, 200.00 ns, 40.0000 ns/op
OverheadActual   3: 5 op, 200.00 ns, 40.0000 ns/op
OverheadActual   4: 5 op, 200.00 ns, 40.0000 ns/op
OverheadActual   5: 5 op, 300.00 ns, 60.0000 ns/op
OverheadActual   6: 5 op, 200.00 ns, 40.0000 ns/op
OverheadActual   7: 5 op, 200.00 ns, 40.0000 ns/op
OverheadActual   8: 5 op, 100.00 ns, 20.0000 ns/op
OverheadActual   9: 5 op, 200.00 ns, 40.0000 ns/op
OverheadActual  10: 5 op, 200.00 ns, 40.0000 ns/op
OverheadActual  11: 5 op, 100.00 ns, 20.0000 ns/op
OverheadActual  12: 5 op, 200.00 ns, 40.0000 ns/op
OverheadActual  13: 5 op, 200.00 ns, 40.0000 ns/op
OverheadActual  14: 5 op, 200.00 ns, 40.0000 ns/op
OverheadActual  15: 5 op, 200.00 ns, 40.0000 ns/op
OverheadActual  16: 5 op, 200.00 ns, 40.0000 ns/op
OverheadActual  17: 5 op, 200.00 ns, 40.0000 ns/op
OverheadActual  18: 5 op, 200.00 ns, 40.0000 ns/op
OverheadActual  19: 5 op, 200.00 ns, 40.0000 ns/op
OverheadActual  20: 5 op, 200.00 ns, 40.0000 ns/op

WorkloadWarmup   1: 5 op, 822500.00 ns, 164.5000 us/op
WorkloadWarmup   2: 5 op, 169300.00 ns, 33.8600 us/op
WorkloadWarmup   3: 5 op, 104400.00 ns, 20.8800 us/op

// BeforeActualRun
WorkloadActual   1: 5 op, 1079100.00 ns, 215.8200 us/op
WorkloadActual   2: 5 op, 193000.00 ns, 38.6000 us/op
WorkloadActual   3: 5 op, 220800.00 ns, 44.1600 us/op
WorkloadActual   4: 5 op, 152700.00 ns, 30.5400 us/op
WorkloadActual   5: 5 op, 179300.00 ns, 35.8600 us/op
WorkloadActual   6: 5 op, 152700.00 ns, 30.5400 us/op
WorkloadActual   7: 5 op, 153300.00 ns, 30.6600 us/op
WorkloadActual   8: 5 op, 151400.00 ns, 30.2800 us/op
WorkloadActual   9: 5 op, 176200.00 ns, 35.2400 us/op
WorkloadActual  10: 5 op, 147800.00 ns, 29.5600 us/op
WorkloadActual  11: 5 op, 91100.00 ns, 18.2200 us/op
WorkloadActual  12: 5 op, 144700.00 ns, 28.9400 us/op
WorkloadActual  13: 5 op, 167800.00 ns, 33.5600 us/op
WorkloadActual  14: 5 op, 111100.00 ns, 22.2200 us/op
WorkloadActual  15: 5 op, 154900.00 ns, 30.9800 us/op
WorkloadActual  16: 5 op, 185000.00 ns, 37.0000 us/op
WorkloadActual  17: 5 op, 148100.00 ns, 29.6200 us/op
WorkloadActual  18: 5 op, 93700.00 ns, 18.7400 us/op
WorkloadActual  19: 5 op, 169500.00 ns, 33.9000 us/op
WorkloadActual  20: 5 op, 92900.00 ns, 18.5800 us/op
WorkloadActual  21: 5 op, 224700.00 ns, 44.9400 us/op
WorkloadActual  22: 5 op, 245600.00 ns, 49.1200 us/op
WorkloadActual  23: 5 op, 212300.00 ns, 42.4600 us/op
WorkloadActual  24: 5 op, 223100.00 ns, 44.6200 us/op
WorkloadActual  25: 5 op, 165500.00 ns, 33.1000 us/op
WorkloadActual  26: 5 op, 138400.00 ns, 27.6800 us/op
WorkloadActual  27: 5 op, 177500.00 ns, 35.5000 us/op
WorkloadActual  28: 5 op, 167400.00 ns, 33.4800 us/op
WorkloadActual  29: 5 op, 154000.00 ns, 30.8000 us/op
WorkloadActual  30: 5 op, 187300.00 ns, 37.4600 us/op
WorkloadActual  31: 5 op, 193600.00 ns, 38.7200 us/op
WorkloadActual  32: 5 op, 181900.00 ns, 36.3800 us/op
WorkloadActual  33: 5 op, 201600.00 ns, 40.3200 us/op
WorkloadActual  34: 5 op, 165700.00 ns, 33.1400 us/op
WorkloadActual  35: 5 op, 117700.00 ns, 23.5400 us/op
WorkloadActual  36: 5 op, 148200.00 ns, 29.6400 us/op
WorkloadActual  37: 5 op, 98200.00 ns, 19.6400 us/op
WorkloadActual  38: 5 op, 170900.00 ns, 34.1800 us/op
WorkloadActual  39: 5 op, 184000.00 ns, 36.8000 us/op
WorkloadActual  40: 5 op, 146400.00 ns, 29.2800 us/op
WorkloadActual  41: 5 op, 131400.00 ns, 26.2800 us/op
WorkloadActual  42: 5 op, 104100.00 ns, 20.8200 us/op
WorkloadActual  43: 5 op, 155600.00 ns, 31.1200 us/op
WorkloadActual  44: 5 op, 181900.00 ns, 36.3800 us/op
WorkloadActual  45: 5 op, 194100.00 ns, 38.8200 us/op
WorkloadActual  46: 5 op, 161500.00 ns, 32.3000 us/op
WorkloadActual  47: 5 op, 179300.00 ns, 35.8600 us/op
WorkloadActual  48: 5 op, 235900.00 ns, 47.1800 us/op
WorkloadActual  49: 5 op, 231900.00 ns, 46.3800 us/op
WorkloadActual  50: 5 op, 125000.00 ns, 25.0000 us/op
WorkloadActual  51: 5 op, 211500.00 ns, 42.3000 us/op
WorkloadActual  52: 5 op, 160900.00 ns, 32.1800 us/op
WorkloadActual  53: 5 op, 208000.00 ns, 41.6000 us/op
WorkloadActual  54: 5 op, 150600.00 ns, 30.1200 us/op
WorkloadActual  55: 5 op, 169900.00 ns, 33.9800 us/op
WorkloadActual  56: 5 op, 110800.00 ns, 22.1600 us/op
WorkloadActual  57: 5 op, 202100.00 ns, 40.4200 us/op
WorkloadActual  58: 5 op, 262100.00 ns, 52.4200 us/op
WorkloadActual  59: 5 op, 167000.00 ns, 33.4000 us/op
WorkloadActual  60: 5 op, 180500.00 ns, 36.1000 us/op
WorkloadActual  61: 5 op, 196400.00 ns, 39.2800 us/op
WorkloadActual  62: 5 op, 160000.00 ns, 32.0000 us/op
WorkloadActual  63: 5 op, 174800.00 ns, 34.9600 us/op
WorkloadActual  64: 5 op, 156800.00 ns, 31.3600 us/op
WorkloadActual  65: 5 op, 186700.00 ns, 37.3400 us/op
WorkloadActual  66: 5 op, 149000.00 ns, 29.8000 us/op
WorkloadActual  67: 5 op, 191000.00 ns, 38.2000 us/op
WorkloadActual  68: 5 op, 192900.00 ns, 38.5800 us/op
WorkloadActual  69: 5 op, 163000.00 ns, 32.6000 us/op
WorkloadActual  70: 5 op, 187200.00 ns, 37.4400 us/op
WorkloadActual  71: 5 op, 114600.00 ns, 22.9200 us/op
WorkloadActual  72: 5 op, 183100.00 ns, 36.6200 us/op
WorkloadActual  73: 5 op, 132800.00 ns, 26.5600 us/op
WorkloadActual  74: 5 op, 169800.00 ns, 33.9600 us/op
WorkloadActual  75: 5 op, 171400.00 ns, 34.2800 us/op
WorkloadActual  76: 5 op, 190700.00 ns, 38.1400 us/op
WorkloadActual  77: 5 op, 176200.00 ns, 35.2400 us/op
WorkloadActual  78: 5 op, 136500.00 ns, 27.3000 us/op
WorkloadActual  79: 5 op, 199100.00 ns, 39.8200 us/op
WorkloadActual  80: 5 op, 134300.00 ns, 26.8600 us/op
WorkloadActual  81: 5 op, 161700.00 ns, 32.3400 us/op
WorkloadActual  82: 5 op, 156400.00 ns, 31.2800 us/op
WorkloadActual  83: 5 op, 156100.00 ns, 31.2200 us/op
WorkloadActual  84: 5 op, 175700.00 ns, 35.1400 us/op
WorkloadActual  85: 5 op, 126300.00 ns, 25.2600 us/op
WorkloadActual  86: 5 op, 156300.00 ns, 31.2600 us/op
WorkloadActual  87: 5 op, 256900.00 ns, 51.3800 us/op
WorkloadActual  88: 5 op, 166300.00 ns, 33.2600 us/op
WorkloadActual  89: 5 op, 158100.00 ns, 31.6200 us/op
WorkloadActual  90: 5 op, 162700.00 ns, 32.5400 us/op
WorkloadActual  91: 5 op, 158400.00 ns, 31.6800 us/op
WorkloadActual  92: 5 op, 155000.00 ns, 31.0000 us/op
WorkloadActual  93: 5 op, 184800.00 ns, 36.9600 us/op
WorkloadActual  94: 5 op, 171500.00 ns, 34.3000 us/op
WorkloadActual  95: 5 op, 153900.00 ns, 30.7800 us/op
WorkloadActual  96: 5 op, 108200.00 ns, 21.6400 us/op
WorkloadActual  97: 5 op, 171400.00 ns, 34.2800 us/op
WorkloadActual  98: 5 op, 188600.00 ns, 37.7200 us/op
WorkloadActual  99: 5 op, 170800.00 ns, 34.1600 us/op
WorkloadActual  100: 5 op, 168900.00 ns, 33.7800 us/op

// AfterActualRun
WorkloadResult   1: 5 op, 192800.00 ns, 38.5600 us/op
WorkloadResult   2: 5 op, 220600.00 ns, 44.1200 us/op
WorkloadResult   3: 5 op, 152500.00 ns, 30.5000 us/op
WorkloadResult   4: 5 op, 179100.00 ns, 35.8200 us/op
WorkloadResult   5: 5 op, 152500.00 ns, 30.5000 us/op
WorkloadResult   6: 5 op, 153100.00 ns, 30.6200 us/op
WorkloadResult   7: 5 op, 151200.00 ns, 30.2400 us/op
WorkloadResult   8: 5 op, 176000.00 ns, 35.2000 us/op
WorkloadResult   9: 5 op, 147600.00 ns, 29.5200 us/op
WorkloadResult  10: 5 op, 90900.00 ns, 18.1800 us/op
WorkloadResult  11: 5 op, 144500.00 ns, 28.9000 us/op
WorkloadResult  12: 5 op, 167600.00 ns, 33.5200 us/op
WorkloadResult  13: 5 op, 110900.00 ns, 22.1800 us/op
WorkloadResult  14: 5 op, 154700.00 ns, 30.9400 us/op
WorkloadResult  15: 5 op, 184800.00 ns, 36.9600 us/op
WorkloadResult  16: 5 op, 147900.00 ns, 29.5800 us/op
WorkloadResult  17: 5 op, 93500.00 ns, 18.7000 us/op
WorkloadResult  18: 5 op, 169300.00 ns, 33.8600 us/op
WorkloadResult  19: 5 op, 92700.00 ns, 18.5400 us/op
WorkloadResult  20: 5 op, 224500.00 ns, 44.9000 us/op
WorkloadResult  21: 5 op, 212100.00 ns, 42.4200 us/op
WorkloadResult  22: 5 op, 222900.00 ns, 44.5800 us/op
WorkloadResult  23: 5 op, 165300.00 ns, 33.0600 us/op
WorkloadResult  24: 5 op, 138200.00 ns, 27.6400 us/op
WorkloadResult  25: 5 op, 177300.00 ns, 35.4600 us/op
WorkloadResult  26: 5 op, 167200.00 ns, 33.4400 us/op
WorkloadResult  27: 5 op, 153800.00 ns, 30.7600 us/op
WorkloadResult  28: 5 op, 187100.00 ns, 37.4200 us/op
WorkloadResult  29: 5 op, 193400.00 ns, 38.6800 us/op
WorkloadResult  30: 5 op, 181700.00 ns, 36.3400 us/op
WorkloadResult  31: 5 op, 201400.00 ns, 40.2800 us/op
WorkloadResult  32: 5 op, 165500.00 ns, 33.1000 us/op
WorkloadResult  33: 5 op, 117500.00 ns, 23.5000 us/op
WorkloadResult  34: 5 op, 148000.00 ns, 29.6000 us/op
WorkloadResult  35: 5 op, 98000.00 ns, 19.6000 us/op
WorkloadResult  36: 5 op, 170700.00 ns, 34.1400 us/op
WorkloadResult  37: 5 op, 183800.00 ns, 36.7600 us/op
WorkloadResult  38: 5 op, 146200.00 ns, 29.2400 us/op
WorkloadResult  39: 5 op, 131200.00 ns, 26.2400 us/op
WorkloadResult  40: 5 op, 103900.00 ns, 20.7800 us/op
WorkloadResult  41: 5 op, 155400.00 ns, 31.0800 us/op
WorkloadResult  42: 5 op, 181700.00 ns, 36.3400 us/op
WorkloadResult  43: 5 op, 193900.00 ns, 38.7800 us/op
WorkloadResult  44: 5 op, 161300.00 ns, 32.2600 us/op
WorkloadResult  45: 5 op, 179100.00 ns, 35.8200 us/op
WorkloadResult  46: 5 op, 235700.00 ns, 47.1400 us/op
WorkloadResult  47: 5 op, 231700.00 ns, 46.3400 us/op
WorkloadResult  48: 5 op, 124800.00 ns, 24.9600 us/op
WorkloadResult  49: 5 op, 211300.00 ns, 42.2600 us/op
WorkloadResult  50: 5 op, 160700.00 ns, 32.1400 us/op
WorkloadResult  51: 5 op, 207800.00 ns, 41.5600 us/op
WorkloadResult  52: 5 op, 150400.00 ns, 30.0800 us/op
WorkloadResult  53: 5 op, 169700.00 ns, 33.9400 us/op
WorkloadResult  54: 5 op, 110600.00 ns, 22.1200 us/op
WorkloadResult  55: 5 op, 201900.00 ns, 40.3800 us/op
WorkloadResult  56: 5 op, 166800.00 ns, 33.3600 us/op
WorkloadResult  57: 5 op, 180300.00 ns, 36.0600 us/op
WorkloadResult  58: 5 op, 196200.00 ns, 39.2400 us/op
WorkloadResult  59: 5 op, 159800.00 ns, 31.9600 us/op
WorkloadResult  60: 5 op, 174600.00 ns, 34.9200 us/op
WorkloadResult  61: 5 op, 156600.00 ns, 31.3200 us/op
WorkloadResult  62: 5 op, 186500.00 ns, 37.3000 us/op
WorkloadResult  63: 5 op, 148800.00 ns, 29.7600 us/op
WorkloadResult  64: 5 op, 190800.00 ns, 38.1600 us/op
WorkloadResult  65: 5 op, 192700.00 ns, 38.5400 us/op
WorkloadResult  66: 5 op, 162800.00 ns, 32.5600 us/op
WorkloadResult  67: 5 op, 187000.00 ns, 37.4000 us/op
WorkloadResult  68: 5 op, 114400.00 ns, 22.8800 us/op
WorkloadResult  69: 5 op, 182900.00 ns, 36.5800 us/op
WorkloadResult  70: 5 op, 132600.00 ns, 26.5200 us/op
WorkloadResult  71: 5 op, 169600.00 ns, 33.9200 us/op
WorkloadResult  72: 5 op, 171200.00 ns, 34.2400 us/op
WorkloadResult  73: 5 op, 190500.00 ns, 38.1000 us/op
WorkloadResult  74: 5 op, 176000.00 ns, 35.2000 us/op
WorkloadResult  75: 5 op, 136300.00 ns, 27.2600 us/op
WorkloadResult  76: 5 op, 198900.00 ns, 39.7800 us/op
WorkloadResult  77: 5 op, 134100.00 ns, 26.8200 us/op
WorkloadResult  78: 5 op, 161500.00 ns, 32.3000 us/op
WorkloadResult  79: 5 op, 156200.00 ns, 31.2400 us/op
WorkloadResult  80: 5 op, 155900.00 ns, 31.1800 us/op
WorkloadResult  81: 5 op, 175500.00 ns, 35.1000 us/op
WorkloadResult  82: 5 op, 126100.00 ns, 25.2200 us/op
WorkloadResult  83: 5 op, 156100.00 ns, 31.2200 us/op
WorkloadResult  84: 5 op, 166100.00 ns, 33.2200 us/op
WorkloadResult  85: 5 op, 157900.00 ns, 31.5800 us/op
WorkloadResult  86: 5 op, 162500.00 ns, 32.5000 us/op
WorkloadResult  87: 5 op, 158200.00 ns, 31.6400 us/op
WorkloadResult  88: 5 op, 154800.00 ns, 30.9600 us/op
WorkloadResult  89: 5 op, 184600.00 ns, 36.9200 us/op
WorkloadResult  90: 5 op, 171300.00 ns, 34.2600 us/op
WorkloadResult  91: 5 op, 153700.00 ns, 30.7400 us/op
WorkloadResult  92: 5 op, 108000.00 ns, 21.6000 us/op
WorkloadResult  93: 5 op, 171200.00 ns, 34.2400 us/op
WorkloadResult  94: 5 op, 188400.00 ns, 37.6800 us/op
WorkloadResult  95: 5 op, 170600.00 ns, 34.1200 us/op
WorkloadResult  96: 5 op, 168700.00 ns, 33.7400 us/op
// GC:  0 0 0 2486400 5
// Threading:  0 0 5

// AfterAll
// Benchmark Process 10028 has exited with code 0.

Mean = 32.926 μs, StdErr = 0.628 μs (1.91%), N = 96, StdDev = 6.158 μs
Min = 18.180 μs, Q1 = 30.200 μs, Median = 33.290 μs, Q3 = 36.800 μs, Max = 47.140 μs
IQR = 6.600 μs, LowerFence = 20.300 μs, UpperFence = 46.700 μs
ConfidenceInterval = [30.792 μs; 35.060 μs] (CI 99.9%), Margin = 2.134 μs (6.48% of Mean)
Skewness = -0.27, Kurtosis = 3.11, MValue = 3.04

// ** Remained 7 (87.5%) benchmark(s) to run. Estimated finish 2026-09-20 18:43 (0h 0m from now) **
Setup power plan (GUID: 8c5e7fda-e8bf-4a96-9a85-a6e23a8c635c FriendlyName: High performance)
// **************************
// Benchmark: StringBenchmarks.StringBuilder: Job-XSOJOD(InvocationCount=5, UnrollFactor=1, WarmupCount=3) [Iterations=100]
// *** Execute ***
// Launch: 1 / 1
// Execute: dotnet AcademyScheduleAnalyzer-Job-XSOJOD-1.dll --anonymousPipes 1484 1480 --benchmarkName "AcademyScheduleAnalyzer.StringBenchmarks.StringBuilderConcatenation(Iterations: 100)" --job "InvocationCount=5, UnrollFactor=1, WarmupCount=3" --benchmarkId 1 in D:\Simulation Resources\Marwan-Haitham2142023-Assignment-4\AcademyScheduleAnalyzer\AcademyScheduleAnalyzer\bin\Release\net10.0\AcademyScheduleAnalyzer-Job-XSOJOD-1\bin\Release\net10.0
// BeforeAnythingElse

// Benchmark Process Environment Information:
// BenchmarkDotNet v0.15.8
// Runtime=.NET 10.0.12 (10.0.12, 10.0.1226.42308), X64 RyuJIT x86-64-v3
// GC=Non-concurrent Workstation
// HardwareIntrinsics=AVX2+BMI1+BMI2+F16C+FMA+LZCNT+MOVBE,AVX,SSE3+SSSE3+SSE4.1+SSE4.2+POPCNT,X86Base+SSE+SSE2,AES+PCLMUL,AvxVnni,SERIALIZE VectorSize=256
// Job: Job-XSOJOD(InvocationCount=5, UnrollFactor=1, WarmupCount=3)

OverheadJitting  1: 1 op, 138500.00 ns, 138.5000 us/op
WorkloadJitting  1: 1 op, 337100.00 ns, 337.1000 us/op

OverheadWarmup   1: 5 op, 100.00 ns, 20.0000 ns/op
OverheadWarmup   2: 5 op, 200.00 ns, 40.0000 ns/op
OverheadWarmup   3: 5 op, 100.00 ns, 20.0000 ns/op
OverheadWarmup   4: 5 op, 200.00 ns, 40.0000 ns/op
OverheadWarmup   5: 5 op, 200.00 ns, 40.0000 ns/op

OverheadActual   1: 5 op, 200.00 ns, 40.0000 ns/op
OverheadActual   2: 5 op, 200.00 ns, 40.0000 ns/op
OverheadActual   3: 5 op, 100.00 ns, 20.0000 ns/op
OverheadActual   4: 5 op, 200.00 ns, 40.0000 ns/op
OverheadActual   5: 5 op, 400.00 ns, 80.0000 ns/op
OverheadActual   6: 5 op, 600.00 ns, 120.0000 ns/op
OverheadActual   7: 5 op, 200.00 ns, 40.0000 ns/op
OverheadActual   8: 5 op, 200.00 ns, 40.0000 ns/op
OverheadActual   9: 5 op, 200.00 ns, 40.0000 ns/op
OverheadActual  10: 5 op, 200.00 ns, 40.0000 ns/op
OverheadActual  11: 5 op, 200.00 ns, 40.0000 ns/op
OverheadActual  12: 5 op, 200.00 ns, 40.0000 ns/op
OverheadActual  13: 5 op, 200.00 ns, 40.0000 ns/op
OverheadActual  14: 5 op, 200.00 ns, 40.0000 ns/op
OverheadActual  15: 5 op, 200.00 ns, 40.0000 ns/op
OverheadActual  16: 5 op, 200.00 ns, 40.0000 ns/op
OverheadActual  17: 5 op, 200.00 ns, 40.0000 ns/op
OverheadActual  18: 5 op, 200.00 ns, 40.0000 ns/op
OverheadActual  19: 5 op, 300.00 ns, 60.0000 ns/op
OverheadActual  20: 5 op, 300.00 ns, 60.0000 ns/op

WorkloadWarmup   1: 5 op, 40200.00 ns, 8.0400 us/op
WorkloadWarmup   2: 5 op, 15600.00 ns, 3.1200 us/op
WorkloadWarmup   3: 5 op, 10700.00 ns, 2.1400 us/op

// BeforeActualRun
WorkloadActual   1: 5 op, 84400.00 ns, 16.8800 us/op
WorkloadActual   2: 5 op, 18600.00 ns, 3.7200 us/op
WorkloadActual   3: 5 op, 28000.00 ns, 5.6000 us/op
WorkloadActual   4: 5 op, 14500.00 ns, 2.9000 us/op
WorkloadActual   5: 5 op, 14400.00 ns, 2.8800 us/op
WorkloadActual   6: 5 op, 19300.00 ns, 3.8600 us/op
WorkloadActual   7: 5 op, 12400.00 ns, 2.4800 us/op
WorkloadActual   8: 5 op, 17800.00 ns, 3.5600 us/op
WorkloadActual   9: 5 op, 16500.00 ns, 3.3000 us/op
WorkloadActual  10: 5 op, 9300.00 ns, 1.8600 us/op
WorkloadActual  11: 5 op, 9900.00 ns, 1.9800 us/op
WorkloadActual  12: 5 op, 37700.00 ns, 7.5400 us/op
WorkloadActual  13: 5 op, 10200.00 ns, 2.0400 us/op
WorkloadActual  14: 5 op, 15500.00 ns, 3.1000 us/op
WorkloadActual  15: 5 op, 15700.00 ns, 3.1400 us/op
WorkloadActual  16: 5 op, 13600.00 ns, 2.7200 us/op
WorkloadActual  17: 5 op, 15300.00 ns, 3.0600 us/op
WorkloadActual  18: 5 op, 15000.00 ns, 3.0000 us/op
WorkloadActual  19: 5 op, 14600.00 ns, 2.9200 us/op
WorkloadActual  20: 5 op, 22000.00 ns, 4.4000 us/op
WorkloadActual  21: 5 op, 21500.00 ns, 4.3000 us/op
WorkloadActual  22: 5 op, 86900.00 ns, 17.3800 us/op
WorkloadActual  23: 5 op, 66500.00 ns, 13.3000 us/op
WorkloadActual  24: 5 op, 69200.00 ns, 13.8400 us/op
WorkloadActual  25: 5 op, 64700.00 ns, 12.9400 us/op
WorkloadActual  26: 5 op, 118300.00 ns, 23.6600 us/op
WorkloadActual  27: 5 op, 55200.00 ns, 11.0400 us/op
WorkloadActual  28: 5 op, 90400.00 ns, 18.0800 us/op
WorkloadActual  29: 5 op, 79400.00 ns, 15.8800 us/op
WorkloadActual  30: 5 op, 75400.00 ns, 15.0800 us/op
WorkloadActual  31: 5 op, 76600.00 ns, 15.3200 us/op
WorkloadActual  32: 5 op, 88800.00 ns, 17.7600 us/op
WorkloadActual  33: 5 op, 68300.00 ns, 13.6600 us/op
WorkloadActual  34: 5 op, 62400.00 ns, 12.4800 us/op
WorkloadActual  35: 5 op, 83100.00 ns, 16.6200 us/op
WorkloadActual  36: 5 op, 130500.00 ns, 26.1000 us/op
WorkloadActual  37: 5 op, 65100.00 ns, 13.0200 us/op
WorkloadActual  38: 5 op, 64900.00 ns, 12.9800 us/op
WorkloadActual  39: 5 op, 16600.00 ns, 3.3200 us/op
WorkloadActual  40: 5 op, 21100.00 ns, 4.2200 us/op
WorkloadActual  41: 5 op, 20600.00 ns, 4.1200 us/op
WorkloadActual  42: 5 op, 71500.00 ns, 14.3000 us/op
WorkloadActual  43: 5 op, 106700.00 ns, 21.3400 us/op
WorkloadActual  44: 5 op, 88400.00 ns, 17.6800 us/op
WorkloadActual  45: 5 op, 52500.00 ns, 10.5000 us/op
WorkloadActual  46: 5 op, 62700.00 ns, 12.5400 us/op
WorkloadActual  47: 5 op, 82100.00 ns, 16.4200 us/op
WorkloadActual  48: 5 op, 57100.00 ns, 11.4200 us/op
WorkloadActual  49: 5 op, 83700.00 ns, 16.7400 us/op
WorkloadActual  50: 5 op, 76500.00 ns, 15.3000 us/op
WorkloadActual  51: 5 op, 90300.00 ns, 18.0600 us/op
WorkloadActual  52: 5 op, 77800.00 ns, 15.5600 us/op
WorkloadActual  53: 5 op, 74600.00 ns, 14.9200 us/op
WorkloadActual  54: 5 op, 89400.00 ns, 17.8800 us/op
WorkloadActual  55: 5 op, 83400.00 ns, 16.6800 us/op
WorkloadActual  56: 5 op, 58700.00 ns, 11.7400 us/op
WorkloadActual  57: 5 op, 75200.00 ns, 15.0400 us/op
WorkloadActual  58: 5 op, 81900.00 ns, 16.3800 us/op
WorkloadActual  59: 5 op, 78600.00 ns, 15.7200 us/op
WorkloadActual  60: 5 op, 76500.00 ns, 15.3000 us/op
WorkloadActual  61: 5 op, 74900.00 ns, 14.9800 us/op
WorkloadActual  62: 5 op, 58700.00 ns, 11.7400 us/op
WorkloadActual  63: 5 op, 76800.00 ns, 15.3600 us/op
WorkloadActual  64: 5 op, 53000.00 ns, 10.6000 us/op
WorkloadActual  65: 5 op, 48600.00 ns, 9.7200 us/op
WorkloadActual  66: 5 op, 79400.00 ns, 15.8800 us/op
WorkloadActual  67: 5 op, 79300.00 ns, 15.8600 us/op
WorkloadActual  68: 5 op, 80400.00 ns, 16.0800 us/op
WorkloadActual  69: 5 op, 52000.00 ns, 10.4000 us/op
WorkloadActual  70: 5 op, 72200.00 ns, 14.4400 us/op
WorkloadActual  71: 5 op, 77900.00 ns, 15.5800 us/op
WorkloadActual  72: 5 op, 75600.00 ns, 15.1200 us/op
WorkloadActual  73: 5 op, 119300.00 ns, 23.8600 us/op
WorkloadActual  74: 5 op, 44900.00 ns, 8.9800 us/op
WorkloadActual  75: 5 op, 45300.00 ns, 9.0600 us/op
WorkloadActual  76: 5 op, 77800.00 ns, 15.5600 us/op
WorkloadActual  77: 5 op, 55200.00 ns, 11.0400 us/op
WorkloadActual  78: 5 op, 80800.00 ns, 16.1600 us/op
WorkloadActual  79: 5 op, 81300.00 ns, 16.2600 us/op
WorkloadActual  80: 5 op, 84600.00 ns, 16.9200 us/op
WorkloadActual  81: 5 op, 79200.00 ns, 15.8400 us/op
WorkloadActual  82: 5 op, 74000.00 ns, 14.8000 us/op
WorkloadActual  83: 5 op, 56500.00 ns, 11.3000 us/op
WorkloadActual  84: 5 op, 83100.00 ns, 16.6200 us/op
WorkloadActual  85: 5 op, 16300.00 ns, 3.2600 us/op
WorkloadActual  86: 5 op, 22600.00 ns, 4.5200 us/op
WorkloadActual  87: 5 op, 25500.00 ns, 5.1000 us/op
WorkloadActual  88: 5 op, 25200.00 ns, 5.0400 us/op
WorkloadActual  89: 5 op, 21600.00 ns, 4.3200 us/op
WorkloadActual  90: 5 op, 19400.00 ns, 3.8800 us/op
WorkloadActual  91: 5 op, 39100.00 ns, 7.8200 us/op
WorkloadActual  92: 5 op, 27000.00 ns, 5.4000 us/op
WorkloadActual  93: 5 op, 20700.00 ns, 4.1400 us/op
WorkloadActual  94: 5 op, 20000.00 ns, 4.0000 us/op
WorkloadActual  95: 5 op, 31000.00 ns, 6.2000 us/op
WorkloadActual  96: 5 op, 18100.00 ns, 3.6200 us/op
WorkloadActual  97: 5 op, 25800.00 ns, 5.1600 us/op
WorkloadActual  98: 5 op, 16100.00 ns, 3.2200 us/op
WorkloadActual  99: 5 op, 20600.00 ns, 4.1200 us/op
WorkloadActual  100: 5 op, 23900.00 ns, 4.7800 us/op

// AfterActualRun
WorkloadResult   1: 5 op, 84200.00 ns, 16.8400 us/op
WorkloadResult   2: 5 op, 18400.00 ns, 3.6800 us/op
WorkloadResult   3: 5 op, 27800.00 ns, 5.5600 us/op
WorkloadResult   4: 5 op, 14300.00 ns, 2.8600 us/op
WorkloadResult   5: 5 op, 14200.00 ns, 2.8400 us/op
WorkloadResult   6: 5 op, 19100.00 ns, 3.8200 us/op
WorkloadResult   7: 5 op, 12200.00 ns, 2.4400 us/op
WorkloadResult   8: 5 op, 17600.00 ns, 3.5200 us/op
WorkloadResult   9: 5 op, 16300.00 ns, 3.2600 us/op
WorkloadResult  10: 5 op, 9100.00 ns, 1.8200 us/op
WorkloadResult  11: 5 op, 9700.00 ns, 1.9400 us/op
WorkloadResult  12: 5 op, 37500.00 ns, 7.5000 us/op
WorkloadResult  13: 5 op, 10000.00 ns, 2.0000 us/op
WorkloadResult  14: 5 op, 15300.00 ns, 3.0600 us/op
WorkloadResult  15: 5 op, 15500.00 ns, 3.1000 us/op
WorkloadResult  16: 5 op, 13400.00 ns, 2.6800 us/op
WorkloadResult  17: 5 op, 15100.00 ns, 3.0200 us/op
WorkloadResult  18: 5 op, 14800.00 ns, 2.9600 us/op
WorkloadResult  19: 5 op, 14400.00 ns, 2.8800 us/op
WorkloadResult  20: 5 op, 21800.00 ns, 4.3600 us/op
WorkloadResult  21: 5 op, 21300.00 ns, 4.2600 us/op
WorkloadResult  22: 5 op, 86700.00 ns, 17.3400 us/op
WorkloadResult  23: 5 op, 66300.00 ns, 13.2600 us/op
WorkloadResult  24: 5 op, 69000.00 ns, 13.8000 us/op
WorkloadResult  25: 5 op, 64500.00 ns, 12.9000 us/op
WorkloadResult  26: 5 op, 118100.00 ns, 23.6200 us/op
WorkloadResult  27: 5 op, 55000.00 ns, 11.0000 us/op
WorkloadResult  28: 5 op, 90200.00 ns, 18.0400 us/op
WorkloadResult  29: 5 op, 79200.00 ns, 15.8400 us/op
WorkloadResult  30: 5 op, 75200.00 ns, 15.0400 us/op
WorkloadResult  31: 5 op, 76400.00 ns, 15.2800 us/op
WorkloadResult  32: 5 op, 88600.00 ns, 17.7200 us/op
WorkloadResult  33: 5 op, 68100.00 ns, 13.6200 us/op
WorkloadResult  34: 5 op, 62200.00 ns, 12.4400 us/op
WorkloadResult  35: 5 op, 82900.00 ns, 16.5800 us/op
WorkloadResult  36: 5 op, 130300.00 ns, 26.0600 us/op
WorkloadResult  37: 5 op, 64900.00 ns, 12.9800 us/op
WorkloadResult  38: 5 op, 64700.00 ns, 12.9400 us/op
WorkloadResult  39: 5 op, 16400.00 ns, 3.2800 us/op
WorkloadResult  40: 5 op, 20900.00 ns, 4.1800 us/op
WorkloadResult  41: 5 op, 20400.00 ns, 4.0800 us/op
WorkloadResult  42: 5 op, 71300.00 ns, 14.2600 us/op
WorkloadResult  43: 5 op, 106500.00 ns, 21.3000 us/op
WorkloadResult  44: 5 op, 88200.00 ns, 17.6400 us/op
WorkloadResult  45: 5 op, 52300.00 ns, 10.4600 us/op
WorkloadResult  46: 5 op, 62500.00 ns, 12.5000 us/op
WorkloadResult  47: 5 op, 81900.00 ns, 16.3800 us/op
WorkloadResult  48: 5 op, 56900.00 ns, 11.3800 us/op
WorkloadResult  49: 5 op, 83500.00 ns, 16.7000 us/op
WorkloadResult  50: 5 op, 76300.00 ns, 15.2600 us/op
WorkloadResult  51: 5 op, 90100.00 ns, 18.0200 us/op
WorkloadResult  52: 5 op, 77600.00 ns, 15.5200 us/op
WorkloadResult  53: 5 op, 74400.00 ns, 14.8800 us/op
WorkloadResult  54: 5 op, 89200.00 ns, 17.8400 us/op
WorkloadResult  55: 5 op, 83200.00 ns, 16.6400 us/op
WorkloadResult  56: 5 op, 58500.00 ns, 11.7000 us/op
WorkloadResult  57: 5 op, 75000.00 ns, 15.0000 us/op
WorkloadResult  58: 5 op, 81700.00 ns, 16.3400 us/op
WorkloadResult  59: 5 op, 78400.00 ns, 15.6800 us/op
WorkloadResult  60: 5 op, 76300.00 ns, 15.2600 us/op
WorkloadResult  61: 5 op, 74700.00 ns, 14.9400 us/op
WorkloadResult  62: 5 op, 58500.00 ns, 11.7000 us/op
WorkloadResult  63: 5 op, 76600.00 ns, 15.3200 us/op
WorkloadResult  64: 5 op, 52800.00 ns, 10.5600 us/op
WorkloadResult  65: 5 op, 48400.00 ns, 9.6800 us/op
WorkloadResult  66: 5 op, 79200.00 ns, 15.8400 us/op
WorkloadResult  67: 5 op, 79100.00 ns, 15.8200 us/op
WorkloadResult  68: 5 op, 80200.00 ns, 16.0400 us/op
WorkloadResult  69: 5 op, 51800.00 ns, 10.3600 us/op
WorkloadResult  70: 5 op, 72000.00 ns, 14.4000 us/op
WorkloadResult  71: 5 op, 77700.00 ns, 15.5400 us/op
WorkloadResult  72: 5 op, 75400.00 ns, 15.0800 us/op
WorkloadResult  73: 5 op, 119100.00 ns, 23.8200 us/op
WorkloadResult  74: 5 op, 44700.00 ns, 8.9400 us/op
WorkloadResult  75: 5 op, 45100.00 ns, 9.0200 us/op
WorkloadResult  76: 5 op, 77600.00 ns, 15.5200 us/op
WorkloadResult  77: 5 op, 55000.00 ns, 11.0000 us/op
WorkloadResult  78: 5 op, 80600.00 ns, 16.1200 us/op
WorkloadResult  79: 5 op, 81100.00 ns, 16.2200 us/op
WorkloadResult  80: 5 op, 84400.00 ns, 16.8800 us/op
WorkloadResult  81: 5 op, 79000.00 ns, 15.8000 us/op
WorkloadResult  82: 5 op, 73800.00 ns, 14.7600 us/op
WorkloadResult  83: 5 op, 56300.00 ns, 11.2600 us/op
WorkloadResult  84: 5 op, 82900.00 ns, 16.5800 us/op
WorkloadResult  85: 5 op, 16100.00 ns, 3.2200 us/op
WorkloadResult  86: 5 op, 22400.00 ns, 4.4800 us/op
WorkloadResult  87: 5 op, 25300.00 ns, 5.0600 us/op
WorkloadResult  88: 5 op, 25000.00 ns, 5.0000 us/op
WorkloadResult  89: 5 op, 21400.00 ns, 4.2800 us/op
WorkloadResult  90: 5 op, 19200.00 ns, 3.8400 us/op
WorkloadResult  91: 5 op, 38900.00 ns, 7.7800 us/op
WorkloadResult  92: 5 op, 26800.00 ns, 5.3600 us/op
WorkloadResult  93: 5 op, 20500.00 ns, 4.1000 us/op
WorkloadResult  94: 5 op, 19800.00 ns, 3.9600 us/op
WorkloadResult  95: 5 op, 30800.00 ns, 6.1600 us/op
WorkloadResult  96: 5 op, 17900.00 ns, 3.5800 us/op
WorkloadResult  97: 5 op, 25600.00 ns, 5.1200 us/op
WorkloadResult  98: 5 op, 15900.00 ns, 3.1800 us/op
WorkloadResult  99: 5 op, 20400.00 ns, 4.0800 us/op
WorkloadResult  100: 5 op, 23700.00 ns, 4.7400 us/op
// GC:  0 0 0 115160 5
// Threading:  0 0 5

// AfterAll
// Benchmark Process 18336 has exited with code 0.

Mean = 10.723 μs, StdErr = 0.610 μs (5.69%), N = 100, StdDev = 6.104 μs
Min = 1.820 μs, Q1 = 4.160 μs, Median = 11.700 μs, Q3 = 15.710 μs, Max = 26.060 μs
IQR = 11.550 μs, LowerFence = -13.165 μs, UpperFence = 33.035 μs
ConfidenceInterval = [8.653 μs; 12.793 μs] (CI 99.9%), Margin = 2.070 μs (19.31% of Mean)
Skewness = 0.08, Kurtosis = 1.88, MValue = 3.84

// ** Remained 6 (75.0%) benchmark(s) to run. Estimated finish 2026-09-20 18:42 (0h 0m from now) **
Setup power plan (GUID: 8c5e7fda-e8bf-4a96-9a85-a6e23a8c635c FriendlyName: High performance)
// **************************
// Benchmark: StringBenchmarks.'String Concatenation': Job-XSOJOD(InvocationCount=5, UnrollFactor=1, WarmupCount=3) [Iterations=1000]
// *** Execute ***
// Launch: 1 / 1
// Execute: dotnet AcademyScheduleAnalyzer-Job-XSOJOD-1.dll --anonymousPipes 1508 1504 --benchmarkName "AcademyScheduleAnalyzer.StringBenchmarks.StringConcatenation(Iterations: 1000)" --job "InvocationCount=5, UnrollFactor=1, WarmupCount=3" --benchmarkId 2 in D:\Simulation Resources\Marwan-Haitham2142023-Assignment-4\AcademyScheduleAnalyzer\AcademyScheduleAnalyzer\bin\Release\net10.0\AcademyScheduleAnalyzer-Job-XSOJOD-1\bin\Release\net10.0
// BeforeAnythingElse

// Benchmark Process Environment Information:
// BenchmarkDotNet v0.15.8
// Runtime=.NET 10.0.12 (10.0.12, 10.0.1226.42308), X64 RyuJIT x86-64-v3
// GC=Non-concurrent Workstation
// HardwareIntrinsics=AVX2+BMI1+BMI2+F16C+FMA+LZCNT+MOVBE,AVX,SSE3+SSSE3+SSE4.1+SSE4.2+POPCNT,X86Base+SSE+SSE2,AES+PCLMUL,AvxVnni,SERIALIZE VectorSize=256
// Job: Job-XSOJOD(InvocationCount=5, UnrollFactor=1, WarmupCount=3)

OverheadJitting  1: 1 op, 157900.00 ns, 157.9000 us/op
WorkloadJitting  1: 1 op, 6486400.00 ns, 6.4864 ms/op

OverheadWarmup   1: 5 op, 300.00 ns, 60.0000 ns/op
OverheadWarmup   2: 5 op, 200.00 ns, 40.0000 ns/op
OverheadWarmup   3: 5 op, 200.00 ns, 40.0000 ns/op
OverheadWarmup   4: 5 op, 200.00 ns, 40.0000 ns/op
OverheadWarmup   5: 5 op, 200.00 ns, 40.0000 ns/op
OverheadWarmup   6: 5 op, 400.00 ns, 80.0000 ns/op

OverheadActual   1: 5 op, 48000.00 ns, 9.6000 us/op
OverheadActual   2: 5 op, 300.00 ns, 60.0000 ns/op
OverheadActual   3: 5 op, 400.00 ns, 80.0000 ns/op
OverheadActual   4: 5 op, 200.00 ns, 40.0000 ns/op
OverheadActual   5: 5 op, 200.00 ns, 40.0000 ns/op
OverheadActual   6: 5 op, 200.00 ns, 40.0000 ns/op
OverheadActual   7: 5 op, 200.00 ns, 40.0000 ns/op
OverheadActual   8: 5 op, 200.00 ns, 40.0000 ns/op
OverheadActual   9: 5 op, 300.00 ns, 60.0000 ns/op
OverheadActual  10: 5 op, 300.00 ns, 60.0000 ns/op
OverheadActual  11: 5 op, 200.00 ns, 40.0000 ns/op
OverheadActual  12: 5 op, 400.00 ns, 80.0000 ns/op
OverheadActual  13: 5 op, 300.00 ns, 60.0000 ns/op
OverheadActual  14: 5 op, 200.00 ns, 40.0000 ns/op
OverheadActual  15: 5 op, 200.00 ns, 40.0000 ns/op
OverheadActual  16: 5 op, 200.00 ns, 40.0000 ns/op
OverheadActual  17: 5 op, 300.00 ns, 60.0000 ns/op
OverheadActual  18: 5 op, 200.00 ns, 40.0000 ns/op
OverheadActual  19: 5 op, 200.00 ns, 40.0000 ns/op
OverheadActual  20: 5 op, 400.00 ns, 80.0000 ns/op

WorkloadWarmup   1: 5 op, 20835600.00 ns, 4.1671 ms/op
WorkloadWarmup   2: 5 op, 17228700.00 ns, 3.4457 ms/op
WorkloadWarmup   3: 5 op, 15869100.00 ns, 3.1738 ms/op

// BeforeActualRun
WorkloadActual   1: 5 op, 16550100.00 ns, 3.3100 ms/op
WorkloadActual   2: 5 op, 16317800.00 ns, 3.2636 ms/op
WorkloadActual   3: 5 op, 16921100.00 ns, 3.3842 ms/op
WorkloadActual   4: 5 op, 16995400.00 ns, 3.3991 ms/op
WorkloadActual   5: 5 op, 16125300.00 ns, 3.2251 ms/op
WorkloadActual   6: 5 op, 16424600.00 ns, 3.2849 ms/op
WorkloadActual   7: 5 op, 15456300.00 ns, 3.0913 ms/op
WorkloadActual   8: 5 op, 16371100.00 ns, 3.2742 ms/op
WorkloadActual   9: 5 op, 16265100.00 ns, 3.2530 ms/op
WorkloadActual  10: 5 op, 16802200.00 ns, 3.3604 ms/op
WorkloadActual  11: 5 op, 17056900.00 ns, 3.4114 ms/op
WorkloadActual  12: 5 op, 16494000.00 ns, 3.2988 ms/op
WorkloadActual  13: 5 op, 16133800.00 ns, 3.2268 ms/op
WorkloadActual  14: 5 op, 16536700.00 ns, 3.3073 ms/op
WorkloadActual  15: 5 op, 15590500.00 ns, 3.1181 ms/op
WorkloadActual  16: 5 op, 15225500.00 ns, 3.0451 ms/op
WorkloadActual  17: 5 op, 16080500.00 ns, 3.2161 ms/op
WorkloadActual  18: 5 op, 16347700.00 ns, 3.2695 ms/op
WorkloadActual  19: 5 op, 15772200.00 ns, 3.1544 ms/op
WorkloadActual  20: 5 op, 16468900.00 ns, 3.2938 ms/op
WorkloadActual  21: 5 op, 15880300.00 ns, 3.1761 ms/op
WorkloadActual  22: 5 op, 16493300.00 ns, 3.2987 ms/op
WorkloadActual  23: 5 op, 16511100.00 ns, 3.3022 ms/op
WorkloadActual  24: 5 op, 16692100.00 ns, 3.3384 ms/op
WorkloadActual  25: 5 op, 15980100.00 ns, 3.1960 ms/op
WorkloadActual  26: 5 op, 15862400.00 ns, 3.1725 ms/op
WorkloadActual  27: 5 op, 16874300.00 ns, 3.3749 ms/op
WorkloadActual  28: 5 op, 16940200.00 ns, 3.3880 ms/op
WorkloadActual  29: 5 op, 17239300.00 ns, 3.4479 ms/op
WorkloadActual  30: 5 op, 16696400.00 ns, 3.3393 ms/op
WorkloadActual  31: 5 op, 15505900.00 ns, 3.1012 ms/op
WorkloadActual  32: 5 op, 15494700.00 ns, 3.0989 ms/op
WorkloadActual  33: 5 op, 15901100.00 ns, 3.1802 ms/op
WorkloadActual  34: 5 op, 16032100.00 ns, 3.2064 ms/op

// AfterActualRun
WorkloadResult   1: 5 op, 16549900.00 ns, 3.3100 ms/op
WorkloadResult   2: 5 op, 16317600.00 ns, 3.2635 ms/op
WorkloadResult   3: 5 op, 16920900.00 ns, 3.3842 ms/op
WorkloadResult   4: 5 op, 16995200.00 ns, 3.3990 ms/op
WorkloadResult   5: 5 op, 16125100.00 ns, 3.2250 ms/op
WorkloadResult   6: 5 op, 16424400.00 ns, 3.2849 ms/op
WorkloadResult   7: 5 op, 15456100.00 ns, 3.0912 ms/op
WorkloadResult   8: 5 op, 16370900.00 ns, 3.2742 ms/op
WorkloadResult   9: 5 op, 16264900.00 ns, 3.2530 ms/op
WorkloadResult  10: 5 op, 16802000.00 ns, 3.3604 ms/op
WorkloadResult  11: 5 op, 17056700.00 ns, 3.4113 ms/op
WorkloadResult  12: 5 op, 16493800.00 ns, 3.2988 ms/op
WorkloadResult  13: 5 op, 16133600.00 ns, 3.2267 ms/op
WorkloadResult  14: 5 op, 16536500.00 ns, 3.3073 ms/op
WorkloadResult  15: 5 op, 15590300.00 ns, 3.1181 ms/op
WorkloadResult  16: 5 op, 15225300.00 ns, 3.0451 ms/op
WorkloadResult  17: 5 op, 16080300.00 ns, 3.2161 ms/op
WorkloadResult  18: 5 op, 16347500.00 ns, 3.2695 ms/op
WorkloadResult  19: 5 op, 15772000.00 ns, 3.1544 ms/op
WorkloadResult  20: 5 op, 16468700.00 ns, 3.2937 ms/op
WorkloadResult  21: 5 op, 15880100.00 ns, 3.1760 ms/op
WorkloadResult  22: 5 op, 16493100.00 ns, 3.2986 ms/op
WorkloadResult  23: 5 op, 16510900.00 ns, 3.3022 ms/op
WorkloadResult  24: 5 op, 16691900.00 ns, 3.3384 ms/op
WorkloadResult  25: 5 op, 15979900.00 ns, 3.1960 ms/op
WorkloadResult  26: 5 op, 15862200.00 ns, 3.1724 ms/op
WorkloadResult  27: 5 op, 16874100.00 ns, 3.3748 ms/op
WorkloadResult  28: 5 op, 16940000.00 ns, 3.3880 ms/op
WorkloadResult  29: 5 op, 17239100.00 ns, 3.4478 ms/op
WorkloadResult  30: 5 op, 16696200.00 ns, 3.3392 ms/op
WorkloadResult  31: 5 op, 15505700.00 ns, 3.1011 ms/op
WorkloadResult  32: 5 op, 15494500.00 ns, 3.0989 ms/op
WorkloadResult  33: 5 op, 15900900.00 ns, 3.1802 ms/op
WorkloadResult  34: 5 op, 16031900.00 ns, 3.2064 ms/op
// GC:  29 19 19 245375784 5
// Threading:  0 0 5

// AfterAll
// Benchmark Process 10040 has exited with code 0.

Mean = 3.259 ms, StdErr = 0.018 ms (0.54%), N = 34, StdDev = 0.102 ms
Min = 3.045 ms, Q1 = 3.184 ms, Median = 3.272 ms, Q3 = 3.331 ms, Max = 3.448 ms
IQR = 0.147 ms, LowerFence = 2.963 ms, UpperFence = 3.552 ms
ConfidenceInterval = [3.196 ms; 3.322 ms] (CI 99.9%), Margin = 0.063 ms (1.95% of Mean)
Skewness = -0.21, Kurtosis = 2.13, MValue = 2

// ** Remained 5 (62.5%) benchmark(s) to run. Estimated finish 2026-09-20 18:43 (0h 0m from now) **
Setup power plan (GUID: 8c5e7fda-e8bf-4a96-9a85-a6e23a8c635c FriendlyName: High performance)
// **************************
// Benchmark: StringBenchmarks.StringBuilder: Job-XSOJOD(InvocationCount=5, UnrollFactor=1, WarmupCount=3) [Iterations=1000]
// *** Execute ***
// Launch: 1 / 1
// Execute: dotnet AcademyScheduleAnalyzer-Job-XSOJOD-1.dll --anonymousPipes 1520 1484 --benchmarkName "AcademyScheduleAnalyzer.StringBenchmarks.StringBuilderConcatenation(Iterations: 1000)" --job "InvocationCount=5, UnrollFactor=1, WarmupCount=3" --benchmarkId 3 in D:\Simulation Resources\Marwan-Haitham2142023-Assignment-4\AcademyScheduleAnalyzer\AcademyScheduleAnalyzer\bin\Release\net10.0\AcademyScheduleAnalyzer-Job-XSOJOD-1\bin\Release\net10.0
// BeforeAnythingElse

// Benchmark Process Environment Information:
// BenchmarkDotNet v0.15.8
// Runtime=.NET 10.0.12 (10.0.12, 10.0.1226.42308), X64 RyuJIT x86-64-v3
// GC=Non-concurrent Workstation
// HardwareIntrinsics=AVX2+BMI1+BMI2+F16C+FMA+LZCNT+MOVBE,AVX,SSE3+SSSE3+SSE4.1+SSE4.2+POPCNT,X86Base+SSE+SSE2,AES+PCLMUL,AvxVnni,SERIALIZE VectorSize=256
// Job: Job-XSOJOD(InvocationCount=5, UnrollFactor=1, WarmupCount=3)

OverheadJitting  1: 1 op, 143700.00 ns, 143.7000 us/op
WorkloadJitting  1: 1 op, 337600.00 ns, 337.6000 us/op

OverheadWarmup   1: 5 op, 200.00 ns, 40.0000 ns/op
OverheadWarmup   2: 5 op, 200.00 ns, 40.0000 ns/op
OverheadWarmup   3: 5 op, 200.00 ns, 40.0000 ns/op
OverheadWarmup   4: 5 op, 200.00 ns, 40.0000 ns/op
OverheadWarmup   5: 5 op, 300.00 ns, 60.0000 ns/op

OverheadActual   1: 5 op, 200.00 ns, 40.0000 ns/op
OverheadActual   2: 5 op, 300.00 ns, 60.0000 ns/op
OverheadActual   3: 5 op, 300.00 ns, 60.0000 ns/op
OverheadActual   4: 5 op, 200.00 ns, 40.0000 ns/op
OverheadActual   5: 5 op, 200.00 ns, 40.0000 ns/op
OverheadActual   6: 5 op, 200.00 ns, 40.0000 ns/op
OverheadActual   7: 5 op, 100.00 ns, 20.0000 ns/op
OverheadActual   8: 5 op, 200.00 ns, 40.0000 ns/op
OverheadActual   9: 5 op, 100.00 ns, 20.0000 ns/op
OverheadActual  10: 5 op, 300.00 ns, 60.0000 ns/op
OverheadActual  11: 5 op, 200.00 ns, 40.0000 ns/op
OverheadActual  12: 5 op, 200.00 ns, 40.0000 ns/op
OverheadActual  13: 5 op, 200.00 ns, 40.0000 ns/op
OverheadActual  14: 5 op, 200.00 ns, 40.0000 ns/op
OverheadActual  15: 5 op, 200.00 ns, 40.0000 ns/op
OverheadActual  16: 5 op, 200.00 ns, 40.0000 ns/op
OverheadActual  17: 5 op, 200.00 ns, 40.0000 ns/op
OverheadActual  18: 5 op, 200.00 ns, 40.0000 ns/op
OverheadActual  19: 5 op, 200.00 ns, 40.0000 ns/op
OverheadActual  20: 5 op, 100.00 ns, 20.0000 ns/op

WorkloadWarmup   1: 5 op, 599300.00 ns, 119.8600 us/op
WorkloadWarmup   2: 5 op, 2067200.00 ns, 413.4400 us/op
WorkloadWarmup   3: 5 op, 239800.00 ns, 47.9600 us/op

// BeforeActualRun
WorkloadActual   1: 5 op, 420400.00 ns, 84.0800 us/op
WorkloadActual   2: 5 op, 326000.00 ns, 65.2000 us/op
WorkloadActual   3: 5 op, 385700.00 ns, 77.1400 us/op
WorkloadActual   4: 5 op, 290400.00 ns, 58.0800 us/op
WorkloadActual   5: 5 op, 327900.00 ns, 65.5800 us/op
WorkloadActual   6: 5 op, 282800.00 ns, 56.5600 us/op
WorkloadActual   7: 5 op, 305800.00 ns, 61.1600 us/op
WorkloadActual   8: 5 op, 322300.00 ns, 64.4600 us/op
WorkloadActual   9: 5 op, 312100.00 ns, 62.4200 us/op
WorkloadActual  10: 5 op, 303300.00 ns, 60.6600 us/op
WorkloadActual  11: 5 op, 248700.00 ns, 49.7400 us/op
WorkloadActual  12: 5 op, 313000.00 ns, 62.6000 us/op
WorkloadActual  13: 5 op, 281400.00 ns, 56.2800 us/op
WorkloadActual  14: 5 op, 321600.00 ns, 64.3200 us/op
WorkloadActual  15: 5 op, 184600.00 ns, 36.9200 us/op
WorkloadActual  16: 5 op, 256500.00 ns, 51.3000 us/op
WorkloadActual  17: 5 op, 278600.00 ns, 55.7200 us/op
WorkloadActual  18: 5 op, 205500.00 ns, 41.1000 us/op
WorkloadActual  19: 5 op, 281400.00 ns, 56.2800 us/op
WorkloadActual  20: 5 op, 273500.00 ns, 54.7000 us/op
WorkloadActual  21: 5 op, 192900.00 ns, 38.5800 us/op
WorkloadActual  22: 5 op, 230800.00 ns, 46.1600 us/op
WorkloadActual  23: 5 op, 316500.00 ns, 63.3000 us/op
WorkloadActual  24: 5 op, 287800.00 ns, 57.5600 us/op
WorkloadActual  25: 5 op, 265500.00 ns, 53.1000 us/op
WorkloadActual  26: 5 op, 331900.00 ns, 66.3800 us/op
WorkloadActual  27: 5 op, 252600.00 ns, 50.5200 us/op
WorkloadActual  28: 5 op, 318000.00 ns, 63.6000 us/op
WorkloadActual  29: 5 op, 248200.00 ns, 49.6400 us/op
WorkloadActual  30: 5 op, 265500.00 ns, 53.1000 us/op
WorkloadActual  31: 5 op, 352600.00 ns, 70.5200 us/op
WorkloadActual  32: 5 op, 271800.00 ns, 54.3600 us/op
WorkloadActual  33: 5 op, 213100.00 ns, 42.6200 us/op
WorkloadActual  34: 5 op, 250700.00 ns, 50.1400 us/op
WorkloadActual  35: 5 op, 231400.00 ns, 46.2800 us/op
WorkloadActual  36: 5 op, 289500.00 ns, 57.9000 us/op
WorkloadActual  37: 5 op, 305100.00 ns, 61.0200 us/op
WorkloadActual  38: 5 op, 181200.00 ns, 36.2400 us/op
WorkloadActual  39: 5 op, 204000.00 ns, 40.8000 us/op
WorkloadActual  40: 5 op, 275200.00 ns, 55.0400 us/op
WorkloadActual  41: 5 op, 181200.00 ns, 36.2400 us/op
WorkloadActual  42: 5 op, 271300.00 ns, 54.2600 us/op
WorkloadActual  43: 5 op, 315400.00 ns, 63.0800 us/op
WorkloadActual  44: 5 op, 310300.00 ns, 62.0600 us/op
WorkloadActual  45: 5 op, 230200.00 ns, 46.0400 us/op
WorkloadActual  46: 5 op, 233000.00 ns, 46.6000 us/op
WorkloadActual  47: 5 op, 248100.00 ns, 49.6200 us/op
WorkloadActual  48: 5 op, 272200.00 ns, 54.4400 us/op
WorkloadActual  49: 5 op, 277200.00 ns, 55.4400 us/op
WorkloadActual  50: 5 op, 262300.00 ns, 52.4600 us/op
WorkloadActual  51: 5 op, 309900.00 ns, 61.9800 us/op
WorkloadActual  52: 5 op, 246400.00 ns, 49.2800 us/op
WorkloadActual  53: 5 op, 296900.00 ns, 59.3800 us/op
WorkloadActual  54: 5 op, 307500.00 ns, 61.5000 us/op
WorkloadActual  55: 5 op, 259100.00 ns, 51.8200 us/op
WorkloadActual  56: 5 op, 291300.00 ns, 58.2600 us/op
WorkloadActual  57: 5 op, 274600.00 ns, 54.9200 us/op
WorkloadActual  58: 5 op, 298800.00 ns, 59.7600 us/op
WorkloadActual  59: 5 op, 272000.00 ns, 54.4000 us/op
WorkloadActual  60: 5 op, 266300.00 ns, 53.2600 us/op
WorkloadActual  61: 5 op, 277600.00 ns, 55.5200 us/op
WorkloadActual  62: 5 op, 168200.00 ns, 33.6400 us/op
WorkloadActual  63: 5 op, 264900.00 ns, 52.9800 us/op
WorkloadActual  64: 5 op, 302000.00 ns, 60.4000 us/op
WorkloadActual  65: 5 op, 266400.00 ns, 53.2800 us/op
WorkloadActual  66: 5 op, 242900.00 ns, 48.5800 us/op
WorkloadActual  67: 5 op, 271300.00 ns, 54.2600 us/op
WorkloadActual  68: 5 op, 262400.00 ns, 52.4800 us/op
WorkloadActual  69: 5 op, 298500.00 ns, 59.7000 us/op
WorkloadActual  70: 5 op, 219300.00 ns, 43.8600 us/op
WorkloadActual  71: 5 op, 290100.00 ns, 58.0200 us/op
WorkloadActual  72: 5 op, 276200.00 ns, 55.2400 us/op
WorkloadActual  73: 5 op, 200300.00 ns, 40.0600 us/op
WorkloadActual  74: 5 op, 174700.00 ns, 34.9400 us/op
WorkloadActual  75: 5 op, 232000.00 ns, 46.4000 us/op
WorkloadActual  76: 5 op, 267900.00 ns, 53.5800 us/op
WorkloadActual  77: 5 op, 258400.00 ns, 51.6800 us/op
WorkloadActual  78: 5 op, 275500.00 ns, 55.1000 us/op
WorkloadActual  79: 5 op, 293300.00 ns, 58.6600 us/op
WorkloadActual  80: 5 op, 175700.00 ns, 35.1400 us/op
WorkloadActual  81: 5 op, 252400.00 ns, 50.4800 us/op
WorkloadActual  82: 5 op, 281200.00 ns, 56.2400 us/op
WorkloadActual  83: 5 op, 305600.00 ns, 61.1200 us/op
WorkloadActual  84: 5 op, 256100.00 ns, 51.2200 us/op
WorkloadActual  85: 5 op, 273200.00 ns, 54.6400 us/op
WorkloadActual  86: 5 op, 172800.00 ns, 34.5600 us/op
WorkloadActual  87: 5 op, 202200.00 ns, 40.4400 us/op
WorkloadActual  88: 5 op, 268800.00 ns, 53.7600 us/op
WorkloadActual  89: 5 op, 292000.00 ns, 58.4000 us/op
WorkloadActual  90: 5 op, 268500.00 ns, 53.7000 us/op
WorkloadActual  91: 5 op, 261400.00 ns, 52.2800 us/op
WorkloadActual  92: 5 op, 263900.00 ns, 52.7800 us/op
WorkloadActual  93: 5 op, 175800.00 ns, 35.1600 us/op
WorkloadActual  94: 5 op, 274700.00 ns, 54.9400 us/op
WorkloadActual  95: 5 op, 280800.00 ns, 56.1600 us/op
WorkloadActual  96: 5 op, 309800.00 ns, 61.9600 us/op
WorkloadActual  97: 5 op, 228000.00 ns, 45.6000 us/op
WorkloadActual  98: 5 op, 268800.00 ns, 53.7600 us/op
WorkloadActual  99: 5 op, 277400.00 ns, 55.4800 us/op
WorkloadActual  100: 5 op, 261200.00 ns, 52.2400 us/op

// AfterActualRun
WorkloadResult   1: 5 op, 325800.00 ns, 65.1600 us/op
WorkloadResult   2: 5 op, 290200.00 ns, 58.0400 us/op
WorkloadResult   3: 5 op, 327700.00 ns, 65.5400 us/op
WorkloadResult   4: 5 op, 282600.00 ns, 56.5200 us/op
WorkloadResult   5: 5 op, 305600.00 ns, 61.1200 us/op
WorkloadResult   6: 5 op, 322100.00 ns, 64.4200 us/op
WorkloadResult   7: 5 op, 311900.00 ns, 62.3800 us/op
WorkloadResult   8: 5 op, 303100.00 ns, 60.6200 us/op
WorkloadResult   9: 5 op, 248500.00 ns, 49.7000 us/op
WorkloadResult  10: 5 op, 312800.00 ns, 62.5600 us/op
WorkloadResult  11: 5 op, 281200.00 ns, 56.2400 us/op
WorkloadResult  12: 5 op, 321400.00 ns, 64.2800 us/op
WorkloadResult  13: 5 op, 184400.00 ns, 36.8800 us/op
WorkloadResult  14: 5 op, 256300.00 ns, 51.2600 us/op
WorkloadResult  15: 5 op, 278400.00 ns, 55.6800 us/op
WorkloadResult  16: 5 op, 205300.00 ns, 41.0600 us/op
WorkloadResult  17: 5 op, 281200.00 ns, 56.2400 us/op
WorkloadResult  18: 5 op, 273300.00 ns, 54.6600 us/op
WorkloadResult  19: 5 op, 192700.00 ns, 38.5400 us/op
WorkloadResult  20: 5 op, 230600.00 ns, 46.1200 us/op
WorkloadResult  21: 5 op, 316300.00 ns, 63.2600 us/op
WorkloadResult  22: 5 op, 287600.00 ns, 57.5200 us/op
WorkloadResult  23: 5 op, 265300.00 ns, 53.0600 us/op
WorkloadResult  24: 5 op, 331700.00 ns, 66.3400 us/op
WorkloadResult  25: 5 op, 252400.00 ns, 50.4800 us/op
WorkloadResult  26: 5 op, 317800.00 ns, 63.5600 us/op
WorkloadResult  27: 5 op, 248000.00 ns, 49.6000 us/op
WorkloadResult  28: 5 op, 265300.00 ns, 53.0600 us/op
WorkloadResult  29: 5 op, 352400.00 ns, 70.4800 us/op
WorkloadResult  30: 5 op, 271600.00 ns, 54.3200 us/op
WorkloadResult  31: 5 op, 212900.00 ns, 42.5800 us/op
WorkloadResult  32: 5 op, 250500.00 ns, 50.1000 us/op
WorkloadResult  33: 5 op, 231200.00 ns, 46.2400 us/op
WorkloadResult  34: 5 op, 289300.00 ns, 57.8600 us/op
WorkloadResult  35: 5 op, 304900.00 ns, 60.9800 us/op
WorkloadResult  36: 5 op, 181000.00 ns, 36.2000 us/op
WorkloadResult  37: 5 op, 203800.00 ns, 40.7600 us/op
WorkloadResult  38: 5 op, 275000.00 ns, 55.0000 us/op
WorkloadResult  39: 5 op, 181000.00 ns, 36.2000 us/op
WorkloadResult  40: 5 op, 271100.00 ns, 54.2200 us/op
WorkloadResult  41: 5 op, 315200.00 ns, 63.0400 us/op
WorkloadResult  42: 5 op, 310100.00 ns, 62.0200 us/op
WorkloadResult  43: 5 op, 230000.00 ns, 46.0000 us/op
WorkloadResult  44: 5 op, 232800.00 ns, 46.5600 us/op
WorkloadResult  45: 5 op, 247900.00 ns, 49.5800 us/op
WorkloadResult  46: 5 op, 272000.00 ns, 54.4000 us/op
WorkloadResult  47: 5 op, 277000.00 ns, 55.4000 us/op
WorkloadResult  48: 5 op, 262100.00 ns, 52.4200 us/op
WorkloadResult  49: 5 op, 309700.00 ns, 61.9400 us/op
WorkloadResult  50: 5 op, 246200.00 ns, 49.2400 us/op
WorkloadResult  51: 5 op, 296700.00 ns, 59.3400 us/op
WorkloadResult  52: 5 op, 307300.00 ns, 61.4600 us/op
WorkloadResult  53: 5 op, 258900.00 ns, 51.7800 us/op
WorkloadResult  54: 5 op, 291100.00 ns, 58.2200 us/op
WorkloadResult  55: 5 op, 274400.00 ns, 54.8800 us/op
WorkloadResult  56: 5 op, 298600.00 ns, 59.7200 us/op
WorkloadResult  57: 5 op, 271800.00 ns, 54.3600 us/op
WorkloadResult  58: 5 op, 266100.00 ns, 53.2200 us/op
WorkloadResult  59: 5 op, 277400.00 ns, 55.4800 us/op
WorkloadResult  60: 5 op, 168000.00 ns, 33.6000 us/op
WorkloadResult  61: 5 op, 264700.00 ns, 52.9400 us/op
WorkloadResult  62: 5 op, 301800.00 ns, 60.3600 us/op
WorkloadResult  63: 5 op, 266200.00 ns, 53.2400 us/op
WorkloadResult  64: 5 op, 242700.00 ns, 48.5400 us/op
WorkloadResult  65: 5 op, 271100.00 ns, 54.2200 us/op
WorkloadResult  66: 5 op, 262200.00 ns, 52.4400 us/op
WorkloadResult  67: 5 op, 298300.00 ns, 59.6600 us/op
WorkloadResult  68: 5 op, 219100.00 ns, 43.8200 us/op
WorkloadResult  69: 5 op, 289900.00 ns, 57.9800 us/op
WorkloadResult  70: 5 op, 276000.00 ns, 55.2000 us/op
WorkloadResult  71: 5 op, 200100.00 ns, 40.0200 us/op
WorkloadResult  72: 5 op, 174500.00 ns, 34.9000 us/op
WorkloadResult  73: 5 op, 231800.00 ns, 46.3600 us/op
WorkloadResult  74: 5 op, 267700.00 ns, 53.5400 us/op
WorkloadResult  75: 5 op, 258200.00 ns, 51.6400 us/op
WorkloadResult  76: 5 op, 275300.00 ns, 55.0600 us/op
WorkloadResult  77: 5 op, 293100.00 ns, 58.6200 us/op
WorkloadResult  78: 5 op, 175500.00 ns, 35.1000 us/op
WorkloadResult  79: 5 op, 252200.00 ns, 50.4400 us/op
WorkloadResult  80: 5 op, 281000.00 ns, 56.2000 us/op
WorkloadResult  81: 5 op, 305400.00 ns, 61.0800 us/op
WorkloadResult  82: 5 op, 255900.00 ns, 51.1800 us/op
WorkloadResult  83: 5 op, 273000.00 ns, 54.6000 us/op
WorkloadResult  84: 5 op, 172600.00 ns, 34.5200 us/op
WorkloadResult  85: 5 op, 202000.00 ns, 40.4000 us/op
WorkloadResult  86: 5 op, 268600.00 ns, 53.7200 us/op
WorkloadResult  87: 5 op, 291800.00 ns, 58.3600 us/op
WorkloadResult  88: 5 op, 268300.00 ns, 53.6600 us/op
WorkloadResult  89: 5 op, 261200.00 ns, 52.2400 us/op
WorkloadResult  90: 5 op, 263700.00 ns, 52.7400 us/op
WorkloadResult  91: 5 op, 175600.00 ns, 35.1200 us/op
WorkloadResult  92: 5 op, 274500.00 ns, 54.9000 us/op
WorkloadResult  93: 5 op, 280600.00 ns, 56.1200 us/op
WorkloadResult  94: 5 op, 309600.00 ns, 61.9200 us/op
WorkloadResult  95: 5 op, 227800.00 ns, 45.5600 us/op
WorkloadResult  96: 5 op, 268600.00 ns, 53.7200 us/op
WorkloadResult  97: 5 op, 277200.00 ns, 55.4400 us/op
WorkloadResult  98: 5 op, 261000.00 ns, 52.2000 us/op
// GC:  0 0 0 1021040 5
// Threading:  0 0 5

// AfterAll
// Benchmark Process 23408 has exited with code 0.

Mean = 53.054 μs, StdErr = 0.827 μs (1.56%), N = 98, StdDev = 8.188 μs
Min = 33.600 μs, Q1 = 49.625 μs, Median = 54.270 μs, Q3 = 58.325 μs, Max = 70.480 μs
IQR = 8.700 μs, LowerFence = 36.575 μs, UpperFence = 71.375 μs
ConfidenceInterval = [50.247 μs; 55.861 μs] (CI 99.9%), Margin = 2.807 μs (5.29% of Mean)
Skewness = -0.63, Kurtosis = 2.92, MValue = 2.69

// ** Remained 4 (50.0%) benchmark(s) to run. Estimated finish 2026-09-20 18:43 (0h 0m from now) **
Setup power plan (GUID: 8c5e7fda-e8bf-4a96-9a85-a6e23a8c635c FriendlyName: High performance)
// **************************
// Benchmark: StringBenchmarks.'String Concatenation': Job-XSOJOD(InvocationCount=5, UnrollFactor=1, WarmupCount=3) [Iterations=10000]
// *** Execute ***
// Launch: 1 / 1
// Execute: dotnet AcademyScheduleAnalyzer-Job-XSOJOD-1.dll --anonymousPipes 1532 1480 --benchmarkName "AcademyScheduleAnalyzer.StringBenchmarks.StringConcatenation(Iterations: 10000)" --job "InvocationCount=5, UnrollFactor=1, WarmupCount=3" --benchmarkId 4 in D:\Simulation Resources\Marwan-Haitham2142023-Assignment-4\AcademyScheduleAnalyzer\AcademyScheduleAnalyzer\bin\Release\net10.0\AcademyScheduleAnalyzer-Job-XSOJOD-1\bin\Release\net10.0
// BeforeAnythingElse

// Benchmark Process Environment Information:
// BenchmarkDotNet v0.15.8
// Runtime=.NET 10.0.12 (10.0.12, 10.0.1226.42308), X64 RyuJIT x86-64-v3
// GC=Non-concurrent Workstation
// HardwareIntrinsics=AVX2+BMI1+BMI2+F16C+FMA+LZCNT+MOVBE,AVX,SSE3+SSSE3+SSE4.1+SSE4.2+POPCNT,X86Base+SSE+SSE2,AES+PCLMUL,AvxVnni,SERIALIZE VectorSize=256
// Job: Job-XSOJOD(InvocationCount=5, UnrollFactor=1, WarmupCount=3)

OverheadJitting  1: 1 op, 171300.00 ns, 171.3000 us/op
WorkloadJitting  1: 1 op, 517008300.00 ns, 517.0083 ms/op

OverheadWarmup   1: 5 op, 500.00 ns, 100.0000 ns/op
OverheadWarmup   2: 5 op, 400.00 ns, 80.0000 ns/op
OverheadWarmup   3: 5 op, 200.00 ns, 40.0000 ns/op
OverheadWarmup   4: 5 op, 200.00 ns, 40.0000 ns/op
OverheadWarmup   5: 5 op, 200.00 ns, 40.0000 ns/op
OverheadWarmup   6: 5 op, 300.00 ns, 60.0000 ns/op
OverheadWarmup   7: 5 op, 200.00 ns, 40.0000 ns/op

OverheadActual   1: 5 op, 200.00 ns, 40.0000 ns/op
OverheadActual   2: 5 op, 200.00 ns, 40.0000 ns/op
OverheadActual   3: 5 op, 300.00 ns, 60.0000 ns/op
OverheadActual   4: 5 op, 300.00 ns, 60.0000 ns/op
OverheadActual   5: 5 op, 300.00 ns, 60.0000 ns/op
OverheadActual   6: 5 op, 200.00 ns, 40.0000 ns/op
OverheadActual   7: 5 op, 200.00 ns, 40.0000 ns/op
OverheadActual   8: 5 op, 200.00 ns, 40.0000 ns/op
OverheadActual   9: 5 op, 200.00 ns, 40.0000 ns/op
OverheadActual  10: 5 op, 200.00 ns, 40.0000 ns/op
OverheadActual  11: 5 op, 300.00 ns, 60.0000 ns/op
OverheadActual  12: 5 op, 200.00 ns, 40.0000 ns/op
OverheadActual  13: 5 op, 200.00 ns, 40.0000 ns/op
OverheadActual  14: 5 op, 200.00 ns, 40.0000 ns/op
OverheadActual  15: 5 op, 200.00 ns, 40.0000 ns/op
OverheadActual  16: 5 op, 300.00 ns, 60.0000 ns/op
OverheadActual  17: 5 op, 300.00 ns, 60.0000 ns/op
OverheadActual  18: 5 op, 400.00 ns, 80.0000 ns/op
OverheadActual  19: 5 op, 300.00 ns, 60.0000 ns/op
OverheadActual  20: 5 op, 300.00 ns, 60.0000 ns/op

WorkloadWarmup   1: 5 op, 2570030200.00 ns, 514.0060 ms/op
WorkloadWarmup   2: 5 op, 2576211700.00 ns, 515.2423 ms/op
WorkloadWarmup   3: 5 op, 2559650700.00 ns, 511.9301 ms/op

// BeforeActualRun
WorkloadActual   1: 5 op, 2559415900.00 ns, 511.8832 ms/op
WorkloadActual   2: 5 op, 2565445700.00 ns, 513.0891 ms/op
WorkloadActual   3: 5 op, 2556527300.00 ns, 511.3055 ms/op
WorkloadActual   4: 5 op, 2577492300.00 ns, 515.4985 ms/op
WorkloadActual   5: 5 op, 2572371200.00 ns, 514.4742 ms/op
WorkloadActual   6: 5 op, 2568365500.00 ns, 513.6731 ms/op
WorkloadActual   7: 5 op, 2538195000.00 ns, 507.6390 ms/op
WorkloadActual   8: 5 op, 2561232200.00 ns, 512.2464 ms/op
WorkloadActual   9: 5 op, 2561237100.00 ns, 512.2474 ms/op
WorkloadActual  10: 5 op, 2596148300.00 ns, 519.2297 ms/op
WorkloadActual  11: 5 op, 2568766800.00 ns, 513.7534 ms/op
WorkloadActual  12: 5 op, 2561770600.00 ns, 512.3541 ms/op
WorkloadActual  13: 5 op, 2576063600.00 ns, 515.2127 ms/op
WorkloadActual  14: 5 op, 2557273300.00 ns, 511.4547 ms/op
WorkloadActual  15: 5 op, 2575617200.00 ns, 515.1234 ms/op

// AfterActualRun
WorkloadResult   1: 5 op, 2559415700.00 ns, 511.8831 ms/op
WorkloadResult   2: 5 op, 2565445500.00 ns, 513.0891 ms/op
WorkloadResult   3: 5 op, 2556527100.00 ns, 511.3054 ms/op
WorkloadResult   4: 5 op, 2577492100.00 ns, 515.4984 ms/op
WorkloadResult   5: 5 op, 2572371000.00 ns, 514.4742 ms/op
WorkloadResult   6: 5 op, 2568365300.00 ns, 513.6731 ms/op
WorkloadResult   7: 5 op, 2538194800.00 ns, 507.6390 ms/op
WorkloadResult   8: 5 op, 2561232000.00 ns, 512.2464 ms/op
WorkloadResult   9: 5 op, 2561236900.00 ns, 512.2474 ms/op
WorkloadResult  10: 5 op, 2568766600.00 ns, 513.7533 ms/op
WorkloadResult  11: 5 op, 2561770400.00 ns, 512.3541 ms/op
WorkloadResult  12: 5 op, 2576063400.00 ns, 515.2127 ms/op
WorkloadResult  13: 5 op, 2557273100.00 ns, 511.4546 ms/op
WorkloadResult  14: 5 op, 2575617000.00 ns, 515.1234 ms/op
// GC:  7024 7014 7014 24506039976 5
// Threading:  0 0 5

// AfterAll
// Benchmark Process 9576 has exited with code 0.

Mean = 512.854 ms, StdErr = 0.551 ms (0.11%), N = 14, StdDev = 2.063 ms
Min = 507.639 ms, Q1 = 511.974 ms, Median = 512.722 ms, Q3 = 514.294 ms, Max = 515.498 ms
IQR = 2.320 ms, LowerFence = 508.494 ms, UpperFence = 517.774 ms
ConfidenceInterval = [510.526 ms; 515.182 ms] (CI 99.9%), Margin = 2.328 ms (0.45% of Mean)
Skewness = -0.82, Kurtosis = 3.41, MValue = 2

// ** Remained 3 (37.5%) benchmark(s) to run. Estimated finish 2026-09-20 18:44 (0h 0m from now) **
Setup power plan (GUID: 8c5e7fda-e8bf-4a96-9a85-a6e23a8c635c FriendlyName: High performance)
// **************************
// Benchmark: StringBenchmarks.StringBuilder: Job-XSOJOD(InvocationCount=5, UnrollFactor=1, WarmupCount=3) [Iterations=10000]
// *** Execute ***
// Launch: 1 / 1
// Execute: dotnet AcademyScheduleAnalyzer-Job-XSOJOD-1.dll --anonymousPipes 1552 1548 --benchmarkName "AcademyScheduleAnalyzer.StringBenchmarks.StringBuilderConcatenation(Iterations: 10000)" --job "InvocationCount=5, UnrollFactor=1, WarmupCount=3" --benchmarkId 5 in D:\Simulation Resources\Marwan-Haitham2142023-Assignment-4\AcademyScheduleAnalyzer\AcademyScheduleAnalyzer\bin\Release\net10.0\AcademyScheduleAnalyzer-Job-XSOJOD-1\bin\Release\net10.0
// BeforeAnythingElse

// Benchmark Process Environment Information:
// BenchmarkDotNet v0.15.8
// Runtime=.NET 10.0.12 (10.0.12, 10.0.1226.42308), X64 RyuJIT x86-64-v3
// GC=Non-concurrent Workstation
// HardwareIntrinsics=AVX2+BMI1+BMI2+F16C+FMA+LZCNT+MOVBE,AVX,SSE3+SSSE3+SSE4.1+SSE4.2+POPCNT,X86Base+SSE+SSE2,AES+PCLMUL,AvxVnni,SERIALIZE VectorSize=256
// Job: Job-XSOJOD(InvocationCount=5, UnrollFactor=1, WarmupCount=3)

OverheadJitting  1: 1 op, 144100.00 ns, 144.1000 us/op
WorkloadJitting  1: 1 op, 1533900.00 ns, 1.5339 ms/op

OverheadWarmup   1: 5 op, 200.00 ns, 40.0000 ns/op
OverheadWarmup   2: 5 op, 200.00 ns, 40.0000 ns/op
OverheadWarmup   3: 5 op, 200.00 ns, 40.0000 ns/op
OverheadWarmup   4: 5 op, 100.00 ns, 20.0000 ns/op
OverheadWarmup   5: 5 op, 200.00 ns, 40.0000 ns/op

OverheadActual   1: 5 op, 200.00 ns, 40.0000 ns/op
OverheadActual   2: 5 op, 200.00 ns, 40.0000 ns/op
OverheadActual   3: 5 op, 300.00 ns, 60.0000 ns/op
OverheadActual   4: 5 op, 200.00 ns, 40.0000 ns/op
OverheadActual   5: 5 op, 300.00 ns, 60.0000 ns/op
OverheadActual   6: 5 op, 200.00 ns, 40.0000 ns/op
OverheadActual   7: 5 op, 200.00 ns, 40.0000 ns/op
OverheadActual   8: 5 op, 200.00 ns, 40.0000 ns/op
OverheadActual   9: 5 op, 200.00 ns, 40.0000 ns/op
OverheadActual  10: 5 op, 200.00 ns, 40.0000 ns/op
OverheadActual  11: 5 op, 200.00 ns, 40.0000 ns/op
OverheadActual  12: 5 op, 100.00 ns, 20.0000 ns/op
OverheadActual  13: 5 op, 100.00 ns, 20.0000 ns/op
OverheadActual  14: 5 op, 200.00 ns, 40.0000 ns/op
OverheadActual  15: 5 op, 200.00 ns, 40.0000 ns/op
OverheadActual  16: 5 op, 200.00 ns, 40.0000 ns/op
OverheadActual  17: 5 op, 100.00 ns, 20.0000 ns/op
OverheadActual  18: 5 op, 200.00 ns, 40.0000 ns/op
OverheadActual  19: 5 op, 100.00 ns, 20.0000 ns/op
OverheadActual  20: 5 op, 100.00 ns, 20.0000 ns/op

WorkloadWarmup   1: 5 op, 4418100.00 ns, 883.6200 us/op
WorkloadWarmup   2: 5 op, 2353100.00 ns, 470.6200 us/op
WorkloadWarmup   3: 5 op, 2553200.00 ns, 510.6400 us/op

// BeforeActualRun
WorkloadActual   1: 5 op, 3308600.00 ns, 661.7200 us/op
WorkloadActual   2: 5 op, 2749900.00 ns, 549.9800 us/op
WorkloadActual   3: 5 op, 2149600.00 ns, 429.9200 us/op
WorkloadActual   4: 5 op, 2549500.00 ns, 509.9000 us/op
WorkloadActual   5: 5 op, 2112800.00 ns, 422.5600 us/op
WorkloadActual   6: 5 op, 2415800.00 ns, 483.1600 us/op
WorkloadActual   7: 5 op, 2195100.00 ns, 439.0200 us/op
WorkloadActual   8: 5 op, 2200800.00 ns, 440.1600 us/op
WorkloadActual   9: 5 op, 2598700.00 ns, 519.7400 us/op
WorkloadActual  10: 5 op, 2137500.00 ns, 427.5000 us/op
WorkloadActual  11: 5 op, 2775800.00 ns, 555.1600 us/op
WorkloadActual  12: 5 op, 2147300.00 ns, 429.4600 us/op
WorkloadActual  13: 5 op, 2472700.00 ns, 494.5400 us/op
WorkloadActual  14: 5 op, 2205400.00 ns, 441.0800 us/op
WorkloadActual  15: 5 op, 2297500.00 ns, 459.5000 us/op
WorkloadActual  16: 5 op, 2180800.00 ns, 436.1600 us/op
WorkloadActual  17: 5 op, 2181700.00 ns, 436.3400 us/op
WorkloadActual  18: 5 op, 2344200.00 ns, 468.8400 us/op
WorkloadActual  19: 5 op, 2154500.00 ns, 430.9000 us/op
WorkloadActual  20: 5 op, 2407500.00 ns, 481.5000 us/op
WorkloadActual  21: 5 op, 2123200.00 ns, 424.6400 us/op
WorkloadActual  22: 5 op, 2873400.00 ns, 574.6800 us/op
WorkloadActual  23: 5 op, 2274900.00 ns, 454.9800 us/op
WorkloadActual  24: 5 op, 2433600.00 ns, 486.7200 us/op
WorkloadActual  25: 5 op, 2317800.00 ns, 463.5600 us/op
WorkloadActual  26: 5 op, 2194100.00 ns, 438.8200 us/op
WorkloadActual  27: 5 op, 2751100.00 ns, 550.2200 us/op
WorkloadActual  28: 5 op, 2197500.00 ns, 439.5000 us/op
WorkloadActual  29: 5 op, 2616100.00 ns, 523.2200 us/op
WorkloadActual  30: 5 op, 2201700.00 ns, 440.3400 us/op
WorkloadActual  31: 5 op, 2667500.00 ns, 533.5000 us/op
WorkloadActual  32: 5 op, 2199100.00 ns, 439.8200 us/op
WorkloadActual  33: 5 op, 2414700.00 ns, 482.9400 us/op
WorkloadActual  34: 5 op, 2250600.00 ns, 450.1200 us/op
WorkloadActual  35: 5 op, 2269900.00 ns, 453.9800 us/op
WorkloadActual  36: 5 op, 2741300.00 ns, 548.2600 us/op
WorkloadActual  37: 5 op, 2148400.00 ns, 429.6800 us/op
WorkloadActual  38: 5 op, 2936000.00 ns, 587.2000 us/op
WorkloadActual  39: 5 op, 2163600.00 ns, 432.7200 us/op
WorkloadActual  40: 5 op, 2451600.00 ns, 490.3200 us/op
WorkloadActual  41: 5 op, 2223800.00 ns, 444.7600 us/op
WorkloadActual  42: 5 op, 2466300.00 ns, 493.2600 us/op
WorkloadActual  43: 5 op, 2276600.00 ns, 455.3200 us/op
WorkloadActual  44: 5 op, 2212600.00 ns, 442.5200 us/op
WorkloadActual  45: 5 op, 2378300.00 ns, 475.6600 us/op
WorkloadActual  46: 5 op, 2219100.00 ns, 443.8200 us/op
WorkloadActual  47: 5 op, 2505700.00 ns, 501.1400 us/op
WorkloadActual  48: 5 op, 2246000.00 ns, 449.2000 us/op
WorkloadActual  49: 5 op, 2619500.00 ns, 523.9000 us/op
WorkloadActual  50: 5 op, 2227900.00 ns, 445.5800 us/op
WorkloadActual  51: 5 op, 2266500.00 ns, 453.3000 us/op
WorkloadActual  52: 5 op, 2327500.00 ns, 465.5000 us/op
WorkloadActual  53: 5 op, 2347200.00 ns, 469.4400 us/op
WorkloadActual  54: 5 op, 2777200.00 ns, 555.4400 us/op
WorkloadActual  55: 5 op, 2297800.00 ns, 459.5600 us/op
WorkloadActual  56: 5 op, 2497700.00 ns, 499.5400 us/op
WorkloadActual  57: 5 op, 2125600.00 ns, 425.1200 us/op
WorkloadActual  58: 5 op, 2627000.00 ns, 525.4000 us/op
WorkloadActual  59: 5 op, 2372000.00 ns, 474.4000 us/op
WorkloadActual  60: 5 op, 2546300.00 ns, 509.2600 us/op
WorkloadActual  61: 5 op, 2234800.00 ns, 446.9600 us/op
WorkloadActual  62: 5 op, 2529300.00 ns, 505.8600 us/op
WorkloadActual  63: 5 op, 2352600.00 ns, 470.5200 us/op
WorkloadActual  64: 5 op, 2216300.00 ns, 443.2600 us/op
WorkloadActual  65: 5 op, 2489900.00 ns, 497.9800 us/op
WorkloadActual  66: 5 op, 2158200.00 ns, 431.6400 us/op
WorkloadActual  67: 5 op, 2561000.00 ns, 512.2000 us/op
WorkloadActual  68: 5 op, 2181100.00 ns, 436.2200 us/op
WorkloadActual  69: 5 op, 3048700.00 ns, 609.7400 us/op
WorkloadActual  70: 5 op, 2335900.00 ns, 467.1800 us/op
WorkloadActual  71: 5 op, 2508100.00 ns, 501.6200 us/op
WorkloadActual  72: 5 op, 2302300.00 ns, 460.4600 us/op
WorkloadActual  73: 5 op, 2298700.00 ns, 459.7400 us/op
WorkloadActual  74: 5 op, 2378300.00 ns, 475.6600 us/op
WorkloadActual  75: 5 op, 2175200.00 ns, 435.0400 us/op
WorkloadActual  76: 5 op, 2458100.00 ns, 491.6200 us/op
WorkloadActual  77: 5 op, 2444600.00 ns, 488.9200 us/op
WorkloadActual  78: 5 op, 2499600.00 ns, 499.9200 us/op
WorkloadActual  79: 5 op, 2145400.00 ns, 429.0800 us/op
WorkloadActual  80: 5 op, 2504300.00 ns, 500.8600 us/op
WorkloadActual  81: 5 op, 2421200.00 ns, 484.2400 us/op
WorkloadActual  82: 5 op, 2591000.00 ns, 518.2000 us/op
WorkloadActual  83: 5 op, 2173400.00 ns, 434.6800 us/op
WorkloadActual  84: 5 op, 2252000.00 ns, 450.4000 us/op
WorkloadActual  85: 5 op, 2720900.00 ns, 544.1800 us/op
WorkloadActual  86: 5 op, 2063900.00 ns, 412.7800 us/op
WorkloadActual  87: 5 op, 2663700.00 ns, 532.7400 us/op
WorkloadActual  88: 5 op, 2145900.00 ns, 429.1800 us/op
WorkloadActual  89: 5 op, 2837500.00 ns, 567.5000 us/op
WorkloadActual  90: 5 op, 2176900.00 ns, 435.3800 us/op
WorkloadActual  91: 5 op, 2350000.00 ns, 470.0000 us/op
WorkloadActual  92: 5 op, 2177800.00 ns, 435.5600 us/op
WorkloadActual  93: 5 op, 2189500.00 ns, 437.9000 us/op
WorkloadActual  94: 5 op, 2393300.00 ns, 478.6600 us/op
WorkloadActual  95: 5 op, 2177400.00 ns, 435.4800 us/op
WorkloadActual  96: 5 op, 2469300.00 ns, 493.8600 us/op
WorkloadActual  97: 5 op, 2141700.00 ns, 428.3400 us/op
WorkloadActual  98: 5 op, 2269900.00 ns, 453.9800 us/op
WorkloadActual  99: 5 op, 2259700.00 ns, 451.9400 us/op
WorkloadActual  100: 5 op, 2163800.00 ns, 432.7600 us/op

// AfterActualRun
WorkloadResult   1: 5 op, 2749700.00 ns, 549.9400 us/op
WorkloadResult   2: 5 op, 2149400.00 ns, 429.8800 us/op
WorkloadResult   3: 5 op, 2549300.00 ns, 509.8600 us/op
WorkloadResult   4: 5 op, 2112600.00 ns, 422.5200 us/op
WorkloadResult   5: 5 op, 2415600.00 ns, 483.1200 us/op
WorkloadResult   6: 5 op, 2194900.00 ns, 438.9800 us/op
WorkloadResult   7: 5 op, 2200600.00 ns, 440.1200 us/op
WorkloadResult   8: 5 op, 2598500.00 ns, 519.7000 us/op
WorkloadResult   9: 5 op, 2137300.00 ns, 427.4600 us/op
WorkloadResult  10: 5 op, 2775600.00 ns, 555.1200 us/op
WorkloadResult  11: 5 op, 2147100.00 ns, 429.4200 us/op
WorkloadResult  12: 5 op, 2472500.00 ns, 494.5000 us/op
WorkloadResult  13: 5 op, 2205200.00 ns, 441.0400 us/op
WorkloadResult  14: 5 op, 2297300.00 ns, 459.4600 us/op
WorkloadResult  15: 5 op, 2180600.00 ns, 436.1200 us/op
WorkloadResult  16: 5 op, 2181500.00 ns, 436.3000 us/op
WorkloadResult  17: 5 op, 2344000.00 ns, 468.8000 us/op
WorkloadResult  18: 5 op, 2154300.00 ns, 430.8600 us/op
WorkloadResult  19: 5 op, 2407300.00 ns, 481.4600 us/op
WorkloadResult  20: 5 op, 2123000.00 ns, 424.6000 us/op
WorkloadResult  21: 5 op, 2873200.00 ns, 574.6400 us/op
WorkloadResult  22: 5 op, 2274700.00 ns, 454.9400 us/op
WorkloadResult  23: 5 op, 2433400.00 ns, 486.6800 us/op
WorkloadResult  24: 5 op, 2317600.00 ns, 463.5200 us/op
WorkloadResult  25: 5 op, 2193900.00 ns, 438.7800 us/op
WorkloadResult  26: 5 op, 2750900.00 ns, 550.1800 us/op
WorkloadResult  27: 5 op, 2197300.00 ns, 439.4600 us/op
WorkloadResult  28: 5 op, 2615900.00 ns, 523.1800 us/op
WorkloadResult  29: 5 op, 2201500.00 ns, 440.3000 us/op
WorkloadResult  30: 5 op, 2667300.00 ns, 533.4600 us/op
WorkloadResult  31: 5 op, 2198900.00 ns, 439.7800 us/op
WorkloadResult  32: 5 op, 2414500.00 ns, 482.9000 us/op
WorkloadResult  33: 5 op, 2250400.00 ns, 450.0800 us/op
WorkloadResult  34: 5 op, 2269700.00 ns, 453.9400 us/op
WorkloadResult  35: 5 op, 2741100.00 ns, 548.2200 us/op
WorkloadResult  36: 5 op, 2148200.00 ns, 429.6400 us/op
WorkloadResult  37: 5 op, 2935800.00 ns, 587.1600 us/op
WorkloadResult  38: 5 op, 2163400.00 ns, 432.6800 us/op
WorkloadResult  39: 5 op, 2451400.00 ns, 490.2800 us/op
WorkloadResult  40: 5 op, 2223600.00 ns, 444.7200 us/op
WorkloadResult  41: 5 op, 2466100.00 ns, 493.2200 us/op
WorkloadResult  42: 5 op, 2276400.00 ns, 455.2800 us/op
WorkloadResult  43: 5 op, 2212400.00 ns, 442.4800 us/op
WorkloadResult  44: 5 op, 2378100.00 ns, 475.6200 us/op
WorkloadResult  45: 5 op, 2218900.00 ns, 443.7800 us/op
WorkloadResult  46: 5 op, 2505500.00 ns, 501.1000 us/op
WorkloadResult  47: 5 op, 2245800.00 ns, 449.1600 us/op
WorkloadResult  48: 5 op, 2619300.00 ns, 523.8600 us/op
WorkloadResult  49: 5 op, 2227700.00 ns, 445.5400 us/op
WorkloadResult  50: 5 op, 2266300.00 ns, 453.2600 us/op
WorkloadResult  51: 5 op, 2327300.00 ns, 465.4600 us/op
WorkloadResult  52: 5 op, 2347000.00 ns, 469.4000 us/op
WorkloadResult  53: 5 op, 2777000.00 ns, 555.4000 us/op
WorkloadResult  54: 5 op, 2297600.00 ns, 459.5200 us/op
WorkloadResult  55: 5 op, 2497500.00 ns, 499.5000 us/op
WorkloadResult  56: 5 op, 2125400.00 ns, 425.0800 us/op
WorkloadResult  57: 5 op, 2626800.00 ns, 525.3600 us/op
WorkloadResult  58: 5 op, 2371800.00 ns, 474.3600 us/op
WorkloadResult  59: 5 op, 2546100.00 ns, 509.2200 us/op
WorkloadResult  60: 5 op, 2234600.00 ns, 446.9200 us/op
WorkloadResult  61: 5 op, 2529100.00 ns, 505.8200 us/op
WorkloadResult  62: 5 op, 2352400.00 ns, 470.4800 us/op
WorkloadResult  63: 5 op, 2216100.00 ns, 443.2200 us/op
WorkloadResult  64: 5 op, 2489700.00 ns, 497.9400 us/op
WorkloadResult  65: 5 op, 2158000.00 ns, 431.6000 us/op
WorkloadResult  66: 5 op, 2560800.00 ns, 512.1600 us/op
WorkloadResult  67: 5 op, 2180900.00 ns, 436.1800 us/op
WorkloadResult  68: 5 op, 2335700.00 ns, 467.1400 us/op
WorkloadResult  69: 5 op, 2507900.00 ns, 501.5800 us/op
WorkloadResult  70: 5 op, 2302100.00 ns, 460.4200 us/op
WorkloadResult  71: 5 op, 2298500.00 ns, 459.7000 us/op
WorkloadResult  72: 5 op, 2378100.00 ns, 475.6200 us/op
WorkloadResult  73: 5 op, 2175000.00 ns, 435.0000 us/op
WorkloadResult  74: 5 op, 2457900.00 ns, 491.5800 us/op
WorkloadResult  75: 5 op, 2444400.00 ns, 488.8800 us/op
WorkloadResult  76: 5 op, 2499400.00 ns, 499.8800 us/op
WorkloadResult  77: 5 op, 2145200.00 ns, 429.0400 us/op
WorkloadResult  78: 5 op, 2504100.00 ns, 500.8200 us/op
WorkloadResult  79: 5 op, 2421000.00 ns, 484.2000 us/op
WorkloadResult  80: 5 op, 2590800.00 ns, 518.1600 us/op
WorkloadResult  81: 5 op, 2173200.00 ns, 434.6400 us/op
WorkloadResult  82: 5 op, 2251800.00 ns, 450.3600 us/op
WorkloadResult  83: 5 op, 2720700.00 ns, 544.1400 us/op
WorkloadResult  84: 5 op, 2063700.00 ns, 412.7400 us/op
WorkloadResult  85: 5 op, 2663500.00 ns, 532.7000 us/op
WorkloadResult  86: 5 op, 2145700.00 ns, 429.1400 us/op
WorkloadResult  87: 5 op, 2837300.00 ns, 567.4600 us/op
WorkloadResult  88: 5 op, 2176700.00 ns, 435.3400 us/op
WorkloadResult  89: 5 op, 2349800.00 ns, 469.9600 us/op
WorkloadResult  90: 5 op, 2177600.00 ns, 435.5200 us/op
WorkloadResult  91: 5 op, 2189300.00 ns, 437.8600 us/op
WorkloadResult  92: 5 op, 2393100.00 ns, 478.6200 us/op
WorkloadResult  93: 5 op, 2177200.00 ns, 435.4400 us/op
WorkloadResult  94: 5 op, 2469100.00 ns, 493.8200 us/op
WorkloadResult  95: 5 op, 2141500.00 ns, 428.3000 us/op
WorkloadResult  96: 5 op, 2269700.00 ns, 453.9400 us/op
WorkloadResult  97: 5 op, 2259500.00 ns, 451.9000 us/op
WorkloadResult  98: 5 op, 2163600.00 ns, 432.7200 us/op
// GC:  1 1 1 9851176 5
// Threading:  0 0 5

// AfterAll
// Benchmark Process 2796 has exited with code 0.

Mean = 472.361 μs, StdErr = 4.117 μs (0.87%), N = 98, StdDev = 40.758 μs
Min = 412.740 μs, Q1 = 438.830 μs, Median = 460.060 μs, Q3 = 499.110 μs, Max = 587.160 μs
IQR = 60.280 μs, LowerFence = 348.410 μs, UpperFence = 589.530 μs
ConfidenceInterval = [458.388 μs; 486.333 μs] (CI 99.9%), Margin = 13.973 μs (2.96% of Mean)
Skewness = 0.83, Kurtosis = 2.8, MValue = 2

// ** Remained 2 (25.0%) benchmark(s) to run. Estimated finish 2026-09-20 18:44 (0h 0m from now) **
Setup power plan (GUID: 8c5e7fda-e8bf-4a96-9a85-a6e23a8c635c FriendlyName: High performance)
// **************************
// Benchmark: StringBenchmarks.'String Concatenation': Job-XSOJOD(InvocationCount=5, UnrollFactor=1, WarmupCount=3) [Iterations=1