// Validating benchmarks:
// ***** BenchmarkRunner: Start   *****
// ***** Found 8 benchmark(s) in total *****
// ***** Building 1 exe(s) in Parallel: Start   *****
// start dotnet  restore --nodeReuse:false /p:UseSharedCompilation=false /p:Deterministic=true /p:Optimize=true /p:ArtifactsPath="D:\Simulation Resources\Marwan-Haitham2142023-Assignment-4\AcademyScheduleAnalyzer\AcademyScheduleAnalyzer\bin\Release\net10.0\AcademyScheduleAnalyzer-DefaultJob-1/" /p:OutDir="D:\Simulation Resources\Marwan-Haitham2142023-Assignment-4\AcademyScheduleAnalyzer\AcademyScheduleAnalyzer\bin\Release\net10.0\AcademyScheduleAnalyzer-DefaultJob-1\bin\Release\net10.0/" /p:OutputPath="D:\Simulation Resources\Marwan-Haitham2142023-Assignment-4\AcademyScheduleAnalyzer\AcademyScheduleAnalyzer\bin\Release\net10.0\AcademyScheduleAnalyzer-DefaultJob-1\bin\Release\net10.0/" /p:PublishDir="D:\Simulation Resources\Marwan-Haitham2142023-Assignment-4\AcademyScheduleAnalyzer\AcademyScheduleAnalyzer\bin\Release\net10.0\AcademyScheduleAnalyzer-DefaultJob-1\publish/" in D:\Simulation Resources\Marwan-Haitham2142023-Assignment-4\AcademyScheduleAnalyzer\AcademyScheduleAnalyzer\bin\Release\net10.0\AcademyScheduleAnalyzer-DefaultJob-1
// command took 2.09 sec and exited with 0
// start dotnet  build -c Release --no-restore --nodeReuse:false /p:UseSharedCompilation=false /p:Deterministic=true /p:Optimize=true /p:ArtifactsPath="D:\Simulation Resources\Marwan-Haitham2142023-Assignment-4\AcademyScheduleAnalyzer\AcademyScheduleAnalyzer\bin\Release\net10.0\AcademyScheduleAnalyzer-DefaultJob-1/" /p:OutDir="D:\Simulation Resources\Marwan-Haitham2142023-Assignment-4\AcademyScheduleAnalyzer\AcademyScheduleAnalyzer\bin\Release\net10.0\AcademyScheduleAnalyzer-DefaultJob-1\bin\Release\net10.0/" /p:OutputPath="D:\Simulation Resources\Marwan-Haitham2142023-Assignment-4\AcademyScheduleAnalyzer\AcademyScheduleAnalyzer\bin\Release\net10.0\AcademyScheduleAnalyzer-DefaultJob-1\bin\Release\net10.0/" /p:PublishDir="D:\Simulation Resources\Marwan-Haitham2142023-Assignment-4\AcademyScheduleAnalyzer\AcademyScheduleAnalyzer\bin\Release\net10.0\AcademyScheduleAnalyzer-DefaultJob-1\publish/" --output "D:\Simulation Resources\Marwan-Haitham2142023-Assignment-4\AcademyScheduleAnalyzer\AcademyScheduleAnalyzer\bin\Release\net10.0\AcademyScheduleAnalyzer-DefaultJob-1\bin\Release\net10.0/" in D:\Simulation Resources\Marwan-Haitham2142023-Assignment-4\AcademyScheduleAnalyzer\AcademyScheduleAnalyzer\bin\Release\net10.0\AcademyScheduleAnalyzer-DefaultJob-1
// command took 5.44 sec and exited with 0
// ***** Done, took 00:00:07 (7.61 sec)   *****
// Found 8 benchmarks:
//   BenchMark.StringConcatenation: DefaultJob [Iterations=100]
//   BenchMark.StringBuilderConcatenation: DefaultJob [Iterations=100]
//   BenchMark.StringConcatenation: DefaultJob [Iterations=1000]
//   BenchMark.StringBuilderConcatenation: DefaultJob [Iterations=1000]
//   BenchMark.StringConcatenation: DefaultJob [Iterations=10000]
//   BenchMark.StringBuilderConcatenation: DefaultJob [Iterations=10000]
//   BenchMark.StringConcatenation: DefaultJob [Iterations=100000]
//   BenchMark.StringBuilderConcatenation: DefaultJob [Iterations=100000]

Setup power plan (GUID: 8c5e7fda-e8bf-4a96-9a85-a6e23a8c635c FriendlyName: High performance)
// **************************
// Benchmark: BenchMark.StringConcatenation: DefaultJob [Iterations=100]
// *** Execute ***
// Launch: 1 / 1
// Execute: dotnet AcademyScheduleAnalyzer-DefaultJob-1.dll --anonymousPipes 1476 1420 --benchmarkName "BenchMark.StringConcatenation(Iterations: 100)" --job Default --benchmarkId 0 in D:\Simulation Resources\Marwan-Haitham2142023-Assignment-4\AcademyScheduleAnalyzer\AcademyScheduleAnalyzer\bin\Release\net10.0\AcademyScheduleAnalyzer-DefaultJob-1\bin\Release\net10.0
// BeforeAnythingElse

// Benchmark Process Environment Information:
// BenchmarkDotNet v0.15.8
// Runtime=.NET 10.0.12 (10.0.12, 10.0.1226.42308), X64 RyuJIT x86-64-v3
// GC=Non-concurrent Workstation
// HardwareIntrinsics=AVX2+BMI1+BMI2+F16C+FMA+LZCNT+MOVBE,AVX,SSE3+SSSE3+SSE4.1+SSE4.2+POPCNT,X86Base+SSE+SSE2,AES+PCLMUL,AvxVnni,SERIALIZE VectorSize=256
// Job: DefaultJob

OverheadJitting  1: 1 op, 255500.00 ns, 255.5000 us/op
WorkloadJitting  1: 1 op, 332900.00 ns, 332.9000 us/op

OverheadJitting  2: 16 op, 458100.00 ns, 28.6313 us/op
WorkloadJitting  2: 16 op, 819800.00 ns, 51.2375 us/op

WorkloadPilot    1: 16 op, 302000.00 ns, 18.8750 us/op
WorkloadPilot    2: 32 op, 511400.00 ns, 15.9813 us/op
WorkloadPilot    3: 64 op, 1392200.00 ns, 21.7531 us/op
WorkloadPilot    4: 128 op, 2971100.00 ns, 23.2117 us/op
WorkloadPilot    5: 256 op, 5534300.00 ns, 21.6184 us/op
WorkloadPilot    6: 512 op, 3681100.00 ns, 7.1896 us/op
WorkloadPilot    7: 1024 op, 4902300.00 ns, 4.7874 us/op
WorkloadPilot    8: 2048 op, 8849500.00 ns, 4.3210 us/op
WorkloadPilot    9: 4096 op, 16665800.00 ns, 4.0688 us/op
WorkloadPilot   10: 8192 op, 31605100.00 ns, 3.8580 us/op
WorkloadPilot   11: 16384 op, 60095000.00 ns, 3.6679 us/op
WorkloadPilot   12: 32768 op, 102501600.00 ns, 3.1281 us/op
WorkloadPilot   13: 65536 op, 174700400.00 ns, 2.6657 us/op
WorkloadPilot   14: 131072 op, 375930400.00 ns, 2.8681 us/op
WorkloadPilot   15: 262144 op, 720121100.00 ns, 2.7470 us/op

OverheadWarmup   1: 262144 op, 2105800.00 ns, 8.0330 ns/op
OverheadWarmup   2: 262144 op, 1169300.00 ns, 4.4605 ns/op
OverheadWarmup   3: 262144 op, 1162600.00 ns, 4.4350 ns/op
OverheadWarmup   4: 262144 op, 1632400.00 ns, 6.2271 ns/op
OverheadWarmup   5: 262144 op, 1189400.00 ns, 4.5372 ns/op
OverheadWarmup   6: 262144 op, 1233100.00 ns, 4.7039 ns/op
OverheadWarmup   7: 262144 op, 1235100.00 ns, 4.7115 ns/op
OverheadWarmup   8: 262144 op, 1275500.00 ns, 4.8656 ns/op
OverheadWarmup   9: 262144 op, 1221800.00 ns, 4.6608 ns/op

OverheadActual   1: 262144 op, 1234400.00 ns, 4.7089 ns/op
OverheadActual   2: 262144 op, 1276500.00 ns, 4.8695 ns/op
OverheadActual   3: 262144 op, 1253700.00 ns, 4.7825 ns/op
OverheadActual   4: 262144 op, 1228200.00 ns, 4.6852 ns/op
OverheadActual   5: 262144 op, 1255700.00 ns, 4.7901 ns/op
OverheadActual   6: 262144 op, 1349100.00 ns, 5.1464 ns/op
OverheadActual   7: 262144 op, 1254000.00 ns, 4.7836 ns/op
OverheadActual   8: 262144 op, 1381800.00 ns, 5.2711 ns/op
OverheadActual   9: 262144 op, 1289500.00 ns, 4.9191 ns/op
OverheadActual  10: 262144 op, 1254000.00 ns, 4.7836 ns/op
OverheadActual  11: 262144 op, 1412000.00 ns, 5.3864 ns/op
OverheadActual  12: 262144 op, 1312800.00 ns, 5.0079 ns/op
OverheadActual  13: 262144 op, 1346700.00 ns, 5.1373 ns/op
OverheadActual  14: 262144 op, 1342900.00 ns, 5.1228 ns/op
OverheadActual  15: 262144 op, 1350400.00 ns, 5.1514 ns/op

WorkloadWarmup   1: 262144 op, 806253400.00 ns, 3.0756 us/op
WorkloadWarmup   2: 262144 op, 728992500.00 ns, 2.7809 us/op
WorkloadWarmup   3: 262144 op, 680916500.00 ns, 2.5975 us/op
WorkloadWarmup   4: 262144 op, 534670000.00 ns, 2.0396 us/op
WorkloadWarmup   5: 262144 op, 541779500.00 ns, 2.0667 us/op
WorkloadWarmup   6: 262144 op, 536868300.00 ns, 2.0480 us/op
WorkloadWarmup   7: 262144 op, 529702900.00 ns, 2.0207 us/op
WorkloadWarmup   8: 262144 op, 539993300.00 ns, 2.0599 us/op
WorkloadWarmup   9: 262144 op, 565070300.00 ns, 2.1556 us/op
WorkloadWarmup  10: 262144 op, 541535800.00 ns, 2.0658 us/op

// BeforeActualRun
WorkloadActual   1: 262144 op, 556906100.00 ns, 2.1244 us/op
WorkloadActual   2: 262144 op, 570880300.00 ns, 2.1777 us/op
WorkloadActual   3: 262144 op, 574316200.00 ns, 2.1908 us/op
WorkloadActual   4: 262144 op, 555571500.00 ns, 2.1193 us/op
WorkloadActual   5: 262144 op, 571333900.00 ns, 2.1795 us/op
WorkloadActual   6: 262144 op, 573737300.00 ns, 2.1886 us/op
WorkloadActual   7: 262144 op, 571467600.00 ns, 2.1800 us/op
WorkloadActual   8: 262144 op, 554778400.00 ns, 2.1163 us/op
WorkloadActual   9: 262144 op, 558244100.00 ns, 2.1295 us/op
WorkloadActual  10: 262144 op, 561986300.00 ns, 2.1438 us/op
WorkloadActual  11: 262144 op, 572493800.00 ns, 2.1839 us/op
WorkloadActual  12: 262144 op, 551394200.00 ns, 2.1034 us/op
WorkloadActual  13: 262144 op, 564539300.00 ns, 2.1535 us/op
WorkloadActual  14: 262144 op, 555743800.00 ns, 2.1200 us/op
WorkloadActual  15: 262144 op, 622924100.00 ns, 2.3763 us/op

// AfterActualRun
WorkloadResult   1: 262144 op, 555616600.00 ns, 2.1195 us/op
WorkloadResult   2: 262144 op, 569590800.00 ns, 2.1728 us/op
WorkloadResult   3: 262144 op, 573026700.00 ns, 2.1859 us/op
WorkloadResult   4: 262144 op, 554282000.00 ns, 2.1144 us/op
WorkloadResult   5: 262144 op, 570044400.00 ns, 2.1745 us/op
WorkloadResult   6: 262144 op, 572447800.00 ns, 2.1837 us/op
WorkloadResult   7: 262144 op, 570178100.00 ns, 2.1751 us/op
WorkloadResult   8: 262144 op, 553488900.00 ns, 2.1114 us/op
WorkloadResult   9: 262144 op, 556954600.00 ns, 2.1246 us/op
WorkloadResult  10: 262144 op, 560696800.00 ns, 2.1389 us/op
WorkloadResult  11: 262144 op, 571204300.00 ns, 2.1790 us/op
WorkloadResult  12: 262144 op, 550104700.00 ns, 2.0985 us/op
WorkloadResult  13: 262144 op, 563249800.00 ns, 2.1486 us/op
WorkloadResult  14: 262144 op, 554454300.00 ns, 2.1151 us/op
// GC:  1106 2 0 13885243392 262144
// Threading:  0 0 262144

// AfterAll
// Benchmark Process 5728 has exited with code 0.

Mean = 2.146 μs, StdErr = 0.008 μs (0.40%), N = 14, StdDev = 0.032 μs
Min = 2.098 μs, Q1 = 2.116 μs, Median = 2.144 μs, Q3 = 2.175 μs, Max = 2.186 μs
IQR = 0.059 μs, LowerFence = 2.028 μs, UpperFence = 2.263 μs
ConfidenceInterval = [2.110 μs; 2.182 μs] (CI 99.9%), Margin = 0.036 μs (1.67% of Mean)
Skewness = -0.03, Kurtosis = 1.18, MValue = 2

// ** Remained 7 (87.5%) benchmark(s) to run. Estimated finish 2026-09-21 2:30 (0h 2m from now) **
Setup power plan (GUID: 8c5e7fda-e8bf-4a96-9a85-a6e23a8c635c FriendlyName: High performance)
// **************************
// Benchmark: BenchMark.StringBuilderConcatenation: DefaultJob [Iterations=100]
// *** Execute ***
// Launch: 1 / 1
// Execute: dotnet AcademyScheduleAnalyzer-DefaultJob-1.dll --anonymousPipes 1392 1500 --benchmarkName "BenchMark.StringBuilderConcatenation(Iterations: 100)" --job Default --benchmarkId 1 in D:\Simulation Resources\Marwan-Haitham2142023-Assignment-4\AcademyScheduleAnalyzer\AcademyScheduleAnalyzer\bin\Release\net10.0\AcademyScheduleAnalyzer-DefaultJob-1\bin\Release\net10.0
// BeforeAnythingElse

// Benchmark Process Environment Information:
// BenchmarkDotNet v0.15.8
// Runtime=.NET 10.0.12 (10.0.12, 10.0.1226.42308), X64 RyuJIT x86-64-v3
// GC=Non-concurrent Workstation
// HardwareIntrinsics=AVX2+BMI1+BMI2+F16C+FMA+LZCNT+MOVBE,AVX,SSE3+SSSE3+SSE4.1+SSE4.2+POPCNT,X86Base+SSE+SSE2,AES+PCLMUL,AvxVnni,SERIALIZE VectorSize=256
// Job: DefaultJob

OverheadJitting  1: 1 op, 198500.00 ns, 198.5000 us/op
WorkloadJitting  1: 1 op, 312200.00 ns, 312.2000 us/op

OverheadJitting  2: 16 op, 526400.00 ns, 32.9000 us/op
WorkloadJitting  2: 16 op, 483000.00 ns, 30.1875 us/op

WorkloadPilot    1: 16 op, 44800.00 ns, 2.8000 us/op
WorkloadPilot    2: 32 op, 76300.00 ns, 2.3844 us/op
WorkloadPilot    3: 64 op, 174400.00 ns, 2.7250 us/op
WorkloadPilot    4: 128 op, 336900.00 ns, 2.6320 us/op
WorkloadPilot    5: 256 op, 617900.00 ns, 2.4137 us/op
WorkloadPilot    6: 512 op, 1394100.00 ns, 2.7229 us/op
WorkloadPilot    7: 1024 op, 2041300.00 ns, 1.9935 us/op
WorkloadPilot    8: 2048 op, 3982800.00 ns, 1.9447 us/op
WorkloadPilot    9: 4096 op, 7608800.00 ns, 1.8576 us/op
WorkloadPilot   10: 8192 op, 12487400.00 ns, 1.5243 us/op
WorkloadPilot   11: 16384 op, 19635700.00 ns, 1.1985 us/op
WorkloadPilot   12: 32768 op, 37920300.00 ns, 1.1572 us/op
WorkloadPilot   13: 65536 op, 82558700.00 ns, 1.2597 us/op
WorkloadPilot   14: 131072 op, 65394700.00 ns, 498.9220 ns/op
WorkloadPilot   15: 262144 op, 72615800.00 ns, 277.0073 ns/op
WorkloadPilot   16: 524288 op, 141459900.00 ns, 269.8133 ns/op
WorkloadPilot   17: 1048576 op, 306042400.00 ns, 291.8648 ns/op
WorkloadPilot   18: 2097152 op, 592204100.00 ns, 282.3849 ns/op

OverheadWarmup   1: 2097152 op, 9011600.00 ns, 4.2971 ns/op
OverheadWarmup   2: 2097152 op, 9423300.00 ns, 4.4934 ns/op
OverheadWarmup   3: 2097152 op, 9779100.00 ns, 4.6630 ns/op
OverheadWarmup   4: 2097152 op, 9640300.00 ns, 4.5969 ns/op
OverheadWarmup   5: 2097152 op, 9737800.00 ns, 4.6433 ns/op
OverheadWarmup   6: 2097152 op, 9266900.00 ns, 4.4188 ns/op

OverheadActual   1: 2097152 op, 9646700.00 ns, 4.5999 ns/op
OverheadActual   2: 2097152 op, 9466700.00 ns, 4.5141 ns/op
OverheadActual   3: 2097152 op, 9648500.00 ns, 4.6008 ns/op
OverheadActual   4: 2097152 op, 9915200.00 ns, 4.7279 ns/op
OverheadActual   5: 2097152 op, 9775100.00 ns, 4.6611 ns/op
OverheadActual   6: 2097152 op, 10200900.00 ns, 4.8642 ns/op
OverheadActual   7: 2097152 op, 10690400.00 ns, 5.0976 ns/op
OverheadActual   8: 2097152 op, 10407500.00 ns, 4.9627 ns/op
OverheadActual   9: 2097152 op, 10449500.00 ns, 4.9827 ns/op
OverheadActual  10: 2097152 op, 10467300.00 ns, 4.9912 ns/op
OverheadActual  11: 2097152 op, 10346300.00 ns, 4.9335 ns/op
OverheadActual  12: 2097152 op, 10304500.00 ns, 4.9136 ns/op
OverheadActual  13: 2097152 op, 10205200.00 ns, 4.8662 ns/op
OverheadActual  14: 2097152 op, 10350500.00 ns, 4.9355 ns/op
OverheadActual  15: 2097152 op, 10320500.00 ns, 4.9212 ns/op

WorkloadWarmup   1: 2097152 op, 593185900.00 ns, 282.8531 ns/op
WorkloadWarmup   2: 2097152 op, 575046700.00 ns, 274.2036 ns/op
WorkloadWarmup   3: 2097152 op, 568643300.00 ns, 271.1503 ns/op
WorkloadWarmup   4: 2097152 op, 577202200.00 ns, 275.2315 ns/op
WorkloadWarmup   5: 2097152 op, 562928500.00 ns, 268.4252 ns/op
WorkloadWarmup   6: 2097152 op, 572424000.00 ns, 272.9530 ns/op
WorkloadWarmup   7: 2097152 op, 544206100.00 ns, 259.4977 ns/op

// BeforeActualRun
WorkloadActual   1: 2097152 op, 541278700.00 ns, 258.1018 ns/op
WorkloadActual   2: 2097152 op, 565081900.00 ns, 269.4520 ns/op
WorkloadActual   3: 2097152 op, 527226100.00 ns, 251.4010 ns/op
WorkloadActual   4: 2097152 op, 562433200.00 ns, 268.1890 ns/op
WorkloadActual   5: 2097152 op, 534482100.00 ns, 254.8609 ns/op
WorkloadActual   6: 2097152 op, 478145900.00 ns, 227.9977 ns/op
WorkloadActual   7: 2097152 op, 440527300.00 ns, 210.0598 ns/op
WorkloadActual   8: 2097152 op, 442315200.00 ns, 210.9123 ns/op
WorkloadActual   9: 2097152 op, 439883700.00 ns, 209.7529 ns/op
WorkloadActual  10: 2097152 op, 437770300.00 ns, 208.7451 ns/op
WorkloadActual  11: 2097152 op, 435890000.00 ns, 207.8485 ns/op
WorkloadActual  12: 2097152 op, 440227500.00 ns, 209.9168 ns/op
WorkloadActual  13: 2097152 op, 443992300.00 ns, 211.7120 ns/op
WorkloadActual  14: 2097152 op, 436600200.00 ns, 208.1872 ns/op
WorkloadActual  15: 2097152 op, 443820000.00 ns, 211.6299 ns/op
WorkloadActual  16: 2097152 op, 436879400.00 ns, 208.3203 ns/op
WorkloadActual  17: 2097152 op, 441081300.00 ns, 210.3240 ns/op
WorkloadActual  18: 2097152 op, 436503700.00 ns, 208.1412 ns/op
WorkloadActual  19: 2097152 op, 435646200.00 ns, 207.7323 ns/op
WorkloadActual  20: 2097152 op, 433698300.00 ns, 206.8035 ns/op
WorkloadActual  21: 2097152 op, 427907800.00 ns, 204.0423 ns/op
WorkloadActual  22: 2097152 op, 429523700.00 ns, 204.8129 ns/op
WorkloadActual  23: 2097152 op, 430857300.00 ns, 205.4488 ns/op
WorkloadActual  24: 2097152 op, 428519300.00 ns, 204.3339 ns/op
WorkloadActual  25: 2097152 op, 432345600.00 ns, 206.1584 ns/op

// AfterActualRun
WorkloadResult   1: 2097152 op, 430222800.00 ns, 205.1462 ns/op
WorkloadResult   2: 2097152 op, 432010700.00 ns, 205.9988 ns/op
WorkloadResult   3: 2097152 op, 429579200.00 ns, 204.8393 ns/op
WorkloadResult   4: 2097152 op, 427465800.00 ns, 203.8316 ns/op
WorkloadResult   5: 2097152 op, 425585500.00 ns, 202.9350 ns/op
WorkloadResult   6: 2097152 op, 429923000.00 ns, 205.0033 ns/op
WorkloadResult   7: 2097152 op, 433687800.00 ns, 206.7985 ns/op
WorkloadResult   8: 2097152 op, 426295700.00 ns, 203.2736 ns/op
WorkloadResult   9: 2097152 op, 433515500.00 ns, 206.7163 ns/op
WorkloadResult  10: 2097152 op, 426574900.00 ns, 203.4068 ns/op
WorkloadResult  11: 2097152 op, 430776800.00 ns, 205.4104 ns/op
WorkloadResult  12: 2097152 op, 426199200.00 ns, 203.2276 ns/op
WorkloadResult  13: 2097152 op, 425341700.00 ns, 202.8187 ns/op
WorkloadResult  14: 2097152 op, 423393800.00 ns, 201.8899 ns/op
WorkloadResult  15: 2097152 op, 417603300.00 ns, 199.1288 ns/op
WorkloadResult  16: 2097152 op, 419219200.00 ns, 199.8993 ns/op
WorkloadResult  17: 2097152 op, 420552800.00 ns, 200.5352 ns/op
WorkloadResult  18: 2097152 op, 418214800.00 ns, 199.4204 ns/op
WorkloadResult  19: 2097152 op, 422041100.00 ns, 201.2449 ns/op
// GC:  414 0 0 5200937296 2097152
// Threading:  0 0 2097152

// AfterAll
// Benchmark Process 14224 has exited with code 0.

Mean = 203.238 ns, StdErr = 0.548 ns (0.27%), N = 19, StdDev = 2.390 ns
Min = 199.129 ns, Q1 = 201.567 ns, Median = 203.274 ns, Q3 = 205.075 ns, Max = 206.798 ns
IQR = 3.507 ns, LowerFence = 196.306 ns, UpperFence = 210.336 ns
ConfidenceInterval = [201.088 ns; 205.388 ns] (CI 99.9%), Margin = 2.150 ns (1.06% of Mean)
Skewness = -0.22, Kurtosis = 1.79, MValue = 2

// ** Remained 6 (75.0%) benchmark(s) to run. Estimated finish 2026-09-21 2:30 (0h 1m from now) **
Setup power plan (GUID: 8c5e7fda-e8bf-4a96-9a85-a6e23a8c635c FriendlyName: High performance)
// **************************
// Benchmark: BenchMark.StringConcatenation: DefaultJob [Iterations=1000]
// *** Execute ***
// Launch: 1 / 1
// Execute: dotnet AcademyScheduleAnalyzer-DefaultJob-1.dll --anonymousPipes 1504 1404 --benchmarkName "BenchMark.StringConcatenation(Iterations: 1000)" --job Default --benchmarkId 2 in D:\Simulation Resources\Marwan-Haitham2142023-Assignment-4\AcademyScheduleAnalyzer\AcademyScheduleAnalyzer\bin\Release\net10.0\AcademyScheduleAnalyzer-DefaultJob-1\bin\Release\net10.0
// BeforeAnythingElse

// Benchmark Process Environment Information:
// BenchmarkDotNet v0.15.8
// Runtime=.NET 10.0.12 (10.0.12, 10.0.1226.42308), X64 RyuJIT x86-64-v3
// GC=Non-concurrent Workstation
// HardwareIntrinsics=AVX2+BMI1+BMI2+F16C+FMA+LZCNT+MOVBE,AVX,SSE3+SSSE3+SSE4.1+SSE4.2+POPCNT,X86Base+SSE+SSE2,AES+PCLMUL,AvxVnni,SERIALIZE VectorSize=256
// Job: DefaultJob

OverheadJitting  1: 1 op, 148600.00 ns, 148.6000 us/op
WorkloadJitting  1: 1 op, 1831600.00 ns, 1.8316 ms/op

OverheadJitting  2: 16 op, 354400.00 ns, 22.1500 us/op
WorkloadJitting  2: 16 op, 7855700.00 ns, 490.9813 us/op

WorkloadPilot    1: 16 op, 4873100.00 ns, 304.5688 us/op
WorkloadPilot    2: 32 op, 8133900.00 ns, 254.1844 us/op
WorkloadPilot    3: 64 op, 12482500.00 ns, 195.0391 us/op
WorkloadPilot    4: 128 op, 25282900.00 ns, 197.5227 us/op
WorkloadPilot    5: 256 op, 46542000.00 ns, 181.8047 us/op
WorkloadPilot    6: 512 op, 92046900.00 ns, 179.7791 us/op
WorkloadPilot    7: 1024 op, 172982000.00 ns, 168.9277 us/op
WorkloadPilot    8: 2048 op, 345953500.00 ns, 168.9226 us/op
WorkloadPilot    9: 4096 op, 725225900.00 ns, 177.0571 us/op

OverheadWarmup   1: 4096 op, 17200.00 ns, 4.1992 ns/op
OverheadWarmup   2: 4096 op, 15600.00 ns, 3.8086 ns/op
OverheadWarmup   3: 4096 op, 15200.00 ns, 3.7109 ns/op
OverheadWarmup   4: 4096 op, 16500.00 ns, 4.0283 ns/op
OverheadWarmup   5: 4096 op, 23900.00 ns, 5.8350 ns/op
OverheadWarmup   6: 4096 op, 15300.00 ns, 3.7354 ns/op
OverheadWarmup   7: 4096 op, 14500.00 ns, 3.5400 ns/op
OverheadWarmup   8: 4096 op, 14400.00 ns, 3.5156 ns/op
OverheadWarmup   9: 4096 op, 14500.00 ns, 3.5400 ns/op
OverheadWarmup  10: 4096 op, 14600.00 ns, 3.5645 ns/op

OverheadActual   1: 4096 op, 14500.00 ns, 3.5400 ns/op
OverheadActual   2: 4096 op, 15800.00 ns, 3.8574 ns/op
OverheadActual   3: 4096 op, 20300.00 ns, 4.9561 ns/op
OverheadActual   4: 4096 op, 14700.00 ns, 3.5889 ns/op
OverheadActual   5: 4096 op, 14800.00 ns, 3.6133 ns/op
OverheadActual   6: 4096 op, 25000.00 ns, 6.1035 ns/op
OverheadActual   7: 4096 op, 17000.00 ns, 4.1504 ns/op
OverheadActual   8: 4096 op, 15200.00 ns, 3.7109 ns/op
OverheadActual   9: 4096 op, 15000.00 ns, 3.6621 ns/op
OverheadActual  10: 4096 op, 14900.00 ns, 3.6377 ns/op
OverheadActual  11: 4096 op, 16100.00 ns, 3.9307 ns/op
OverheadActual  12: 4096 op, 15200.00 ns, 3.7109 ns/op
OverheadActual  13: 4096 op, 16000.00 ns, 3.9063 ns/op
OverheadActual  14: 4096 op, 15900.00 ns, 3.8818 ns/op
OverheadActual  15: 4096 op, 24600.00 ns, 6.0059 ns/op
OverheadActual  16: 4096 op, 27600.00 ns, 6.7383 ns/op
OverheadActual  17: 4096 op, 24800.00 ns, 6.0547 ns/op
OverheadActual  18: 4096 op, 18700.00 ns, 4.5654 ns/op
OverheadActual  19: 4096 op, 24600.00 ns, 6.0059 ns/op
OverheadActual  20: 4096 op, 25400.00 ns, 6.2012 ns/op

WorkloadWarmup   1: 4096 op, 670959200.00 ns, 163.8084 us/op
WorkloadWarmup   2: 4096 op, 663941100.00 ns, 162.0950 us/op
WorkloadWarmup   3: 4096 op, 650054000.00 ns, 158.7046 us/op
WorkloadWarmup   4: 4096 op, 659699500.00 ns, 161.0594 us/op
WorkloadWarmup   5: 4096 op, 666684700.00 ns, 162.7648 us/op
WorkloadWarmup   6: 4096 op, 652378000.00 ns, 159.2720 us/op
WorkloadWarmup   7: 4096 op, 664636200.00 ns, 162.2647 us/op
WorkloadWarmup   8: 4096 op, 657163000.00 ns, 160.4402 us/op

// BeforeActualRun
WorkloadActual   1: 4096 op, 664102300.00 ns, 162.1344 us/op
WorkloadActual   2: 4096 op, 676898200.00 ns, 165.2583 us/op
WorkloadActual   3: 4096 op, 686583700.00 ns, 167.6230 us/op
WorkloadActual   4: 4096 op, 681661200.00 ns, 166.4212 us/op
WorkloadActual   5: 4096 op, 678928900.00 ns, 165.7541 us/op
WorkloadActual   6: 4096 op, 678904400.00 ns, 165.7481 us/op
WorkloadActual   7: 4096 op, 684930700.00 ns, 167.2194 us/op
WorkloadActual   8: 4096 op, 684798300.00 ns, 167.1871 us/op
WorkloadActual   9: 4096 op, 681256200.00 ns, 166.3223 us/op
WorkloadActual  10: 4096 op, 700731200.00 ns, 171.0770 us/op
WorkloadActual  11: 4096 op, 703832000.00 ns, 171.8340 us/op
WorkloadActual  12: 4096 op, 697226500.00 ns, 170.2213 us/op
WorkloadActual  13: 4096 op, 684638800.00 ns, 167.1481 us/op
WorkloadActual  14: 4096 op, 682249800.00 ns, 166.5649 us/op
WorkloadActual  15: 4096 op, 739405700.00 ns, 180.5190 us/op

// AfterActualRun
WorkloadResult   1: 4096 op, 664086250.00 ns, 162.1304 us/op
WorkloadResult   2: 4096 op, 676882150.00 ns, 165.2544 us/op
WorkloadResult   3: 4096 op, 686567650.00 ns, 167.6191 us/op
WorkloadResult   4: 4096 op, 681645150.00 ns, 166.4173 us/op
WorkloadResult   5: 4096 op, 678912850.00 ns, 165.7502 us/op
WorkloadResult   6: 4096 op, 678888350.00 ns, 165.7442 us/op
WorkloadResult   7: 4096 op, 684914650.00 ns, 167.2155 us/op
WorkloadResult   8: 4096 op, 684782250.00 ns, 167.1832 us/op
WorkloadResult   9: 4096 op, 681240150.00 ns, 166.3184 us/op
WorkloadResult  10: 4096 op, 700715150.00 ns, 171.0730 us/op
WorkloadResult  11: 4096 op, 703815950.00 ns, 171.8301 us/op
WorkloadResult  12: 4096 op, 697210450.00 ns, 170.2174 us/op
WorkloadResult  13: 4096 op, 684622750.00 ns, 167.1442 us/op
WorkloadResult  14: 4096 op, 682233750.00 ns, 166.5610 us/op
// GC:  1642 41 0 20602749264 4096
// Threading:  0 0 4096

// AfterAll
// Benchmark Process 9956 has exited with code 0.

Mean = 167.176 μs, StdErr = 0.668 μs (0.40%), N = 14, StdDev = 2.500 μs
Min = 162.130 μs, Q1 = 165.892 μs, Median = 166.853 μs, Q3 = 167.518 μs, Max = 171.830 μs
IQR = 1.626 μs, LowerFence = 163.453 μs, UpperFence = 169.957 μs
ConfidenceInterval = [164.356 μs; 169.995 μs] (CI 99.9%), Margin = 2.820 μs (1.69% of Mean)
Skewness = 0.21, Kurtosis = 2.67, MValue = 2

// ** Remained 5 (62.5%) benchmark(s) to run. Estimated finish 2026-09-21 2:30 (0h 1m from now) **
Setup power plan (GUID: 8c5e7fda-e8bf-4a96-9a85-a6e23a8c635c FriendlyName: High performance)
// **************************
// Benchmark: BenchMark.StringBuilderConcatenation: DefaultJob [Iterations=1000]
// *** Execute ***
// Launch: 1 / 1
// Execute: dotnet AcademyScheduleAnalyzer-DefaultJob-1.dll --anonymousPipes 1516 1424 --benchmarkName "BenchMark.StringBuilderConcatenation(Iterations: 1000)" --job Default --benchmarkId 3 in D:\Simulation Resources\Marwan-Haitham2142023-Assignment-4\AcademyScheduleAnalyzer\AcademyScheduleAnalyzer\bin\Release\net10.0\AcademyScheduleAnalyzer-DefaultJob-1\bin\Release\net10.0
// BeforeAnythingElse

// Benchmark Process Environment Information:
// BenchmarkDotNet v0.15.8
// Runtime=.NET 10.0.12 (10.0.12, 10.0.1226.42308), X64 RyuJIT x86-64-v3
// GC=Non-concurrent Workstation
// HardwareIntrinsics=AVX2+BMI1+BMI2+F16C+FMA+LZCNT+MOVBE,AVX,SSE3+SSSE3+SSE4.1+SSE4.2+POPCNT,X86Base+SSE+SSE2,AES+PCLMUL,AvxVnni,SERIALIZE VectorSize=256
// Job: DefaultJob

OverheadJitting  1: 1 op, 194800.00 ns, 194.8000 us/op
WorkloadJitting  1: 1 op, 378300.00 ns, 378.3000 us/op

OverheadJitting  2: 16 op, 435700.00 ns, 27.2313 us/op
WorkloadJitting  2: 16 op, 18983300.00 ns, 1.1865 ms/op

WorkloadPilot    1: 16 op, 261000.00 ns, 16.3125 us/op
WorkloadPilot    2: 32 op, 507900.00 ns, 15.8719 us/op
WorkloadPilot    3: 64 op, 964700.00 ns, 15.0734 us/op
WorkloadPilot    4: 128 op, 1976100.00 ns, 15.4383 us/op
WorkloadPilot    5: 256 op, 3904200.00 ns, 15.2508 us/op
WorkloadPilot    6: 512 op, 7436300.00 ns, 14.5240 us/op
WorkloadPilot    7: 1024 op, 10875200.00 ns, 10.6203 us/op
WorkloadPilot    8: 2048 op, 22138000.00 ns, 10.8096 us/op
WorkloadPilot    9: 4096 op, 40408000.00 ns, 9.8652 us/op
WorkloadPilot   10: 8192 op, 78382000.00 ns, 9.5681 us/op
WorkloadPilot   11: 16384 op, 123179800.00 ns, 7.5183 us/op
WorkloadPilot   12: 32768 op, 111811900.00 ns, 3.4122 us/op
WorkloadPilot   13: 65536 op, 126874300.00 ns, 1.9359 us/op
WorkloadPilot   14: 131072 op, 247753500.00 ns, 1.8902 us/op
WorkloadPilot   15: 262144 op, 504734800.00 ns, 1.9254 us/op

OverheadWarmup   1: 262144 op, 1317200.00 ns, 5.0247 ns/op
OverheadWarmup   2: 262144 op, 1114300.00 ns, 4.2507 ns/op
OverheadWarmup   3: 262144 op, 1111100.00 ns, 4.2385 ns/op
OverheadWarmup   4: 262144 op, 1102000.00 ns, 4.2038 ns/op
OverheadWarmup   5: 262144 op, 1502100.00 ns, 5.7301 ns/op
OverheadWarmup   6: 262144 op, 1161200.00 ns, 4.4296 ns/op
OverheadWarmup   7: 262144 op, 1211800.00 ns, 4.6227 ns/op
OverheadWarmup   8: 262144 op, 1195900.00 ns, 4.5620 ns/op

OverheadActual   1: 262144 op, 1163200.00 ns, 4.4373 ns/op
OverheadActual   2: 262144 op, 1161200.00 ns, 4.4296 ns/op
OverheadActual   3: 262144 op, 1172400.00 ns, 4.4724 ns/op
OverheadActual   4: 262144 op, 1193600.00 ns, 4.5532 ns/op
OverheadActual   5: 262144 op, 1196600.00 ns, 4.5647 ns/op
OverheadActual   6: 262144 op, 1183400.00 ns, 4.5143 ns/op
OverheadActual   7: 262144 op, 1180300.00 ns, 4.5025 ns/op
OverheadActual   8: 262144 op, 1180000.00 ns, 4.5013 ns/op
OverheadActual   9: 262144 op, 1207800.00 ns, 4.6074 ns/op
OverheadActual  10: 262144 op, 1212500.00 ns, 4.6253 ns/op
OverheadActual  11: 262144 op, 1194400.00 ns, 4.5563 ns/op
OverheadActual  12: 262144 op, 1215800.00 ns, 4.6379 ns/op
OverheadActual  13: 262144 op, 1208700.00 ns, 4.6108 ns/op
OverheadActual  14: 262144 op, 1199900.00 ns, 4.5773 ns/op
OverheadActual  15: 262144 op, 1196400.00 ns, 4.5639 ns/op

WorkloadWarmup   1: 262144 op, 497332800.00 ns, 1.8972 us/op
WorkloadWarmup   2: 262144 op, 506599700.00 ns, 1.9325 us/op
WorkloadWarmup   3: 262144 op, 490454800.00 ns, 1.8709 us/op
WorkloadWarmup   4: 262144 op, 498832500.00 ns, 1.9029 us/op
WorkloadWarmup   5: 262144 op, 673480400.00 ns, 2.5691 us/op
WorkloadWarmup   6: 262144 op, 517446100.00 ns, 1.9739 us/op

// BeforeActualRun
WorkloadActual   1: 262144 op, 501254100.00 ns, 1.9121 us/op
WorkloadActual   2: 262144 op, 555566800.00 ns, 2.1193 us/op
WorkloadActual   3: 262144 op, 516064500.00 ns, 1.9686 us/op
WorkloadActual   4: 262144 op, 527769400.00 ns, 2.0133 us/op
WorkloadActual   5: 262144 op, 504390100.00 ns, 1.9241 us/op
WorkloadActual   6: 262144 op, 515732600.00 ns, 1.9674 us/op
WorkloadActual   7: 262144 op, 507906700.00 ns, 1.9375 us/op
WorkloadActual   8: 262144 op, 518671700.00 ns, 1.9786 us/op
WorkloadActual   9: 262144 op, 529161800.00 ns, 2.0186 us/op
WorkloadActual  10: 262144 op, 525701600.00 ns, 2.0054 us/op
WorkloadActual  11: 262144 op, 517121600.00 ns, 1.9727 us/op
WorkloadActual  12: 262144 op, 513375500.00 ns, 1.9584 us/op
WorkloadActual  13: 262144 op, 515842200.00 ns, 1.9678 us/op
WorkloadActual  14: 262144 op, 485292600.00 ns, 1.8512 us/op
WorkloadActual  15: 262144 op, 502899300.00 ns, 1.9184 us/op
WorkloadActual  16: 262144 op, 485687200.00 ns, 1.8527 us/op
WorkloadActual  17: 262144 op, 488625300.00 ns, 1.8640 us/op
WorkloadActual  18: 262144 op, 406724400.00 ns, 1.5515 us/op
WorkloadActual  19: 262144 op, 410018900.00 ns, 1.5641 us/op
WorkloadActual  20: 262144 op, 410267700.00 ns, 1.5650 us/op
WorkloadActual  21: 262144 op, 408943900.00 ns, 1.5600 us/op
WorkloadActual  22: 262144 op, 403501200.00 ns, 1.5392 us/op
WorkloadActual  23: 262144 op, 410098500.00 ns, 1.5644 us/op
WorkloadActual  24: 262144 op, 407888200.00 ns, 1.5560 us/op
WorkloadActual  25: 262144 op, 406410400.00 ns, 1.5503 us/op
WorkloadActual  26: 262144 op, 411409100.00 ns, 1.5694 us/op
WorkloadActual  27: 262144 op, 410099300.00 ns, 1.5644 us/op
WorkloadActual  28: 262144 op, 410033400.00 ns, 1.5642 us/op
WorkloadActual  29: 262144 op, 406839800.00 ns, 1.5520 us/op
WorkloadActual  30: 262144 op, 410107600.00 ns, 1.5644 us/op
WorkloadActual  31: 262144 op, 419223700.00 ns, 1.5992 us/op
WorkloadActual  32: 262144 op, 409559900.00 ns, 1.5623 us/op
WorkloadActual  33: 262144 op, 409357600.00 ns, 1.5616 us/op
WorkloadActual  34: 262144 op, 401477000.00 ns, 1.5315 us/op
WorkloadActual  35: 262144 op, 402329600.00 ns, 1.5348 us/op
WorkloadActual  36: 262144 op, 409057800.00 ns, 1.5604 us/op
WorkloadActual  37: 262144 op, 407050900.00 ns, 1.5528 us/op
WorkloadActual  38: 262144 op, 404951600.00 ns, 1.5448 us/op
WorkloadActual  39: 262144 op, 404143500.00 ns, 1.5417 us/op
WorkloadActual  40: 262144 op, 413820200.00 ns, 1.5786 us/op
WorkloadActual  41: 262144 op, 406746200.00 ns, 1.5516 us/op
WorkloadActual  42: 262144 op, 405236000.00 ns, 1.5459 us/op
WorkloadActual  43: 262144 op, 402250800.00 ns, 1.5345 us/op
WorkloadActual  44: 262144 op, 408116000.00 ns, 1.5568 us/op
WorkloadActual  45: 262144 op, 404587600.00 ns, 1.5434 us/op
WorkloadActual  46: 262144 op, 399761000.00 ns, 1.5250 us/op
WorkloadActual  47: 262144 op, 408771300.00 ns, 1.5593 us/op
WorkloadActual  48: 262144 op, 407392800.00 ns, 1.5541 us/op
WorkloadActual  49: 262144 op, 405429000.00 ns, 1.5466 us/op
WorkloadActual  50: 262144 op, 405234500.00 ns, 1.5458 us/op
WorkloadActual  51: 262144 op, 411572300.00 ns, 1.5700 us/op
WorkloadActual  52: 262144 op, 410229400.00 ns, 1.5649 us/op
WorkloadActual  53: 262144 op, 414168700.00 ns, 1.5799 us/op
WorkloadActual  54: 262144 op, 420725300.00 ns, 1.6049 us/op
WorkloadActual  55: 262144 op, 410271400.00 ns, 1.5651 us/op
WorkloadActual  56: 262144 op, 425750300.00 ns, 1.6241 us/op
WorkloadActual  57: 262144 op, 467774100.00 ns, 1.7844 us/op
WorkloadActual  58: 262144 op, 512092100.00 ns, 1.9535 us/op
WorkloadActual  59: 262144 op, 497039500.00 ns, 1.8961 us/op
WorkloadActual  60: 262144 op, 520950300.00 ns, 1.9873 us/op
WorkloadActual  61: 262144 op, 500222000.00 ns, 1.9082 us/op
WorkloadActual  62: 262144 op, 518959800.00 ns, 1.9797 us/op
WorkloadActual  63: 262144 op, 495410800.00 ns, 1.8898 us/op
WorkloadActual  64: 262144 op, 492753500.00 ns, 1.8797 us/op
WorkloadActual  65: 262144 op, 523781200.00 ns, 1.9981 us/op
WorkloadActual  66: 262144 op, 496974600.00 ns, 1.8958 us/op
WorkloadActual  67: 262144 op, 501467700.00 ns, 1.9129 us/op
WorkloadActual  68: 262144 op, 492252700.00 ns, 1.8778 us/op
WorkloadActual  69: 262144 op, 499412700.00 ns, 1.9051 us/op
WorkloadActual  70: 262144 op, 488884000.00 ns, 1.8649 us/op
WorkloadActual  71: 262144 op, 501134800.00 ns, 1.9117 us/op
WorkloadActual  72: 262144 op, 489198200.00 ns, 1.8661 us/op
WorkloadActual  73: 262144 op, 495250800.00 ns, 1.8892 us/op
WorkloadActual  74: 262144 op, 512075200.00 ns, 1.9534 us/op
WorkloadActual  75: 262144 op, 523237900.00 ns, 1.9960 us/op
WorkloadActual  76: 262144 op, 515814000.00 ns, 1.9677 us/op
WorkloadActual  77: 262144 op, 520658200.00 ns, 1.9862 us/op
WorkloadActual  78: 262144 op, 502270300.00 ns, 1.9160 us/op
WorkloadActual  79: 262144 op, 485778100.00 ns, 1.8531 us/op
WorkloadActual  80: 262144 op, 526121900.00 ns, 2.0070 us/op
WorkloadActual  81: 262144 op, 467441200.00 ns, 1.7831 us/op
WorkloadActual  82: 262144 op, 410133500.00 ns, 1.5645 us/op
WorkloadActual  83: 262144 op, 401073500.00 ns, 1.5300 us/op
WorkloadActual  84: 262144 op, 407157400.00 ns, 1.5532 us/op
WorkloadActual  85: 262144 op, 405216900.00 ns, 1.5458 us/op
WorkloadActual  86: 262144 op, 403039400.00 ns, 1.5375 us/op
WorkloadActual  87: 262144 op, 403021400.00 ns, 1.5374 us/op
WorkloadActual  88: 262144 op, 402680800.00 ns, 1.5361 us/op
WorkloadActual  89: 262144 op, 402112100.00 ns, 1.5339 us/op
WorkloadActual  90: 262144 op, 404170700.00 ns, 1.5418 us/op
WorkloadActual  91: 262144 op, 403302600.00 ns, 1.5385 us/op
WorkloadActual  92: 262144 op, 401406200.00 ns, 1.5312 us/op
WorkloadActual  93: 262144 op, 401876700.00 ns, 1.5330 us/op
WorkloadActual  94: 262144 op, 404873600.00 ns, 1.5445 us/op
WorkloadActual  95: 262144 op, 401229000.00 ns, 1.5306 us/op
WorkloadActual  96: 262144 op, 406575900.00 ns, 1.5510 us/op
WorkloadActual  97: 262144 op, 404383200.00 ns, 1.5426 us/op
WorkloadActual  98: 262144 op, 408671000.00 ns, 1.5590 us/op
WorkloadActual  99: 262144 op, 405088400.00 ns, 1.5453 us/op
WorkloadActual  100: 262144 op, 400933900.00 ns, 1.5294 us/op

// AfterActualRun
WorkloadResult   1: 262144 op, 500059700.00 ns, 1.9076 us/op
WorkloadResult   2: 262144 op, 554372400.00 ns, 2.1148 us/op
WorkloadResult   3: 262144 op, 514870100.00 ns, 1.9641 us/op
WorkloadResult   4: 262144 op, 526575000.00 ns, 2.0087 us/op
WorkloadResult   5: 262144 op, 503195700.00 ns, 1.9195 us/op
WorkloadResult   6: 262144 op, 514538200.00 ns, 1.9628 us/op
WorkloadResult   7: 262144 op, 506712300.00 ns, 1.9330 us/op
WorkloadResult   8: 262144 op, 517477300.00 ns, 1.9740 us/op
WorkloadResult   9: 262144 op, 527967400.00 ns, 2.0140 us/op
WorkloadResult  10: 262144 op, 524507200.00 ns, 2.0008 us/op
WorkloadResult  11: 262144 op, 515927200.00 ns, 1.9681 us/op
WorkloadResult  12: 262144 op, 512181100.00 ns, 1.9538 us/op
WorkloadResult  13: 262144 op, 514647800.00 ns, 1.9632 us/op
WorkloadResult  14: 262144 op, 484098200.00 ns, 1.8467 us/op
WorkloadResult  15: 262144 op, 501704900.00 ns, 1.9139 us/op
WorkloadResult  16: 262144 op, 484492800.00 ns, 1.8482 us/op
WorkloadResult  17: 262144 op, 487430900.00 ns, 1.8594 us/op
WorkloadResult  18: 262144 op, 405530000.00 ns, 1.5470 us/op
WorkloadResult  19: 262144 op, 408824500.00 ns, 1.5595 us/op
WorkloadResult  20: 262144 op, 409073300.00 ns, 1.5605 us/op
WorkloadResult  21: 262144 op, 407749500.00 ns, 1.5554 us/op
WorkloadResult  22: 262144 op, 402306800.00 ns, 1.5347 us/op
WorkloadResult  23: 262144 op, 408904100.00 ns, 1.5598 us/op
WorkloadResult  24: 262144 op, 406693800.00 ns, 1.5514 us/op
WorkloadResult  25: 262144 op, 405216000.00 ns, 1.5458 us/op
WorkloadResult  26: 262144 op, 410214700.00 ns, 1.5648 us/op
WorkloadResult  27: 262144 op, 408904900.00 ns, 1.5598 us/op
WorkloadResult  28: 262144 op, 408839000.00 ns, 1.5596 us/op
WorkloadResult  29: 262144 op, 405645400.00 ns, 1.5474 us/op
WorkloadResult  30: 262144 op, 408913200.00 ns, 1.5599 us/op
WorkloadResult  31: 262144 op, 418029300.00 ns, 1.5947 us/op
WorkloadResult  32: 262144 op, 408365500.00 ns, 1.5578 us/op
WorkloadResult  33: 262144 op, 408163200.00 ns, 1.5570 us/op
WorkloadResult  34: 262144 op, 400282600.00 ns, 1.5270 us/op
WorkloadResult  35: 262144 op, 401135200.00 ns, 1.5302 us/op
WorkloadResult  36: 262144 op, 407863400.00 ns, 1.5559 us/op
WorkloadResult  37: 262144 op, 405856500.00 ns, 1.5482 us/op
WorkloadResult  38: 262144 op, 403757200.00 ns, 1.5402 us/op
WorkloadResult  39: 262144 op, 402949100.00 ns, 1.5371 us/op
WorkloadResult  40: 262144 op, 412625800.00 ns, 1.5740 us/op
WorkloadResult  41: 262144 op, 405551800.00 ns, 1.5471 us/op
WorkloadResult  42: 262144 op, 404041600.00 ns, 1.5413 us/op
WorkloadResult  43: 262144 op, 401056400.00 ns, 1.5299 us/op
WorkloadResult  44: 262144 op, 406921600.00 ns, 1.5523 us/op
WorkloadResult  45: 262144 op, 403393200.00 ns, 1.5388 us/op
WorkloadResult  46: 262144 op, 398566600.00 ns, 1.5204 us/op
WorkloadResult  47: 262144 op, 407576900.00 ns, 1.5548 us/op
WorkloadResult  48: 262144 op, 406198400.00 ns, 1.5495 us/op
WorkloadResult  49: 262144 op, 404234600.00 ns, 1.5420 us/op
WorkloadResult  50: 262144 op, 404040100.00 ns, 1.5413 us/op
WorkloadResult  51: 262144 op, 410377900.00 ns, 1.5655 us/op
WorkloadResult  52: 262144 op, 409035000.00 ns, 1.5603 us/op
WorkloadResult  53: 262144 op, 412974300.00 ns, 1.5754 us/op
WorkloadResult  54: 262144 op, 419530900.00 ns, 1.6004 us/op
WorkloadResult  55: 262144 op, 409077000.00 ns, 1.5605 us/op
WorkloadResult  56: 262144 op, 424555900.00 ns, 1.6196 us/op
WorkloadResult  57: 262144 op, 466579700.00 ns, 1.7799 us/op
WorkloadResult  58: 262144 op, 510897700.00 ns, 1.9489 us/op
WorkloadResult  59: 262144 op, 495845100.00 ns, 1.8915 us/op
WorkloadResult  60: 262144 op, 519755900.00 ns, 1.9827 us/op
WorkloadResult  61: 262144 op, 499027600.00 ns, 1.9036 us/op
WorkloadResult  62: 262144 op, 517765400.00 ns, 1.9751 us/op
WorkloadResult  63: 262144 op, 494216400.00 ns, 1.8853 us/op
WorkloadResult  64: 262144 op, 491559100.00 ns, 1.8751 us/op
WorkloadResult  65: 262144 op, 522586800.00 ns, 1.9935 us/op
WorkloadResult  66: 262144 op, 495780200.00 ns, 1.8913 us/op
WorkloadResult  67: 262144 op, 500273300.00 ns, 1.9084 us/op
WorkloadResult  68: 262144 op, 491058300.00 ns, 1.8732 us/op
WorkloadResult  69: 262144 op, 498218300.00 ns, 1.9006 us/op
WorkloadResult  70: 262144 op, 487689600.00 ns, 1.8604 us/op
WorkloadResult  71: 262144 op, 499940400.00 ns, 1.9071 us/op
WorkloadResult  72: 262144 op, 488003800.00 ns, 1.8616 us/op
WorkloadResult  73: 262144 op, 494056400.00 ns, 1.8847 us/op
WorkloadResult  74: 262144 op, 510880800.00 ns, 1.9489 us/op
WorkloadResult  75: 262144 op, 522043500.00 ns, 1.9914 us/op
WorkloadResult  76: 262144 op, 514619600.00 ns, 1.9631 us/op
WorkloadResult  77: 262144 op, 519463800.00 ns, 1.9816 us/op
WorkloadResult  78: 262144 op, 501075900.00 ns, 1.9115 us/op
WorkloadResult  79: 262144 op, 484583700.00 ns, 1.8485 us/op
WorkloadResult  80: 262144 op, 524927500.00 ns, 2.0024 us/op
WorkloadResult  81: 262144 op, 466246800.00 ns, 1.7786 us/op
WorkloadResult  82: 262144 op, 408939100.00 ns, 1.5600 us/op
WorkloadResult  83: 262144 op, 399879100.00 ns, 1.5254 us/op
WorkloadResult  84: 262144 op, 405963000.00 ns, 1.5486 us/op
WorkloadResult  85: 262144 op, 404022500.00 ns, 1.5412 us/op
WorkloadResult  86: 262144 op, 401845000.00 ns, 1.5329 us/op
WorkloadResult  87: 262144 op, 401827000.00 ns, 1.5328 us/op
WorkloadResult  88: 262144 op, 401486400.00 ns, 1.5315 us/op
WorkloadResult  89: 262144 op, 400917700.00 ns, 1.5294 us/op
WorkloadResult  90: 262144 op, 402976300.00 ns, 1.5372 us/op
WorkloadResult  91: 262144 op, 402108200.00 ns, 1.5339 us/op
WorkloadResult  92: 262144 op, 400211800.00 ns, 1.5267 us/op
WorkloadResult  93: 262144 op, 400682300.00 ns, 1.5285 us/op
WorkloadResult  94: 262144 op, 403679200.00 ns, 1.5399 us/op
WorkloadResult  95: 262144 op, 400034600.00 ns, 1.5260 us/op
WorkloadResult  96: 262144 op, 405381500.00 ns, 1.5464 us/op
WorkloadResult  97: 262144 op, 403188800.00 ns, 1.5380 us/op
WorkloadResult  98: 262144 op, 407476600.00 ns, 1.5544 us/op
WorkloadResult  99: 262144 op, 403894000.00 ns, 1.5407 us/op
WorkloadResult  100: 262144 op, 399739500.00 ns, 1.5249 us/op
// GC:  567 35 0 7111442432 262144
// Threading:  0 0 262144

// AfterAll
// Benchmark Process 6804 has exited with code 0.

Mean = 1.707 μs, StdErr = 0.019 μs (1.13%), N = 100, StdDev = 0.193 μs
Min = 1.520 μs, Q1 = 1.542 μs, Median = 1.560 μs, Q3 = 1.907 μs, Max = 2.115 μs
IQR = 0.365 μs, LowerFence = 0.994 μs, UpperFence = 2.455 μs
ConfidenceInterval = [1.642 μs; 1.773 μs] (CI 99.9%), Margin = 0.065 μs (3.83% of Mean)
Skewness = 0.45, Kurtosis = 1.39, MValue = 3.28

// ** Remained 4 (50.0%) benchmark(s) to run. Estimated finish 2026-09-21 2:32 (0h 1m from now) **
Setup power plan (GUID: 8c5e7fda-e8bf-4a96-9a85-a6e23a8c635c FriendlyName: High performance)
// **************************
// Benchmark: BenchMark.StringConcatenation: DefaultJob [Iterations=10000]
// *** Execute ***
// Launch: 1 / 1
// Execute: dotnet AcademyScheduleAnalyzer-DefaultJob-1.dll --anonymousPipes 1408 1528 --benchmarkName "BenchMark.StringConcatenation(Iterations: 10000)" --job Default --benchmarkId 4 in D:\Simulation Resources\Marwan-Haitham2142023-Assignment-4\AcademyScheduleAnalyzer\AcademyScheduleAnalyzer\bin\Release\net10.0\AcademyScheduleAnalyzer-DefaultJob-1\bin\Release\net10.0
// BeforeAnythingElse

// Benchmark Process Environment Information:
// BenchmarkDotNet v0.15.8
// Runtime=.NET 10.0.12 (10.0.12, 10.0.1226.42308), X64 RyuJIT x86-64-v3
// GC=Non-concurrent Workstation
// HardwareIntrinsics=AVX2+BMI1+BMI2+F16C+FMA+LZCNT+MOVBE,AVX,SSE3+SSSE3+SSE4.1+SSE4.2+POPCNT,X86Base+SSE+SSE2,AES+PCLMUL,AvxVnni,SERIALIZE VectorSize=256
// Job: DefaultJob

OverheadJitting  1: 1 op, 150400.00 ns, 150.4000 us/op
WorkloadJitting  1: 1 op, 29001000.00 ns, 29.0010 ms/op

OverheadJitting  2: 16 op, 371600.00 ns, 23.2250 us/op
WorkloadJitting  2: 16 op, 389053400.00 ns, 24.3158 ms/op

WorkloadPilot    1: 16 op, 389115700.00 ns, 24.3197 ms/op
WorkloadPilot    2: 32 op, 777340900.00 ns, 24.2919 ms/op

OverheadWarmup   1: 32 op, 1100.00 ns, 34.3750 ns/op
OverheadWarmup   2: 32 op, 800.00 ns, 25.0000 ns/op
OverheadWarmup   3: 32 op, 500.00 ns, 15.6250 ns/op
OverheadWarmup   4: 32 op, 500.00 ns, 15.6250 ns/op
OverheadWarmup   5: 32 op, 600.00 ns, 18.7500 ns/op
OverheadWarmup   6: 32 op, 600.00 ns, 18.7500 ns/op
OverheadWarmup   7: 32 op, 500.00 ns, 15.6250 ns/op

OverheadActual   1: 32 op, 500.00 ns, 15.6250 ns/op
OverheadActual   2: 32 op, 900.00 ns, 28.1250 ns/op
OverheadActual   3: 32 op, 500.00 ns, 15.6250 ns/op
OverheadActual   4: 32 op, 600.00 ns, 18.7500 ns/op
OverheadActual   5: 32 op, 500.00 ns, 15.6250 ns/op
OverheadActual   6: 32 op, 400.00 ns, 12.5000 ns/op
OverheadActual   7: 32 op, 500.00 ns, 15.6250 ns/op
OverheadActual   8: 32 op, 800.00 ns, 25.0000 ns/op
OverheadActual   9: 32 op, 500.00 ns, 15.6250 ns/op
OverheadActual  10: 32 op, 500.00 ns, 15.6250 ns/op
OverheadActual  11: 32 op, 500.00 ns, 15.6250 ns/op
OverheadActual  12: 32 op, 500.00 ns, 15.6250 ns/op
OverheadActual  13: 32 op, 600.00 ns, 18.7500 ns/op
OverheadActual  14: 32 op, 500.00 ns, 15.6250 ns/op
OverheadActual  15: 32 op, 600.00 ns, 18.7500 ns/op
OverheadActual  16: 32 op, 500.00 ns, 15.6250 ns/op
OverheadActual  17: 32 op, 500.00 ns, 15.6250 ns/op
OverheadActual  18: 32 op, 500.00 ns, 15.6250 ns/op
OverheadActual  19: 32 op, 700.00 ns, 21.8750 ns/op
OverheadActual  20: 32 op, 1000.00 ns, 31.2500 ns/op

WorkloadWarmup   1: 32 op, 767179300.00 ns, 23.9744 ms/op
WorkloadWarmup   2: 32 op, 781182700.00 ns, 24.4120 ms/op
WorkloadWarmup   3: 32 op, 766110600.00 ns, 23.9410 ms/op
WorkloadWarmup   4: 32 op, 770436900.00 ns, 24.0762 ms/op
WorkloadWarmup   5: 32 op, 761933900.00 ns, 23.8104 ms/op
WorkloadWarmup   6: 32 op, 771145000.00 ns, 24.0983 ms/op

// BeforeActualRun
WorkloadActual   1: 32 op, 774634500.00 ns, 24.2073 ms/op
WorkloadActual   2: 32 op, 767821600.00 ns, 23.9944 ms/op
WorkloadActual   3: 32 op, 773590500.00 ns, 24.1747 ms/op
WorkloadActual   4: 32 op, 757325300.00 ns, 23.6664 ms/op
WorkloadActual   5: 32 op, 761723700.00 ns, 23.8039 ms/op
WorkloadActual   6: 32 op, 762531700.00 ns, 23.8291 ms/op
WorkloadActual   7: 32 op, 765356700.00 ns, 23.9174 ms/op
WorkloadActual   8: 32 op, 765017300.00 ns, 23.9068 ms/op
WorkloadActual   9: 32 op, 770655400.00 ns, 24.0830 ms/op
WorkloadActual  10: 32 op, 772576000.00 ns, 24.1430 ms/op
WorkloadActual  11: 32 op, 763216700.00 ns, 23.8505 ms/op
WorkloadActual  12: 32 op, 775687200.00 ns, 24.2402 ms/op
WorkloadActual  13: 32 op, 786346600.00 ns, 24.5733 ms/op
WorkloadActual  14: 32 op, 762275300.00 ns, 23.8211 ms/op
WorkloadActual  15: 32 op, 770840500.00 ns, 24.0888 ms/op

// AfterActualRun
WorkloadResult   1: 32 op, 774634000.00 ns, 24.2073 ms/op
WorkloadResult   2: 32 op, 767821100.00 ns, 23.9944 ms/op
WorkloadResult   3: 32 op, 773590000.00 ns, 24.1747 ms/op
WorkloadResult   4: 32 op, 757324800.00 ns, 23.6664 ms/op
WorkloadResult   5: 32 op, 761723200.00 ns, 23.8039 ms/op
WorkloadResult   6: 32 op, 762531200.00 ns, 23.8291 ms/op
WorkloadResult   7: 32 op, 765356200.00 ns, 23.9174 ms/op
WorkloadResult   8: 32 op, 765016800.00 ns, 23.9068 ms/op
WorkloadResult   9: 32 op, 770654900.00 ns, 24.0830 ms/op
WorkloadResult  10: 32 op, 772575500.00 ns, 24.1430 ms/op
WorkloadResult  11: 32 op, 763216200.00 ns, 23.8505 ms/op
WorkloadResult  12: 32 op, 775686700.00 ns, 24.2402 ms/op
WorkloadResult  13: 32 op, 786346100.00 ns, 24.5733 ms/op
WorkloadResult  14: 32 op, 762274800.00 ns, 23.8211 ms/op
WorkloadResult  15: 32 op, 770840000.00 ns, 24.0888 ms/op
// GC:  2285 1555 1395 16010064000 32
// Threading:  0 0 32

// AfterAll
// Benchmark Process 6676 has exited with code 0.

Mean = 24.020 ms, StdErr = 0.059 ms (0.25%), N = 15, StdDev = 0.230 ms
Min = 23.666 ms, Q1 = 23.840 ms, Median = 23.994 ms, Q3 = 24.159 ms, Max = 24.573 ms
IQR = 0.319 ms, LowerFence = 23.361 ms, UpperFence = 24.637 ms
ConfidenceInterval = [23.775 ms; 24.265 ms] (CI 99.9%), Margin = 0.245 ms (1.02% of Mean)
Skewness = 0.64, Kurtosis = 2.88, MValue = 2

// ** Remained 3 (37.5%) benchmark(s) to run. Estimated finish 2026-09-21 2:31 (0h 1m from now) **
Setup power plan (GUID: 8c5e7fda-e8bf-4a96-9a85-a6e23a8c635c FriendlyName: High performance)
// **************************
// Benchmark: BenchMark.StringBuilderConcatenation: DefaultJob [Iterations=10000]
// *** Execute ***
// Launch: 1 / 1
// Execute: dotnet AcademyScheduleAnalyzer-DefaultJob-1.dll --anonymousPipes 952 1552 --benchmarkName "BenchMark.StringBuilderConcatenation(Iterations: 10000)" --job Default --benchmarkId 5 in D:\Simulation Resources\Marwan-Haitham2142023-Assignment-4\AcademyScheduleAnalyzer\AcademyScheduleAnalyzer\bin\Release\net10.0\AcademyScheduleAnalyzer-DefaultJob-1\bin\Release\net10.0
// BeforeAnythingElse

// Benchmark Process Environment Information:
// BenchmarkDotNet v0.15.8
// Runtime=.NET 10.0.12 (10.0.12, 10.0.1226.42308), X64 RyuJIT x86-64-v3
// GC=Non-concurrent Workstation
// HardwareIntrinsics=AVX2+BMI1+BMI2+F16C+FMA+LZCNT+MOVBE,AVX,SSE3+SSSE3+SSE4.1+SSE4.2+POPCNT,X86Base+SSE+SSE2,AES+PCLMUL,AvxVnni,SERIALIZE VectorSize=256
// Job: DefaultJob

OverheadJitting  1: 1 op, 155900.00 ns, 155.9000 us/op
WorkloadJitting  1: 1 op, 921000.00 ns, 921.0000 us/op

OverheadJitting  2: 16 op, 360300.00 ns, 22.5188 us/op
WorkloadJitting  2: 16 op, 1664400.00 ns, 104.0250 us/op

WorkloadPilot    1: 16 op, 1597600.00 ns, 99.8500 us/op
WorkloadPilot    2: 32 op, 2008100.00 ns, 62.7531 us/op
WorkloadPilot    3: 64 op, 4196800.00 ns, 65.5750 us/op
WorkloadPilot    4: 128 op, 7519200.00 ns, 58.7438 us/op
WorkloadPilot    5: 256 op, 14216200.00 ns, 55.5320 us/op
WorkloadPilot    6: 512 op, 27592600.00 ns, 53.8918 us/op
WorkloadPilot    7: 1024 op, 52166200.00 ns, 50.9436 us/op
WorkloadPilot    8: 2048 op, 99609100.00 ns, 48.6373 us/op
WorkloadPilot    9: 4096 op, 196320800.00 ns, 47.9299 us/op
WorkloadPilot   10: 8192 op, 367567600.00 ns, 44.8691 us/op
WorkloadPilot   11: 16384 op, 710173700.00 ns, 43.3456 us/op

OverheadWarmup   1: 16384 op, 74600.00 ns, 4.5532 ns/op
OverheadWarmup   2: 16384 op, 57100.00 ns, 3.4851 ns/op
OverheadWarmup   3: 16384 op, 74800.00 ns, 4.5654 ns/op
OverheadWarmup   4: 16384 op, 58200.00 ns, 3.5522 ns/op
OverheadWarmup   5: 16384 op, 59600.00 ns, 3.6377 ns/op
OverheadWarmup   6: 16384 op, 57700.00 ns, 3.5217 ns/op

OverheadActual   1: 16384 op, 59900.00 ns, 3.6560 ns/op
OverheadActual   2: 16384 op, 59300.00 ns, 3.6194 ns/op
OverheadActual   3: 16384 op, 57600.00 ns, 3.5156 ns/op
OverheadActual   4: 16384 op, 62500.00 ns, 3.8147 ns/op
OverheadActual   5: 16384 op, 60700.00 ns, 3.7048 ns/op
OverheadActual   6: 16384 op, 60300.00 ns, 3.6804 ns/op
OverheadActual   7: 16384 op, 61200.00 ns, 3.7354 ns/op
OverheadActual   8: 16384 op, 82500.00 ns, 5.0354 ns/op
OverheadActual   9: 16384 op, 94600.00 ns, 5.7739 ns/op
OverheadActual  10: 16384 op, 61700.00 ns, 3.7659 ns/op
OverheadActual  11: 16384 op, 93000.00 ns, 5.6763 ns/op
OverheadActual  12: 16384 op, 92400.00 ns, 5.6396 ns/op
OverheadActual  13: 16384 op, 92400.00 ns, 5.6396 ns/op
OverheadActual  14: 16384 op, 60300.00 ns, 3.6804 ns/op
OverheadActual  15: 16384 op, 91200.00 ns, 5.5664 ns/op
OverheadActual  16: 16384 op, 97000.00 ns, 5.9204 ns/op
OverheadActual  17: 16384 op, 66200.00 ns, 4.0405 ns/op
OverheadActual  18: 16384 op, 87700.00 ns, 5.3528 ns/op
OverheadActual  19: 16384 op, 95500.00 ns, 5.8289 ns/op
OverheadActual  20: 16384 op, 92400.00 ns, 5.6396 ns/op

WorkloadWarmup   1: 16384 op, 705425300.00 ns, 43.0557 us/op
WorkloadWarmup   2: 16384 op, 717011300.00 ns, 43.7629 us/op
WorkloadWarmup   3: 16384 op, 709365900.00 ns, 43.2963 us/op
WorkloadWarmup   4: 16384 op, 744285800.00 ns, 45.4276 us/op
WorkloadWarmup   5: 16384 op, 703355700.00 ns, 42.9294 us/op
WorkloadWarmup   6: 16384 op, 705613700.00 ns, 43.0672 us/op

// BeforeActualRun
WorkloadActual   1: 16384 op, 701744100.00 ns, 42.8311 us/op
WorkloadActual   2: 16384 op, 702396800.00 ns, 42.8709 us/op
WorkloadActual   3: 16384 op, 708991500.00 ns, 43.2734 us/op
WorkloadActual   4: 16384 op, 708047600.00 ns, 43.2158 us/op
WorkloadActual   5: 16384 op, 697530500.00 ns, 42.5739 us/op
WorkloadActual   6: 16384 op, 703056300.00 ns, 42.9112 us/op
WorkloadActual   7: 16384 op, 699161300.00 ns, 42.6734 us/op
WorkloadActual   8: 16384 op, 695602500.00 ns, 42.4562 us/op
WorkloadActual   9: 16384 op, 707381200.00 ns, 43.1751 us/op
WorkloadActual  10: 16384 op, 725966700.00 ns, 44.3095 us/op
WorkloadActual  11: 16384 op, 730480900.00 ns, 44.5850 us/op
WorkloadActual  12: 16384 op, 722905200.00 ns, 44.1226 us/op
WorkloadActual  13: 16384 op, 723300800.00 ns, 44.1468 us/op
WorkloadActual  14: 16384 op, 701996700.00 ns, 42.8465 us/op
WorkloadActual  15: 16384 op, 741353700.00 ns, 45.2486 us/op
WorkloadActual  16: 16384 op, 705758200.00 ns, 43.0761 us/op

// AfterActualRun
WorkloadResult   1: 16384 op, 701669750.00 ns, 42.8265 us/op
WorkloadResult   2: 16384 op, 702322450.00 ns, 42.8664 us/op
WorkloadResult   3: 16384 op, 708917150.00 ns, 43.2689 us/op
WorkloadResult   4: 16384 op, 707973250.00 ns, 43.2113 us/op
WorkloadResult   5: 16384 op, 697456150.00 ns, 42.5693 us/op
WorkloadResult   6: 16384 op, 702981950.00 ns, 42.9066 us/op
WorkloadResult   7: 16384 op, 699086950.00 ns, 42.6689 us/op
WorkloadResult   8: 16384 op, 695528150.00 ns, 42.4517 us/op
WorkloadResult   9: 16384 op, 707306850.00 ns, 43.1706 us/op
WorkloadResult  10: 16384 op, 725892350.00 ns, 44.3050 us/op
WorkloadResult  11: 16384 op, 730406550.00 ns, 44.5805 us/op
WorkloadResult  12: 16384 op, 722830850.00 ns, 44.1181 us/op
WorkloadResult  13: 16384 op, 723226450.00 ns, 44.1422 us/op
WorkloadResult  14: 16384 op, 701922350.00 ns, 42.8419 us/op
WorkloadResult  15: 16384 op, 741279350.00 ns, 45.2441 us/op
WorkloadResult  16: 16384 op, 705683850.00 ns, 43.0715 us/op
// GC:  511 511 511 3499138736 16384
// Threading:  0 0 16384

// AfterAll
// Benchmark Process 6340 has exited with code 0.

Mean = 43.390 μs, StdErr = 0.206 μs (0.47%), N = 16, StdDev = 0.824 μs
Min = 42.452 μs, Q1 = 42.838 μs, Median = 43.121 μs, Q3 = 44.124 μs, Max = 45.244 μs
IQR = 1.286 μs, LowerFence = 40.909 μs, UpperFence = 46.053 μs
ConfidenceInterval = [42.551 μs; 44.229 μs] (CI 99.9%), Margin = 0.839 μs (1.93% of Mean)
Skewness = 0.81, Kurtosis = 2.3, MValue = 2

// ** Remained 2 (25.0%) benchmark(s) to run. Estimated finish 2026-09-21 2:31 (0h 0m from now) **
Setup power plan (GUID: 8c5e7fda-e8bf-4a96-9a85-a6e23a8c635c FriendlyName: High performance)
// **************************
// Benchmark: BenchMark.StringConcatenation: DefaultJob [Iterations=100000]
// *** Execute ***
// Launch: 1 / 1
// Execute: dotnet AcademyScheduleAnalyzer-DefaultJob-1.dll --anonymousPipes 1532 1524 --benchmarkName "BenchMark.StringConcatenation(Iterations: 100000)" --job Default --benchmarkId 6 in D:\Simulation Resources\Marwan-Haitham2142023-Assignment-4\AcademyScheduleAnalyzer\AcademyScheduleAnalyzer\bin\Release\net10.0\AcademyScheduleAnalyzer-DefaultJob-1\bin\Release\net10.0
// BeforeAnythingElse

// Benchmark Process Environment Information:
// BenchmarkDotNet v0.15.8
// Runtime=.NET 10.0.12 (10.0.12, 10.0.1226.42308), X64 RyuJIT x86-64-v3
// GC=Non-concurrent Workstation
// HardwareIntrinsics=AVX2+BMI1+BMI2+F16C+FMA+LZCNT+MOVBE,AVX,SSE3+SSSE3+SSE4.1+SSE4.2+POPCNT,X86Base+SSE+SSE2,AES+PCLMUL,AvxVnni,SERIALIZE VectorSize=256
// Job: DefaultJob

OverheadJitting  1: 1 op, 159200.00 ns, 159.2000 us/op
WorkloadJitting  1: 1 op, 5248912100.00 ns, 5.2489 s/op

OverheadJitting  2: 1 op, 400.00 ns, 400.0000 ns/op
WorkloadJitting  2: 1 op, 5976201700.00 ns, 5.9762 s/op

WorkloadWarmup   1: 1 op, 6545821400.00 ns, 6.5458 s/op
WorkloadWarmup   2: 1 op, 5590798400.00 ns, 5.5908 s/op
WorkloadWarmup   3: 1 op, 5206094100.00 ns, 5.2061 s/op
WorkloadWarmup   4: 1 op, 5242694800.00 ns, 5.2427 s/op
WorkloadWarmup   5: 1 op, 5707659700.00 ns, 5.7077 s/op
WorkloadWarmup   6: 1 op, 6652897100.00 ns, 6.6529 s/op
WorkloadWarmup   7: 1 op, 5758217500.00 ns, 5.7582 s/op
WorkloadWarmup   8: 1 op, 5221699600.00 ns, 5.2217 s/op
WorkloadWarmup   9: 1 op, 5240047300.00 ns, 5.2400 s/op
WorkloadWarmup  10: 1 op, 5279461600.00 ns, 5.2795 s/op
WorkloadWarmup  11: 1 op, 5199113200.00 ns, 5.1991 s/op

// BeforeActualRun
WorkloadActual   1: 1 op, 5261825800.00 ns, 5.2618 s/op
WorkloadActual   2: 1 op, 5256310700.00 ns, 5.2563 s/op
WorkloadActual   3: 1 op, 5357451200.00 ns, 5.3575 s/op
WorkloadActual   4: 1 op, 6333036400.00 ns, 6.3330 s/op
WorkloadActual   5: 1 op, 6862845500.00 ns, 6.8628 s/op
WorkloadActual   6: 1 op, 6485609800.00 ns, 6.4856 s/op
WorkloadActual   7: 1 op, 5243118100.00 ns, 5.2431 s/op
WorkloadActual   8: 1 op, 5271723700.00 ns, 5.2717 s/op
WorkloadActual   9: 1 op, 5249952400.00 ns, 5.2500 s/op
WorkloadActual  10: 1 op, 5251416800.00 ns, 5.2514 s/op
WorkloadActual  11: 1 op, 5942426100.00 ns, 5.9424 s/op
WorkloadActual  12: 1 op, 6529074600.00 ns, 6.5291 s/op
WorkloadActual  13: 1 op, 6540600700.00 ns, 6.5406 s/op
WorkloadActual  14: 1 op, 6368065100.00 ns, 6.3681 s/op
WorkloadActual  15: 1 op, 5250190400.00 ns, 5.2502 s/op
WorkloadActual  16: 1 op, 5327318500.00 ns, 5.3273 s/op
WorkloadActual  17: 1 op, 5229090300.00 ns, 5.2291 s/op
WorkloadActual  18: 1 op, 5236310400.00 ns, 5.2363 s/op
WorkloadActual  19: 1 op, 5883615200.00 ns, 5.8836 s/op
WorkloadActual  20: 1 op, 6628927700.00 ns, 6.6289 s/op
WorkloadActual  21: 1 op, 5697803600.00 ns, 5.6978 s/op
WorkloadActual  22: 1 op, 5271624300.00 ns, 5.2716 s/op
WorkloadActual  23: 1 op, 5236607400.00 ns, 5.2366 s/op
WorkloadActual  24: 1 op, 5294141100.00 ns, 5.2941 s/op
WorkloadActual  25: 1 op, 5254428200.00 ns, 5.2544 s/op
WorkloadActual  26: 1 op, 5248211800.00 ns, 5.2482 s/op
WorkloadActual  27: 1 op, 5310005200.00 ns, 5.3100 s/op
WorkloadActual  28: 1 op, 5258236300.00 ns, 5.2582 s/op
WorkloadActual  29: 1 op, 5804154000.00 ns, 5.8042 s/op
WorkloadActual  30: 1 op, 6437671200.00 ns, 6.4377 s/op
WorkloadActual  31: 1 op, 5588080500.00 ns, 5.5881 s/op
WorkloadActual  32: 1 op, 5012232900.00 ns, 5.0122 s/op
WorkloadActual  33: 1 op, 5020260400.00 ns, 5.0203 s/op
WorkloadActual  34: 1 op, 5838052400.00 ns, 5.8381 s/op
WorkloadActual  35: 1 op, 6196203000.00 ns, 6.1962 s/op
WorkloadActual  36: 1 op, 6215024700.00 ns, 6.2150 s/op
WorkloadActual  37: 1 op, 6230106800.00 ns, 6.2301 s/op
WorkloadActual  38: 1 op, 5982073500.00 ns, 5.9821 s/op
WorkloadActual  39: 1 op, 4981126700.00 ns, 4.9811 s/op
WorkloadActual  40: 1 op, 5001118700.00 ns, 5.0011 s/op
WorkloadActual  41: 1 op, 4992272900.00 ns, 4.9923 s/op
WorkloadActual  42: 1 op, 5012744800.00 ns, 5.0127 s/op
WorkloadActual  43: 1 op, 5038739700.00 ns, 5.0387 s/op
WorkloadActual  44: 1 op, 5003797400.00 ns, 5.0038 s/op
WorkloadActual  45: 1 op, 5009929700.00 ns, 5.0099 s/op
WorkloadActual  46: 1 op, 5003949500.00 ns, 5.0039 s/op
WorkloadActual  47: 1 op, 5288643600.00 ns, 5.2886 s/op
WorkloadActual  48: 1 op, 6264362200.00 ns, 6.2644 s/op
WorkloadActual  49: 1 op, 6452984300.00 ns, 6.4530 s/op
WorkloadActual  50: 1 op, 5445904500.00 ns, 5.4459 s/op
WorkloadActual  51: 1 op, 5486468300.00 ns, 5.4865 s/op
WorkloadActual  52: 1 op, 5264640600.00 ns, 5.2646 s/op
WorkloadActual  53: 1 op, 5269631500.00 ns, 5.2696 s/op
WorkloadActual  54: 1 op, 5237847300.00 ns, 5.2378 s/op
WorkloadActual  55: 1 op, 5202841100.00 ns, 5.2028 s/op
WorkloadActual  56: 1 op, 5227037400.00 ns, 5.2270 s/op
WorkloadActual  57: 1 op, 5223685700.00 ns, 5.2237 s/op
WorkloadActual  58: 1 op, 5234745700.00 ns, 5.2347 s/op
WorkloadActual  59: 1 op, 5243151300.00 ns, 5.2432 s/op
WorkloadActual  60: 1 op, 5374435000.00 ns, 5.3744 s/op
WorkloadActual  61: 1 op, 5365920700.00 ns, 5.3659 s/op
WorkloadActual  62: 1 op, 5018642400.00 ns, 5.0186 s/op
WorkloadActual  63: 1 op, 5038040400.00 ns, 5.0380 s/op
WorkloadActual  64: 1 op, 5165195800.00 ns, 5.1652 s/op
WorkloadActual  65: 1 op, 5243157900.00 ns, 5.2432 s/op
WorkloadActual  66: 1 op, 5272175700.00 ns, 5.2722 s/op
WorkloadActual  67: 1 op, 5290801800.00 ns, 5.2908 s/op
WorkloadActual  68: 1 op, 5245133400.00 ns, 5.2451 s/op
WorkloadActual  69: 1 op, 5252784400.00 ns, 5.2528 s/op
WorkloadActual  70: 1 op, 5264465500.00 ns, 5.2645 s/op
WorkloadActual  71: 1 op, 5379208600.00 ns, 5.3792 s/op
WorkloadActual  72: 1 op, 5240173800.00 ns, 5.2402 s/op
WorkloadActual  73: 1 op, 5262483400.00 ns, 5.2625 s/op
WorkloadActual  74: 1 op, 5249346900.00 ns, 5.2493 s/op
WorkloadActual  75: 1 op, 5297102700.00 ns, 5.2971 s/op
WorkloadActual  76: 1 op, 5290207900.00 ns, 5.2902 s/op
WorkloadActual  77: 1 op, 5231271200.00 ns, 5.2313 s/op

// AfterActualRun
WorkloadResult   1: 1 op, 5261825800.00 ns, 5.2618 s/op
WorkloadResult   2: 1 op, 5256310700.00 ns, 5.2563 s/op
WorkloadResult   3: 1 op, 5357451200.00 ns, 5.3575 s/op
WorkloadResult   4: 1 op, 5243118100.00 ns, 5.2431 s/op
WorkloadResult   5: 1 op, 5271723700.00 ns, 5.2717 s/op
WorkloadResult   6: 1 op, 5249952400.00 ns, 5.2500 s/op
WorkloadResult   7: 1 op, 5251416800.00 ns, 5.2514 s/op
WorkloadResult   8: 1 op, 5942426100.00 ns, 5.9424 s/op
WorkloadResult   9: 1 op, 5250190400.00 ns, 5.2502 s/op
WorkloadResult  10: 1 op, 5327318500.00 ns, 5.3273 s/op
WorkloadResult  11: 1 op, 5229090300.00 ns, 5.2291 s/op
WorkloadResult  12: 1 op, 5236310400.00 ns, 5.2363 s/op
WorkloadResult  13: 1 op, 5883615200.00 ns, 5.8836 s/op
WorkloadResult  14: 1 op, 5697803600.00 ns, 5.6978 s/op
WorkloadResult  15: 1 op, 5271624300.00 ns, 5.2716 s/op
WorkloadResult  16: 1 op, 5236607400.00 ns, 5.2366 s/op
WorkloadResult  17: 1 op, 5294141100.00 ns, 5.2941 s/op
WorkloadResult  18: 1 op, 5254428200.00 ns, 5.2544 s/op
WorkloadResult  19: 1 op, 5248211800.00 ns, 5.2482 s/op
WorkloadResult  20: 1 op, 5310005200.00 ns, 5.3100 s/op
WorkloadResult  21: 1 op, 5258236300.00 ns, 5.2582 s/op
WorkloadResult  22: 1 op, 5804154000.00 ns, 5.8042 s/op
WorkloadResult  23: 1 op, 5588080500.00 ns, 5.5881 s/op
WorkloadResult  24: 1 op, 5012232900.00 ns, 5.0122 s/op
WorkloadResult  25: 1 op, 5020260400.00 ns, 5.0203 s/op
WorkloadResult  26: 1 op, 5838052400.00 ns, 5.8381 s/op
WorkloadResult  27: 1 op, 5982073500.00 ns, 5.9821 s/op
WorkloadResult  28: 1 op, 4981126700.00 ns, 4.9811 s/op
WorkloadResult  29: 1 op, 5001118700.00 ns, 5.0011 s/op
WorkloadResult  30: 1 op, 4992272900.00 ns, 4.9923 s/op
WorkloadResult  31: 1 op, 5012744800.00 ns, 5.0127 s/op
WorkloadResult  32: 1 op, 5038739700.00 ns, 5.0387 s/op
WorkloadResult  33: 1 op, 5003797400.00 ns, 5.0038 s/op
WorkloadResult  34: 1 op, 5009929700.00 ns, 5.0099 s/op
WorkloadResult  35: 1 op, 5003949500.00 ns, 5.0039 s/op
WorkloadResult  36: 1 op, 5288643600.00 ns, 5.2886 s/op
WorkloadResult  37: 1 op, 5445904500.00 ns, 5.4459 s/op
WorkloadResult  38: 1 op, 5486468300.00 ns, 5.4865 s/op
WorkloadResult  39: 1 op, 5264640600.00 ns, 5.2646 s/op
WorkloadResult  40: 1 op, 5269631500.00 ns, 5.2696 s/op
WorkloadResult  41: 1 op, 5237847300.00 ns, 5.2378 s/op
WorkloadResult  42: 1 op, 5202841100.00 ns, 5.2028 s/op
WorkloadResult  43: 1 op, 5227037400.00 ns, 5.2270 s/op
WorkloadResult  44: 1 op, 5223685700.00 ns, 5.2237 s/op
WorkloadResult  45: 1 op, 5234745700.00 ns, 5.2347 s/op
WorkloadResult  46: 1 op, 5243151300.00 ns, 5.2432 s/op
WorkloadResult  47: 1 op, 5374435000.00 ns, 5.3744 s/op
WorkloadResult  48: 1 op, 5365920700.00 ns, 5.3659 s/op
WorkloadResult  49: 1 op, 5018642400.00 ns, 5.0186 s/op
WorkloadResult  50: 1 op, 5038040400.00 ns, 5.0380 s/op
WorkloadResult  51: 1 op, 5165195800.00 ns, 5.1652 s/op
WorkloadResult  52: 1 op, 5243157900.00 ns, 5.2432 s/op
WorkloadResult  53: 1 op, 5272175700.00 ns, 5.2722 s/op
WorkloadResult  54: 1 op, 5290801800.00 ns, 5.2908 s/op
WorkloadResult  55: 1 op, 5245133400.00 ns, 5.2451 s/op
WorkloadResult  56: 1 op, 5252784400.00 ns, 5.2528 s/op
WorkloadResult  57: 1 op, 5264465500.00 ns, 5.2645 s/op
WorkloadResult  58: 1 op, 5379208600.00 ns, 5.3792 s/op
WorkloadResult  59: 1 op, 5240173800.00 ns, 5.2402 s/op
WorkloadResult  60: 1 op, 5262483400.00 ns, 5.2625 s/op
WorkloadResult  61: 1 op, 5249346900.00 ns, 5.2493 s/op
WorkloadResult  62: 1 op, 5297102700.00 ns, 5.2971 s/op
WorkloadResult  63: 1 op, 5290207900.00 ns, 5.2902 s/op
WorkloadResult  64: 1 op, 5231271200.00 ns, 5.2313 s/op
// GC:  14275 14252 14247 50007745632 1
// Threading:  0 0 1

// AfterAll
// Benchmark Process 25188 has exited with code 0.

Mean = 5.285 s, StdErr = 0.028 s (0.53%), N = 64, StdDev = 0.225 s
Min = 4.981 s, Q1 = 5.229 s, Median = 5.252 s, Q3 = 5.295 s, Max = 5.982 s
IQR = 0.066 s, LowerFence = 5.129 s, UpperFence = 5.394 s
ConfidenceInterval = [5.188 s; 5.382 s] (CI 99.9%), Margin = 0.097 s (1.83% of Mean)
Skewness = 1.39, Kurtosis = 5.07, MValue = 2

// ** Remained 1 (12.5%) benchmark(s) to run. Estimated finish 2026-09-21 2:40 (0h 1m from now) **
Setup power plan (GUID: 8c5e7fda-e8bf-4a96-9a85-a6e23a8c635c FriendlyName: High performance)
// **************************
// Benchmark: BenchMark.StringBuilderConcatenation: DefaultJob [Iterations=100000]
// *** Execute ***
// Launch: 1 / 1
// Execute: dotnet AcademyScheduleAnalyzer-DefaultJob-1.dll --anonymousPipes 1476 1580 --benchmarkName "BenchMark.StringBuilderConcatenation(Iterations: 100000)" --job Default --benchmarkId 7 in D:\Simulation Resources\Marwan-Haitham2142023-Assignment-4\AcademyScheduleAnalyzer\AcademyScheduleAnalyzer\bin\Release\net10.0\AcademyScheduleAnalyzer-DefaultJob-1\bin\Release\net10.0
// BeforeAnythingElse

// Benchmark Process Environment Information:
// BenchmarkDotNet v0.15.8
// Runtime=.NET 10.0.12 (10.0.12, 10.0.1226.42308), X64 RyuJIT x86-64-v3
// GC=Non-concurrent Workstation
// HardwareIntrinsics=AVX2+BMI1+BMI2+F16C+FMA+LZCNT+MOVBE,AVX,SSE3+SSSE3+SSE4.1+SSE4.2+POPCNT,X86Base+SSE+SSE2,AES+PCLMUL,AvxVnni,SERIALIZE VectorSize=256
// Job: DefaultJob

OverheadJitting  1: 1 op, 150500.00 ns, 150.5000 us/op
WorkloadJitting  1: 1 op, 1580000.00 ns, 1.5800 ms/op

OverheadJitting  2: 16 op, 325900.00 ns, 20.3688 us/op
WorkloadJitting  2: 16 op, 9286600.00 ns, 580.4125 us/op

WorkloadPilot    1: 16 op, 8595600.00 ns, 537.2250 us/op
WorkloadPilot    2: 32 op, 15549100.00 ns, 485.9094 us/op
WorkloadPilot    3: 64 op, 30793600.00 ns, 481.1500 us/op
WorkloadPilot    4: 128 op, 58425000.00 ns, 456.4453 us/op
WorkloadPilot    5: 256 op, 113522900.00 ns, 443.4488 us/op
WorkloadPilot    6: 512 op, 220798800.00 ns, 431.2477 us/op
WorkloadPilot    7: 1024 op, 461135500.00 ns, 450.3276 us/op
WorkloadPilot    8: 2048 op, 914464800.00 ns, 446.5160 us/op

OverheadWarmup   1: 2048 op, 8200.00 ns, 4.0039 ns/op
OverheadWarmup   2: 2048 op, 9300.00 ns, 4.5410 ns/op
OverheadWarmup   3: 2048 op, 7600.00 ns, 3.7109 ns/op
OverheadWarmup   4: 2048 op, 7600.00 ns, 3.7109 ns/op
OverheadWarmup   5: 2048 op, 7700.00 ns, 3.7598 ns/op

OverheadActual   1: 2048 op, 7900.00 ns, 3.8574 ns/op
OverheadActual   2: 2048 op, 7900.00 ns, 3.8574 ns/op
OverheadActual   3: 2048 op, 7600.00 ns, 3.7109 ns/op
OverheadActual   4: 2048 op, 53600.00 ns, 26.1719 ns/op
OverheadActual   5: 2048 op, 7800.00 ns, 3.8086 ns/op
OverheadActual   6: 2048 op, 7800.00 ns, 3.8086 ns/op
OverheadActual   7: 2048 op, 8000.00 ns, 3.9063 ns/op
OverheadActual   8: 2048 op, 7700.00 ns, 3.7598 ns/op
OverheadActual   9: 2048 op, 7600.00 ns, 3.7109 ns/op
OverheadActual  10: 2048 op, 7500.00 ns, 3.6621 ns/op
OverheadActual  11: 2048 op, 7500.00 ns, 3.6621 ns/op
OverheadActual  12: 2048 op, 7800.00 ns, 3.8086 ns/op
OverheadActual  13: 2048 op, 7700.00 ns, 3.7598 ns/op
OverheadActual  14: 2048 op, 7300.00 ns, 3.5645 ns/op
OverheadActual  15: 2048 op, 7300.00 ns, 3.5645 ns/op

WorkloadWarmup   1: 2048 op, 907903600.00 ns, 443.3123 us/op
WorkloadWarmup   2: 2048 op, 1485061100.00 ns, 725.1275 us/op
WorkloadWarmup   3: 2048 op, 1611755700.00 ns, 786.9901 us/op
WorkloadWarmup   4: 2048 op, 1639643600.00 ns, 800.6072 us/op
WorkloadWarmup   5: 2048 op, 1500233200.00 ns, 732.5357 us/op
WorkloadWarmup   6: 2048 op, 893552000.00 ns, 436.3047 us/op
WorkloadWarmup   7: 2048 op, 873210100.00 ns, 426.3721 us/op
WorkloadWarmup   8: 2048 op, 881428600.00 ns, 430.3851 us/op
WorkloadWarmup   9: 2048 op, 858233300.00 ns, 419.0592 us/op

// BeforeActualRun
WorkloadActual   1: 2048 op, 865443600.00 ns, 422.5799 us/op
WorkloadActual   2: 2048 op, 911711300.00 ns, 445.1715 us/op
WorkloadActual   3: 2048 op, 883219000.00 ns, 431.2593 us/op
WorkloadActual   4: 2048 op, 884568700.00 ns, 431.9183 us/op
WorkloadActual   5: 2048 op, 900522100.00 ns, 439.7081 us/op
WorkloadActual   6: 2048 op, 889623700.00 ns, 434.3866 us/op
WorkloadActual   7: 2048 op, 890099400.00 ns, 434.6188 us/op
WorkloadActual   8: 2048 op, 889254400.00 ns, 434.2063 us/op
WorkloadActual   9: 2048 op, 871968700.00 ns, 425.7660 us/op
WorkloadActual  10: 2048 op, 876692000.00 ns, 428.0723 us/op
WorkloadActual  11: 2048 op, 862971500.00 ns, 421.3728 us/op
WorkloadActual  12: 2048 op, 889700200.00 ns, 434.4239 us/op
WorkloadActual  13: 2048 op, 891434200.00 ns, 435.2706 us/op
WorkloadActual  14: 2048 op, 1572415300.00 ns, 767.7809 us/op
WorkloadActual  15: 2048 op, 1645456300.00 ns, 803.4455 us/op

// AfterActualRun
WorkloadResult   1: 2048 op, 865435900.00 ns, 422.5761 us/op
WorkloadResult   2: 2048 op, 911703600.00 ns, 445.1678 us/op
WorkloadResult   3: 2048 op, 883211300.00 ns, 431.2555 us/op
WorkloadResult   4: 2048 op, 884561000.00 ns, 431.9146 us/op
WorkloadResult   5: 2048 op, 900514400.00 ns, 439.7043 us/op
WorkloadResult   6: 2048 op, 889616000.00 ns, 434.3828 us/op
WorkloadResult   7: 2048 op, 890091700.00 ns, 434.6151 us/op
WorkloadResult   8: 2048 op, 889246700.00 ns, 434.2025 us/op
WorkloadResult   9: 2048 op, 871961000.00 ns, 425.7622 us/op
WorkloadResult  10: 2048 op, 876684300.00 ns, 428.0685 us/op
WorkloadResult  11: 2048 op, 862963800.00 ns, 421.3690 us/op
WorkloadResult  12: 2048 op, 889692500.00 ns, 434.4202 us/op
WorkloadResult  13: 2048 op, 891426500.00 ns, 435.2668 us/op
// GC:  511 511 511 4124008112 2048
// Threading:  0 0 2048

// AfterAll
// Benchmark Process 21968 has exited with code 0.

Mean = 432.208 μs, StdErr = 1.831 μs (0.42%), N = 13, StdDev = 6.601 μs
Min = 421.369 μs, Q1 = 428.069 μs, Median = 434.202 μs, Q3 = 434.615 μs, Max = 445.168 μs
IQR = 6.547 μs, LowerFence = 418.249 μs, UpperFence = 444.435 μs
ConfidenceInterval = [424.303 μs; 440.113 μs] (CI 99.9%), Margin = 7.905 μs (1.83% of Mean)
Skewness = 0.04, Kurtosis = 2.27, MValue = 2

// ** Remained 0 (0.0%) benchmark(s) to run. Estimated finish 2026-09-21 2:39 (0h 0m from now) **
Successfully reverted power plan (GUID: 8c5e7fda-e8bf-4a96-9a85-a6e23a8c635c FriendlyName: High performance)
// ***** BenchmarkRunner: Finish  *****

// * Export *
  BenchmarkDotNet.Artifacts\results\BenchMark-report.csv
  BenchmarkDotNet.Artifacts\results\BenchMark-report-github.md
  BenchmarkDotNet.Artifacts\results\BenchMark-report.html

// * Detailed results *
BenchMark.StringConcatenation: DefaultJob [Iterations=100]
Runtime = .NET 10.0.12 (10.0.12, 10.0.1226.42308), X64 RyuJIT x86-64-v3; GC = Non-concurrent Workstation
Mean = 2.146 μs, StdErr = 0.008 μs (0.40%), N = 14, StdDev = 0.032 μs
Min = 2.098 μs, Q1 = 2.116 μs, Median = 2.144 μs, Q3 = 2.175 μs, Max = 2.186 μs
IQR = 0.059 μs, LowerFence = 2.028 μs, UpperFence = 2.263 μs
ConfidenceInterval = [2.110 μs; 2.182 μs] (CI 99.9%), Margin = 0.036 μs (1.67% of Mean)
Skewness = -0.03, Kurtosis = 1.18, MValue = 2
-------------------- Histogram --------------------
[2.090 μs ; 2.158 μs) | @@@@@@@@
[2.158 μs ; 2.203 μs) | @@@@@@
---------------------------------------------------

BenchMark.StringBuilderConcatenation: DefaultJob [Iterations=100]
Runtime = .NET 10.0.12 (10.0.12, 10.0.1226.42308), X64 RyuJIT x86-64-v3; GC = Non-concurrent Workstation
Mean = 203.238 ns, StdErr = 0.548 ns (0.27%), N = 19, StdDev = 2.390 ns
Min = 199.129 ns, Q1 = 201.567 ns, Median = 203.274 ns, Q3 = 205.075 ns, Max = 206.798 ns
IQR = 3.507 ns, LowerFence = 196.306 ns, UpperFence = 210.336 ns
ConfidenceInterval = [201.088 ns; 205.388 ns] (CI 99.9%), Margin = 2.150 ns (1.06% of Mean)
Skewness = -0.22, Kurtosis = 1.79, MValue = 2
-------------------- Histogram --------------------
[197.953 ns ; 207.974 ns) | @@@@@@@@@@@@@@@@@@@
---------------------------------------------------

BenchMark.StringConcatenation: DefaultJob [Iterations=1000]
Runtime = .NET 10.0.12 (10.0.12, 10.0.1226.42308), X64 RyuJIT x86-64-v3; GC = Non-concurrent Workstation
Mean = 167.176 μs, StdErr = 0.668 μs (0.40%), N = 14, StdDev = 2.500 μs
Min = 162.130 μs, Q1 = 165.892 μs, Median = 166.853 μs, Q3 = 167.518 μs, Max = 171.830 μs
IQR = 1.626 μs, LowerFence = 163.453 μs, UpperFence = 169.957 μs
ConfidenceInterval = [164.356 μs; 169.995 μs] (CI 99.9%), Margin = 2.820 μs (1.69% of Mean)
Skewness = 0.21, Kurtosis = 2.67, MValue = 2
-------------------- Histogram --------------------
[160.769 μs ; 164.772 μs) | @
[164.772 μs ; 172.734 μs) | @@@@@@@@@@@@@
---------------------------------------------------

BenchMark.StringBuilderConcatenation: DefaultJob [Iterations=1000]
Runtime = .NET 10.0.12 (10.0.12, 10.0.1226.42308), X64 RyuJIT x86-64-v3; GC = Non-concurrent Workstation
Mean = 1.707 μs, StdErr = 0.019 μs (1.13%), N = 100, StdDev = 0.193 μs
Min = 1.520 μs, Q1 = 1.542 μs, Median = 1.560 μs, Q3 = 1.907 μs, Max = 2.115 μs
IQR = 0.365 μs, LowerFence = 0.994 μs, UpperFence = 2.455 μs
ConfidenceInterval = [1.642 μs; 1.773 μs] (CI 99.9%), Margin = 0.065 μs (3.83% of Mean)
Skewness = 0.45, Kurtosis = 1.39, MValue = 3.28
-------------------- Histogram --------------------
[1.516 μs ; 1.624 μs) | @@@@@@@@@@@@@@@@@@@@@@@@@@@@@@@@@@@@@@@@@@@@@@@@@@@@@@@@@@
[1.624 μs ; 1.733 μs) | 
[1.733 μs ; 1.772 μs) | 
[1.772 μs ; 1.885 μs) | @@@@@@@@@@
[1.885 μs ; 1.994 μs) | @@@@@@@@@@@@@@@@@@@@@@@@@@@
[1.994 μs ; 2.062 μs) | @@@@
[2.062 μs ; 2.169 μs) | @
---------------------------------------------------

BenchMark.StringConcatenation: DefaultJob [Iterations=10000]
Runtime = .NET 10.0.12 (10.0.12, 10.0.1226.42308), X64 RyuJIT x86-64-v3; GC = Non-concurrent Workstation
Mean = 24.020 ms, StdErr = 0.059 ms (0.25%), N = 15, StdDev = 0.230 ms
Min = 23.666 ms, Q1 = 23.840 ms, Median = 23.994 ms, Q3 = 24.159 ms, Max = 24.573 ms
IQR = 0.319 ms, LowerFence = 23.361 ms, UpperFence = 24.637 ms
ConfidenceInterval = [23.775 ms; 24.265 ms] (CI 99.9%), Margin = 0.245 ms (1.02% of Mean)
Skewness = 0.64, Kurtosis = 2.88, MValue = 2
-------------------- Histogram --------------------
[23.660 ms ; 24.696 ms) | @@@@@@@@@@@@@@@
---------------------------------------------------

BenchMark.StringBuilderConcatenation: DefaultJob [Iterations=10000]
Runtime = .NET 10.0.12 (10.0.12, 10.0.1226.42308), X64 RyuJIT x86-64-v3; GC = Non-concurrent Workstation
Mean = 43.390 μs, StdErr = 0.206 μs (0.47%), N = 16, StdDev = 0.824 μs
Min = 42.452 μs, Q1 = 42.838 μs, Median = 43.121 μs, Q3 = 44.124 μs, Max = 45.244 μs
IQR = 1.286 μs, LowerFence = 40.909 μs, UpperFence = 46.053 μs
ConfidenceInterval = [42.551 μs; 44.229 μs] (CI 99.9%), Margin = 0.839 μs (1.93% of Mean)
Skewness = 0.81, Kurtosis = 2.3, MValue = 2
-------------------- Histogram --------------------
[42.431 μs ; 43.906 μs) | @@@@@@@@@@@
[43.906 μs ; 45.673 μs) | @@@@@
---------------------------------------------------

BenchMark.StringConcatenation: DefaultJob [Iterations=100000]
Runtime = .NET 10.0.12 (10.0.12, 10.0.1226.42308), X64 RyuJIT x86-64-v3; GC = Non-concurrent Workstation
Mean = 5.285 s, StdErr = 0.028 s (0.53%), N = 64, StdDev = 0.225 s
Min = 4.981 s, Q1 = 5.229 s, Median = 5.252 s, Q3 = 5.295 s, Max = 5.982 s
IQR = 0.066 s, LowerFence = 5.129 s, UpperFence = 5.394 s
ConfidenceInterval = [5.188 s; 5.382 s] (CI 99.9%), Margin = 0.097 s (1.83% of Mean)
Skewness = 1.39, Kurtosis = 5.07, MValue = 2
-------------------- Histogram --------------------
[4.936 s ; 5.084 s) | @@@@@@@@@@@@
[5.084 s ; 5.221 s) | @@
[5.221 s ; 5.369 s) | @@@@@@@@@@@@@@@@@@@@@@@@@@@@@@@@@@@@@@@
[5.369 s ; 5.569 s) | @@@@
[5.569 s ; 5.717 s) | @@
[5.717 s ; 6.056 s) | @@@@@
---------------------------------------------------

BenchMark.StringBuilderConcatenation: DefaultJob [Iterations=100000]
Runtime = .NET 10.0.12 (10.0.12, 10.0.1226.42308), X64 RyuJIT x86-64-v3; GC = Non-concurrent Workstation
Mean = 432.208 μs, StdErr = 1.831 μs (0.42%), N = 13, StdDev = 6.601 μs
Min = 421.369 μs, Q1 = 428.069 μs, Median = 434.202 μs, Q3 = 434.615 μs, Max = 445.168 μs
IQR = 6.547 μs, LowerFence = 418.249 μs, UpperFence = 444.435 μs
ConfidenceInterval = [424.303 μs; 440.113 μs] (CI 99.9%), Margin = 7.905 μs (1.83% of Mean)
Skewness = 0.04, Kurtosis = 2.27, MValue = 2
-------------------- Histogram --------------------
[419.330 μs ; 435.984 μs) | @@@@@@@@@@@
[435.984 μs ; 446.860 μs) | @@
---------------------------------------------------

// * Summary *

BenchmarkDotNet v0.15.8, Windows 11 (10.0.26200.9457/25H2/2025Update/HudsonValley2)
13th Gen Intel Core i7-13700H 2.40GHz, 1 CPU, 20 logical and 14 physical cores
.NET SDK 10.0.401
  [Host]     : .NET 10.0.12 (10.0.12, 10.0.1226.42308), X64 RyuJIT x86-64-v3
  DefaultJob : .NET 10.0.12 (10.0.12, 10.0.1226.42308), X64 RyuJIT x86-64-v3


| Method                     | Iterations | Mean               | Error            | StdDev            | Median             | Gen0          | Gen1          | Gen2          | Allocated      |
|--------------------------- |----------- |-------------------:|-----------------:|------------------:|-------------------:|--------------:|--------------:|--------------:|---------------:|
| StringConcatenation        | 100        |         2,145.9 ns |         35.82 ns |          31.75 ns |         2,143.8 ns |        4.2191 |        0.0076 |             - |       51.73 KB |
| StringBuilderConcatenation | 100        |           203.2 ns |          2.15 ns |           2.39 ns |           203.3 ns |        0.1974 |             - |             - |        2.42 KB |
| StringConcatenation        | 1000       |       167,175.6 ns |      2,819.62 ns |       2,499.52 ns |       166,852.6 ns |      400.8789 |       10.0098 |             - |     4912.08 KB |
| StringBuilderConcatenation | 1000       |         1,707.3 ns |         65.30 ns |         192.55 ns |         1,560.5 ns |        2.1629 |        0.1335 |             - |       26.49 KB |
| StringConcatenation        | 10000      |    24,019,982.3 ns |    245,448.18 ns |     229,592.38 ns |    23,994,409.4 ns |    71406.2500 |    48593.7500 |    43593.7500 |   488588.38 KB |
| StringBuilderConcatenation | 10000      |        43,390.2 ns |        838.96 ns |         823.97 ns |        43,121.1 ns |       31.1890 |       31.1890 |       31.1890 |      208.56 KB |
| StringConcatenation        | 100000     | 5,284,773,204.7 ns | 96,944,441.34 ns | 224,683,500.99 ns | 5,252,100,600.0 ns | 14275000.0000 | 14252000.0000 | 14247000.0000 | 48835689.09 KB |
| StringBuilderConcatenation | 100000     |       432,208.1 ns |      7,904.63 ns |       6,600.73 ns |       434,202.5 ns |      249.5117 |      249.5117 |      249.5117 |     1966.48 KB |

// * Warnings *
MultimodalDistribution
  BenchMark.StringBuilderConcatenation: Default -> It seems that the distribution is bimodal (mValue = 3.28)

// * Hints *
Outliers
  BenchMark.StringConcatenation: Default        -> 1 outlier  was  removed (2.38 μs)
  BenchMark.StringBuilderConcatenation: Default -> 6 outliers were removed (228.00 ns..269.45 ns)
  BenchMark.StringConcatenation: Default        -> 1 outlier  was  removed (180.52 μs)
  BenchMark.StringConcatenation: Default        -> 13 outliers were removed (6.20 s..6.86 s)
  BenchMark.StringBuilderConcatenation: Default -> 2 outliers were removed (767.78 μs, 803.45 μs)

// * Legends *
  Iterations : Value of the 'Iterations' parameter
  Mean       : Arithmetic mean of all measurements
  Error      : Half of 99.9% confidence interval
  StdDev     : Standard deviation of all measurements
  Median     : Value separating the higher half of all measurements (50th percentile)
  Gen0       : GC Generation 0 collects per 1000 operations
  Gen1       : GC Generation 1 collects per 1000 operations
  Gen2       : GC Generation 2 collects per 1000 operations
  Allocated  : Allocated memory per single operation (managed only, inclusive, 1KB = 1024B)
  1 ns       : 1 Nanosecond (0.000000001 sec)

// * Diagnostic Output - MemoryDiagnoser *


// ***** BenchmarkRunner: End *****
Run time: 00:11:12 (672.6 sec), executed benchmarks: 8

Global total time: 00:11:26 (686.52 sec), executed benchmarks: 8
// * Artifacts cleanup *
Artifacts cleanup is finished
